Archive member included to satisfy reference by file (symbol)

c:/st/stm32cubeide_1.8.0/stm32cubeide/plugins/com.st.stm32cube.ide.mcu.externaltools.gnu-tools-for-stm32.9-2020-q2-update.win32_2.0.0.202105311346/tools/bin/../lib/gcc/arm-none-eabi/9.3.1/../../../../arm-none-eabi/lib/thumb/v7e-m+fp/hard\libc_nano.a(lib_a-errno.o)
                              ./Core/Src/syscalls.o (__errno)
c:/st/stm32cubeide_1.8.0/stm32cubeide/plugins/com.st.stm32cube.ide.mcu.externaltools.gnu-tools-for-stm32.9-2020-q2-update.win32_2.0.0.202105311346/tools/bin/../lib/gcc/arm-none-eabi/9.3.1/../../../../arm-none-eabi/lib/thumb/v7e-m+fp/hard\libc_nano.a(lib_a-exit.o)
                              c:/st/stm32cubeide_1.8.0/stm32cubeide/plugins/com.st.stm32cube.ide.mcu.externaltools.gnu-tools-for-stm32.9-2020-q2-update.win32_2.0.0.202105311346/tools/bin/../lib/gcc/arm-none-eabi/9.3.1/../../../../arm-none-eabi/lib/thumb/v7e-m+fp/hard/crt0.o (exit)
c:/st/stm32cubeide_1.8.0/stm32cubeide/plugins/com.st.stm32cube.ide.mcu.externaltools.gnu-tools-for-stm32.9-2020-q2-update.win32_2.0.0.202105311346/tools/bin/../lib/gcc/arm-none-eabi/9.3.1/../../../../arm-none-eabi/lib/thumb/v7e-m+fp/hard\libc_nano.a(lib_a-fclose.o)
                              ./Core/Src/seed.o (fclose)
c:/st/stm32cubeide_1.8.0/stm32cubeide/plugins/com.st.stm32cube.ide.mcu.externaltools.gnu-tools-for-stm32.9-2020-q2-update.win32_2.0.0.202105311346/tools/bin/../lib/gcc/arm-none-eabi/9.3.1/../../../../arm-none-eabi/lib/thumb/v7e-m+fp/hard\libc_nano.a(lib_a-fflush.o)
                              c:/st/stm32cubeide_1.8.0/stm32cubeide/plugins/com.st.stm32cube.ide.mcu.externaltools.gnu-tools-for-stm32.9-2020-q2-update.win32_2.0.0.202105311346/tools/bin/../lib/gcc/arm-none-eabi/9.3.1/../../../../arm-none-eabi/lib/thumb/v7e-m+fp/hard\libc_nano.a(lib_a-fclose.o) (__sflush_r)
c:/st/stm32cubeide_1.8.0/stm32cubeide/plugins/com.st.stm32cube.ide.mcu.externaltools.gnu-tools-for-stm32.9-2020-q2-update.win32_2.0.0.202105311346/tools/bin/../lib/gcc/arm-none-eabi/9.3.1/../../../../arm-none-eabi/lib/thumb/v7e-m+fp/hard\libc_nano.a(lib_a-findfp.o)
                              c:/st/stm32cubeide_1.8.0/stm32cubeide/plugins/com.st.stm32cube.ide.mcu.externaltools.gnu-tools-for-stm32.9-2020-q2-update.win32_2.0.0.202105311346/tools/bin/../lib/gcc/arm-none-eabi/9.3.1/../../../../arm-none-eabi/lib/thumb/v7e-m+fp/hard\libc_nano.a(lib_a-fclose.o) (__sfp_lock_acquire)
c:/st/stm32cubeide_1.8.0/stm32cubeide/plugins/com.st.stm32cube.ide.mcu.externaltools.gnu-tools-for-stm32.9-2020-q2-update.win32_2.0.0.202105311346/tools/bin/../lib/gcc/arm-none-eabi/9.3.1/../../../../arm-none-eabi/lib/thumb/v7e-m+fp/hard\libc_nano.a(lib_a-fopen.o)
                              ./Core/Src/seed.o (fopen)
c:/st/stm32cubeide_1.8.0/stm32cubeide/plugins/com.st.stm32cube.ide.mcu.externaltools.gnu-tools-for-stm32.9-2020-q2-update.win32_2.0.0.202105311346/tools/bin/../lib/gcc/arm-none-eabi/9.3.1/../../../../arm-none-eabi/lib/thumb/v7e-m+fp/hard\libc_nano.a(lib_a-fread.o)
                              ./Core/Src/seed.o (fread)
c:/st/stm32cubeide_1.8.0/stm32cubeide/plugins/com.st.stm32cube.ide.mcu.externaltools.gnu-tools-for-stm32.9-2020-q2-update.win32_2.0.0.202105311346/tools/bin/../lib/gcc/arm-none-eabi/9.3.1/../../../../arm-none-eabi/lib/thumb/v7e-m+fp/hard\libc_nano.a(lib_a-fseek.o)
                              c:/st/stm32cubeide_1.8.0/stm32cubeide/plugins/com.st.stm32cube.ide.mcu.externaltools.gnu-tools-for-stm32.9-2020-q2-update.win32_2.0.0.202105311346/tools/bin/../lib/gcc/arm-none-eabi/9.3.1/../../../../arm-none-eabi/lib/thumb/v7e-m+fp/hard\libc_nano.a(lib_a-fopen.o) (_fseek_r)
c:/st/stm32cubeide_1.8.0/stm32cubeide/plugins/com.st.stm32cube.ide.mcu.externaltools.gnu-tools-for-stm32.9-2020-q2-update.win32_2.0.0.202105311346/tools/bin/../lib/gcc/arm-none-eabi/9.3.1/../../../../arm-none-eabi/lib/thumb/v7e-m+fp/hard\libc_nano.a(lib_a-fseeko.o)
                              c:/st/stm32cubeide_1.8.0/stm32cubeide/plugins/com.st.stm32cube.ide.mcu.externaltools.gnu-tools-for-stm32.9-2020-q2-update.win32_2.0.0.202105311346/tools/bin/../lib/gcc/arm-none-eabi/9.3.1/../../../../arm-none-eabi/lib/thumb/v7e-m+fp/hard\libc_nano.a(lib_a-fseek.o) (_fseeko_r)
c:/st/stm32cubeide_1.8.0/stm32cubeide/plugins/com.st.stm32cube.ide.mcu.externaltools.gnu-tools-for-stm32.9-2020-q2-update.win32_2.0.0.202105311346/tools/bin/../lib/gcc/arm-none-eabi/9.3.1/../../../../arm-none-eabi/lib/thumb/v7e-m+fp/hard\libc_nano.a(lib_a-ftello.o)
                              c:/st/stm32cubeide_1.8.0/stm32cubeide/plugins/com.st.stm32cube.ide.mcu.externaltools.gnu-tools-for-stm32.9-2020-q2-update.win32_2.0.0.202105311346/tools/bin/../lib/gcc/arm-none-eabi/9.3.1/../../../../arm-none-eabi/lib/thumb/v7e-m+fp/hard\libc_nano.a(lib_a-fseeko.o) (_ftello_r)
[...]
Memory Configuration

Name             Origin             Length             Attributes
CCMRAM           0x0000000010000000 0x0000000000010000 xrw
RAM              0x0000000020000000 0x0000000000020000 xrw
FLASH            0x0000000008020000 0x0000000000040000 xr
*default*        0x0000000000000000 0xffffffffffffffff

Linker script and memory map

LOAD c:/st/stm32cubeide_1.8.0/stm32cubeide/plugins/com.st.stm32cube.ide.mcu.externaltools.gnu-tools-for-stm32.9-2020-q2-update.win32_2.0.0.202105311346/tools/bin/../lib/gcc/arm-none-eabi/9.3.1/thumb/v7e-m+fp/hard/crti.o
LOAD c:/st/stm32cubeide_1.8.0/stm32cubeide/plugins/com.st.stm32cube.ide.mcu.externaltools.gnu-tools-for-stm32.9-2020-q2-update.win32_2.0.0.202105311346/tools/bin/../lib/gcc/arm-none-eabi/9.3.1/thumb/v7e-m+fp/hard/crtbegin.o
LOAD c:/st/stm32cubeide_1.8.0/stm32cubeide/plugins/com.st.stm32cube.ide.mcu.externaltools.gnu-tools-for-stm32.9-2020-q2-update.win32_2.0.0.202105311346/tools/bin/../lib/gcc/arm-none-eabi/9.3.1/../../../../arm-none-eabi/lib/thumb/v7e-m+fp/hard/crt0.o
LOAD ./Core/Src/CRC32.o
LOAD ./Core/Src/ChaCha20.o
LOAD ./Core/Src/Ex_Flash.o
LOAD ./Core/Src/Frame.o
LOAD ./Core/Src/My_SDCard.o
LOAD ./Core/Src/WQ25xx.o
LOAD ./Core/Src/add_scalar.o
LOAD ./Core/Src/fe.o
LOAD ./Core/Src/ge.o
LOAD ./Core/Src/key_exchange.o
LOAD ./Core/Src/keypair.o
LOAD ./Core/Src/main.o
LOAD ./Core/Src/sc.o
LOAD ./Core/Src/seed.o
LOAD ./Core/Src/sha3.o
LOAD ./Core/Src/sha512.o
LOAD ./Core/Src/sign.o
LOAD ./Core/Src/stm32f4xx_hal_msp.o
LOAD ./Core/Src/stm32f4xx_it.o
LOAD ./Core/Src/syscalls.o
LOAD ./Core/Src/sysmem.o
LOAD ./Core/Src/system_stm32f4xx.o
LOAD ./Core/Src/verify.o
LOAD ./Core/Startup/startup_stm32f407vgtx.o
LOAD ./Drivers/STM32F4xx_HAL_Driver/Src/stm32f4xx_hal.o
LOAD ./Drivers/STM32F4xx_HAL_Driver/Src/stm32f4xx_hal_cortex.o
LOAD ./Drivers/STM32F4xx_HAL_Driver/Src/stm32f4xx_hal_dma.o
LOAD ./Drivers/STM32F4xx_HAL_Driver/Src/stm32f4xx_hal_dma_ex.o
LOAD ./Drivers/STM32F4xx_HAL_Driver/Src/stm32f4xx_hal_exti.o
LOAD ./Drivers/STM32F4xx_HAL_Driver/Src/stm32f4xx_hal_flash.o
LOAD ./Drivers/STM32F4xx_HAL_Driver/Src/stm32f4xx_hal_flash_ex.o
LOAD ./Drivers/STM32F4xx_HAL_Driver/Src/stm32f4xx_hal_flash_ramfunc.o
LOAD ./Drivers/STM32F4xx_HAL_Driver/Src/stm32f4xx_hal_gpio.o
LOAD ./Drivers/STM32F4xx_HAL_Driver/Src/stm32f4xx_hal_pwr.o
LOAD ./Drivers/STM32F4xx_HAL_Driver/Src/stm32f4xx_hal_pwr_ex.o
LOAD ./Drivers/STM32F4xx_HAL_Driver/Src/stm32f4xx_hal_rcc.o
LOAD ./Drivers/STM32F4xx_HAL_Driver/Src/stm32f4xx_hal_rcc_ex.o
LOAD ./Drivers/STM32F4xx_HAL_Driver/Src/stm32f4xx_hal_sd.o
LOAD ./Drivers/STM32F4xx_HAL_Driver/Src/stm32f4xx_hal_spi.o
LOAD ./Drivers/STM32F4xx_HAL_Driver/Src/stm32f4xx_hal_tim.o
LOAD ./Drivers/STM32F4xx_HAL_Driver/Src/stm32f4xx_hal_tim_ex.o
LOAD ./Drivers/STM32F4xx_HAL_Driver/Src/stm32f4xx_hal_uart.o
LOAD ./Drivers/STM32F4xx_HAL_Driver/Src/stm32f4xx_ll_sdmmc.o
LOAD ./FATFS/App/fatfs.o
LOAD ./FATFS/Target/bsp_driver_sd.o
LOAD ./FATFS/Target/sd_diskio.o
LOAD ./Middlewares/Third_Party/FatFs/src/diskio.o
LOAD ./Middlewares/Third_Party/FatFs/src/ff.o
LOAD ./Middlewares/Third_Party/FatFs/src/ff_gen_drv.o
LOAD ./Middlewares/Third_Party/FatFs/src/option/syscall.o
START GROUP
LOAD c:/st/stm32cubeide_1.8.0/stm32cubeide/plugins/com.st.stm32cube.ide.mcu.externaltools.gnu-tools-for-stm32.9-2020-q2-update.win32_2.0.0.202105311346/tools/bin/../lib/gcc/arm-none-eabi/9.3.1/../../../../arm-none-eabi/lib/thumb/v7e-m+fp/hard\libc_nano.a
LOAD c:/st/stm32cubeide_1.8.0/stm32cubeide/plugins/com.st.stm32cube.ide.mcu.externaltools.gnu-tools-for-stm32.9-2020-q2-update.win32_2.0.0.202105311346/tools/bin/../lib/gcc/arm-none-eabi/9.3.1/../../../../arm-none-eabi/lib/thumb/v7e-m+fp/hard\libm.a
END GROUP
START GROUP
LOAD c:/st/stm32cubeide_1.8.0/stm32cubeide/plugins/com.st.stm32cube.ide.mcu.externaltools.gnu-tools-for-stm32.9-2020-q2-update.win32_2.0.0.202105311346/tools/bin/../lib/gcc/arm-none-eabi/9.3.1/thumb/v7e-m+fp/hard\libgcc.a
LOAD c:/st/stm32cubeide_1.8.0/stm32cubeide/plugins/com.st.stm32cube.ide.mcu.externaltools.gnu-tools-for-stm32.9-2020-q2-update.win32_2.0.0.202105311346/tools/bin/../lib/gcc/arm-none-eabi/9.3.1/../../../../arm-none-eabi/lib/thumb/v7e-m+fp/hard\libc_nano.a
END GROUP
START GROUP
LOAD c:/st/stm32cubeide_1.8.0/stm32cubeide/plugins/com.st.stm32cube.ide.mcu.externaltools.gnu-tools-for-stm32.9-2020-q2-update.win32_2.0.0.202105311346/tools/bin/../lib/gcc/arm-none-eabi/9.3.1/thumb/v7e-m+fp/hard\libgcc.a
LOAD c:/st/stm32cubeide_1.8.0/stm32cubeide/plugins/com.st.stm32cube.ide.mcu.externaltools.gnu-tools-for-stm32.9-2020-q2-update.win32_2.0.0.202105311346/tools/bin/../lib/gcc/arm-none-eabi/9.3.1/../../../../arm-none-eabi/lib/thumb/v7e-m+fp/hard\libc_nano.a
LOAD c:/st/stm32cubeide_1.8.0/stm32cubeide/plugins/com.st.stm32cube.ide.mcu.externaltools.gnu-tools-for-stm32.9-2020-q2-update.win32_2.0.0.202105311346/tools/bin/../lib/gcc/arm-none-eabi/9.3.1/../../../../arm-none-eabi/lib/thumb/v7e-m+fp/hard\libnosys.a
END GROUP
START GROUP
LOAD c:/st/stm32cubeide_1.8.0/stm32cubeide/plugins/com.st.stm32cube.ide.mcu.externaltools.gnu-tools-for-stm32.9-2020-q2-update.win32_2.0.0.202105311346/tools/bin/../lib/gcc/arm-none-eabi/9.3.1/thumb/v7e-m+fp/hard\libgcc.a
LOAD c:/st/stm32cubeide_1.8.0/stm32cubeide/plugins/com.st.stm32cube.ide.mcu.externaltools.gnu-tools-for-stm32.9-2020-q2-update.win32_2.0.0.202105311346/tools/bin/../lib/gcc/arm-none-eabi/9.3.1/../../../../arm-none-eabi/lib/thumb/v7e-m+fp/hard\libc_nano.a
LOAD c:/st/stm32cubeide_1.8.0/stm32cubeide/plugins/com.st.stm32cube.ide.mcu.externaltools.gnu-tools-for-stm32.9-2020-q2-update.win32_2.0.0.202105311346/tools/bin/../lib/gcc/arm-none-eabi/9.3.1/../../../../arm-none-eabi/lib/thumb/v7e-m+fp/hard\libnosys.a
END GROUP
LOAD c:/st/stm32cubeide_1.8.0/stm32cubeide/plugins/com.st.stm32cube.ide.mcu.externaltools.gnu-tools-for-stm32.9-2020-q2-update.win32_2.0.0.202105311346/tools/bin/../lib/gcc/arm-none-eabi/9.3.1/thumb/v7e-m+fp/hard/crtend.o
LOAD c:/st/stm32cubeide_1.8.0/stm32cubeide/plugins/com.st.stm32cube.ide.mcu.externaltools.gnu-tools-for-stm32.9-2020-q2-update.win32_2.0.0.202105311346/tools/bin/../lib/gcc/arm-none-eabi/9.3.1/thumb/v7e-m+fp/hard/crtn.o
                0x0000000020020000                _estack = (ORIGIN (RAM) + LENGTH (RAM))
                0x0000000000000200                _Min_Heap_Size = 0x200
                0x0000000000000400                _Min_Stack_Size = 0x400

.isr_vector     0x0000000008020000      0x188
                0x0000000008020000                . = ALIGN (0x4)
 *(.isr_vector)
 .isr_vector    0x0000000008020000      0x188 ./Core/Startup/startup_stm32f407vgtx.o
                0x0000000008020000                g_pfnVectors
                0x0000000008020188                . = ALIGN (0x4)

.text           0x0000000008020190    0x1eeb8
                0x0000000008020190                . = ALIGN (0x4)
 *(.text)
 .text          0x0000000008020190       0x40 c:/st/stm32cubeide_1.8.0/stm32cubeide/plugins/com.st.stm32cube.ide.mcu.externaltools.gnu-tools-for-stm32.9-2020-q2-update.win32_2.0.0.202105311346/tools/bin/../lib/gcc/arm-none-eabi/9.3.1/thumb/v7e-m+fp/hard/crtbegin.o
 .text          0x00000000080201d0       0x10 c:/st/stm32cubeide_1.8.0/stm32cubeide/plugins/com.st.stm32cube.ide.mcu.externaltools.gnu-tools-for-stm32.9-2020-q2-update.win32_2.0.0.202105311346/tools/bin/../lib/gcc/arm-none-eabi/9.3.1/../../../../arm-none-eabi/lib/thumb/v7e-m+fp/hard\libc_nano.a(lib_a-strlen.o)
                0x00000000080201d0                strlen
 .text          0x00000000080201e0       0xa0 c:/st/stm32cubeide_1.8.0/stm32cubeide/plugins/com.st.stm32cube.ide.mcu.externaltools.gnu-tools-for-stm32.9-2020-q2-update.win32_2.0.0.202105311346/tools/bin/../lib/gcc/arm-none-eabi/9.3.1/../../../../arm-none-eabi/lib/thumb/v7e-m+fp/hard\libc_nano.a(lib_a-memchr.o)
                0x00000000080201e0                memchr
 .text          0x0000000008020280      0x378 c:/st/stm32cubeide_1.8.0/stm32cubeide/plugins/com.st.stm32cube.ide.mcu.externaltools.gnu-tools-for-stm32.9-2020-q2-update.win32_2.0.0.202105311346/tools/bin/../lib/gcc/arm-none-eabi/9.3.1/thumb/v7e-m+fp/hard\libgcc.a(_arm_addsubdf3.o)
                0x0000000008020280                __aeabi_drsub
                0x0000000008020288                __aeabi_dsub
                0x0000000008020288                __subdf3
                0x000000000802028c                __aeabi_dadd
                0x000000000802028c                __adddf3
                0x0000000008020504                __floatunsidf
                0x0000000008020504                __aeabi_ui2d
                0x0000000008020524                __floatsidf
                0x0000000008020524                __aeabi_i2d
                0x0000000008020548                __aeabi_f2d
                0x0000000008020548                __extendsfdf2
                0x000000000802058c                __floatundidf
                0x000000000802058c                __aeabi_ul2d
                0x000000000802059c                __floatdidf
                0x000000000802059c                __aeabi_l2d
 .text          0x00000000080205f8      0x424 c:/st/stm32cubeide_1.8.0/stm32cubeide/plugins/com.st.stm32cube.ide.mcu.externaltools.gnu-tools-for-stm32.9-2020-q2-update.win32_2.0.0.202105311346/tools/bin/../lib/gcc/arm-none-eabi/9.3.1/thumb/v7e-m+fp/hard\libgcc.a(_arm_muldivdf3.o)
                0x00000000080205f8                __aeabi_dmul
                0x00000000080205f8                __muldf3
                0x000000000802084c                __divdf3
                0x000000000802084c                __aeabi_ddiv
 .text          0x0000000008020a1c      0x110 c:/st/stm32cubeide_1.8.0/stm32cubeide/plugins/com.st.stm32cube.ide.mcu.externaltools.gnu-tools-for-stm32.9-2020-q2-update.win32_2.0.0.202105311346/tools/bin/../lib/gcc/arm-none-eabi/9.3.1/thumb/v7e-m+fp/hard\libgcc.a(_arm_cmpdf2.o)
                0x0000000008020a1c                __gtdf2
                0x0000000008020a1c                __gedf2
                0x0000000008020a24                __ltdf2
                0x0000000008020a24                __ledf2
                0x0000000008020a2c                __nedf2
                0x0000000008020a2c                __eqdf2
                0x0000000008020a2c                __cmpdf2
                0x0000000008020aa8                __aeabi_cdrcmple
                0x0000000008020ab8                __aeabi_cdcmpeq
                0x0000000008020ab8                __aeabi_cdcmple
                0x0000000008020ac8                __aeabi_dcmpeq
                0x0000000008020adc                __aeabi_dcmplt
                0x0000000008020af0                __aeabi_dcmple
                0x0000000008020b04                __aeabi_dcmpge
                0x0000000008020b18                __aeabi_dcmpgt
 .text          0x0000000008020b2c       0x2c c:/st/stm32cubeide_1.8.0/stm32cubeide/plugins/com.st.stm32cube.ide.mcu.externaltools.gnu-tools-for-stm32.9-2020-q2-update.win32_2.0.0.202105311346/tools/bin/../lib/gcc/arm-none-eabi/9.3.1/thumb/v7e-m+fp/hard\libgcc.a(_arm_unorddf2.o)
                0x0000000008020b2c                __unorddf2
                0x0000000008020b2c                __aeabi_dcmpun
 .text          0x0000000008020b58       0x50 c:/st/stm32cubeide_1.8.0/stm32cubeide/plugins/com.st.stm32cube.ide.mcu.externaltools.gnu-tools-for-stm32.9-2020-q2-update.win32_2.0.0.202105311346/tools/bin/../lib/gcc/arm-none-eabi/9.3.1/thumb/v7e-m+fp/hard\libgcc.a(_arm_fixdfsi.o)
                0x0000000008020b58                __aeabi_d2iz
                0x0000000008020b58                __fixdfsi
 .text          0x0000000008020ba8       0x40 c:/st/stm32cubeide_1.8.0/stm32cubeide/plugins/com.st.stm32cube.ide.mcu.externaltools.gnu-tools-for-stm32.9-2020-q2-update.win32_2.0.0.202105311346/tools/bin/../lib/gcc/arm-none-eabi/9.3.1/thumb/v7e-m+fp/hard\libgcc.a(_arm_fixunsdfsi.o)
                0x0000000008020ba8                __aeabi_d2uiz
                0x0000000008020ba8                __fixunsdfsi
 .text          0x0000000008020be8       0xa0 c:/st/stm32cubeide_1.8.0/stm32cubeide/plugins/com.st.stm32cube.ide.mcu.externaltools.gnu-tools-for-stm32.9-2020-q2-update.win32_2.0.0.202105311346/tools/bin/../lib/gcc/arm-none-eabi/9.3.1/thumb/v7e-m+fp/hard\libgcc.a(_arm_truncdfsf2.o)
                0x0000000008020be8                __truncdfsf2
                0x0000000008020be8                __aeabi_d2f
 .text          0x0000000008020c88       0x30 c:/st/stm32cubeide_1.8.0/stm32cubeide/plugins/com.st.stm32cube.ide.mcu.externaltools.gnu-tools-for-stm32.9-2020-q2-update.win32_2.0.0.202105311346/tools/bin/../lib/gcc/arm-none-eabi/9.3.1/thumb/v7e-m+fp/hard\libgcc.a(_aeabi_uldivmod.o)
                0x0000000008020c88                __aeabi_uldivmod
 .text          0x0000000008020cb8       0x30 c:/st/stm32cubeide_1.8.0/stm32cubeide/plugins/com.st.stm32cube.ide.mcu.externaltools.gnu-tools-for-stm32.9-2020-q2-update.win32_2.0.0.202105311346/tools/bin/../lib/gcc/arm-none-eabi/9.3.1/thumb/v7e-m+fp/hard\libgcc.a(_fixdfdi.o)
                0x0000000008020cb8                __fixdfdi
                0x0000000008020cb8                __aeabi_d2lz
 .text          0x0000000008020ce8       0x3c c:/st/stm32cubeide_1.8.0/stm32cubeide/plugins/com.st.stm32cube.ide.mcu.externaltools.gnu-tools-for-stm32.9-2020-q2-update.win32_2.0.0.202105311346/tools/bin/../lib/gcc/arm-none-eabi/9.3.1/thumb/v7e-m+fp/hard\libgcc.a(_fixunsdfdi.o)
                0x0000000008020ce8                __fixunsdfdi
                0x0000000008020ce8                __aeabi_d2ulz
 .text          0x0000000008020d24      0x2c4 c:/st/stm32cubeide_1.8.0/stm32cubeide/plugins/com.st.stm32cube.ide.mcu.externaltools.gnu-tools-for-stm32.9-2020-q2-update.win32_2.0.0.202105311346/tools/bin/../lib/gcc/arm-none-eabi/9.3.1/thumb/v7e-m+fp/hard\libgcc.a(_udivmoddi4.o)
                0x0000000008020d24                __udivmoddi4
 .text          0x0000000008020fe8        0x4 c:/st/stm32cubeide_1.8.0/stm32cubeide/plugins/com.st.stm32cube.ide.mcu.externaltools.gnu-tools-for-stm32.9-2020-q2-update.win32_2.0.0.202105311346/tools/bin/../lib/gcc/arm-none-eabi/9.3.1/thumb/v7e-m+fp/hard\libgcc.a(_dvmd_tls.o)
                0x0000000008020fe8                __aeabi_idiv0
                0x0000000008020fe8                __aeabi_ldiv0
 *(.text*)
 .text.crc32    0x0000000008020fec       0x84 ./Core/Src/CRC32.o
                0x0000000008020fec                crc32
 .text.Chacha20_Xor
                0x0000000008021070       0x48 ./Core/Src/ChaCha20.o
                0x0000000008021070                Chacha20_Xor
 .text.ChaCha20_SetCell
                0x00000000080210b8       0xc6 ./Core/Src/ChaCha20.o
                0x00000000080210b8                ChaCha20_SetCell
 .text.ChaCha20_Round
                0x000000000802117e      0x44e ./Core/Src/ChaCha20.o
                0x000000000802117e                ChaCha20_Round
 .text.ChaCha20_FinalXor
                0x00000000080215cc       0x90 ./Core/Src/ChaCha20.o
                0x00000000080215cc                ChaCha20_FinalXor
 .text.sd_init  0x000000000802165c       0x18 ./Core/Src/Frame.o
                0x000000000802165c                sd_init
 .text.sd_mount
                0x0000000008021674       0x20 ./Core/Src/Frame.o
                0x0000000008021674                sd_mount
 .text.sd_open  0x0000000008021694       0x24 ./Core/Src/Frame.o
                0x0000000008021694                sd_open
 .text.sd_write
                0x00000000080216b8       0x26 ./Core/Src/Frame.o
                0x00000000080216b8                sd_write
 .text.sd_read  0x00000000080216de       0x28 ./Core/Src/Frame.o
                0x00000000080216de                sd_read
 .text.sd_close
                0x0000000008021706       0x16 ./Core/Src/Frame.o
                0x0000000008021706                sd_close
 .text.Frame_SendResponseFrame
                0x000000000802171c       0xb4 ./Core/Src/Frame.o
                0x000000000802171c                Frame_SendResponseFrame
 .text.Frame_ReadStartFrame
                0x00000000080217d0       0x54 ./Core/Src/Frame.o
                0x00000000080217d0                Frame_ReadStartFrame
 .text.Frame_ReadStopFrame
                0x0000000008021824       0x34 ./Core/Src/Frame.o
                0x0000000008021824                Frame_ReadStopFrame
 .text.Frame_ReadHeaderFrame
                0x0000000008021858       0x80 ./Core/Src/Frame.o
                0x0000000008021858                Frame_ReadHeaderFrame
 .text.Frame_ReadDataFrame
                0x00000000080218d8      0x104 ./Core/Src/Frame.o
                0x00000000080218d8                Frame_ReadDataFrame
 .text.Frame_InitFlash
                0x00000000080219dc       0x7a ./Core/Src/Frame.o
                0x00000000080219dc                Frame_InitFlash
 *fill*         0x0000000008021a56        0x2 
 .text.Frame_WriteCfg
                0x0000000008021a58       0xa0 ./Core/Src/Frame.o
                0x0000000008021a58                Frame_WriteCfg
 .text.Frame_ReadCfg
                0x0000000008021af8       0x48 ./Core/Src/Frame.o
                0x0000000008021af8                Frame_ReadCfg
 .text.ota_and_write_to_sd_card
                0x0000000008021b40      0x1c0 ./Core/Src/Frame.o
                0x0000000008021b40                ota_and_write_to_sd_card
 .text.store_into_flash
                0x0000000008021d00       0x4a ./Core/Src/Frame.o
                0x0000000008021d00                store_into_flash
 *fill*         0x0000000008021d4a        0x2 
 .text.read_file_and_store_into_flash
                0x0000000008021d4c      0x2c4 ./Core/Src/Frame.o
                0x0000000008021d4c                read_file_and_store_into_flash
 .text.read_chunk_data_in_flash
                0x0000000008022010       0x44 ./Core/Src/Frame.o
                0x0000000008022010                read_chunk_data_in_flash
 .text.tree_hash_on_flash
                0x0000000008022054      0x270 ./Core/Src/Frame.o
                0x0000000008022054                tree_hash_on_flash
 .text.W25qxx_Spi
                0x00000000080222c4       0x2c ./Core/Src/WQ25xx.o
                0x00000000080222c4                W25qxx_Spi
 .text.W25qxx_ReadID
                0x00000000080222f0       0x70 ./Core/Src/WQ25xx.o
                0x00000000080222f0                W25qxx_ReadID
 .text.W25qxx_ReadUniqID
                0x0000000008022360       0x70 ./Core/Src/WQ25xx.o
                0x0000000008022360                W25qxx_ReadUniqID
 .text.W25qxx_WriteEnable
                0x00000000080223d0       0x30 ./Core/Src/WQ25xx.o
                0x00000000080223d0                W25qxx_WriteEnable
 .text.W25qxx_ReadStatusRegister
                0x0000000008022400       0x90 ./Core/Src/WQ25xx.o
                0x0000000008022400                W25qxx_ReadStatusRegister
 .text.W25qxx_WaitForWriteEnd
                0x0000000008022490       0x58 ./Core/Src/WQ25xx.o
                0x0000000008022490                W25qxx_WaitForWriteEnd
 .text.W25qxx_Init
                0x00000000080224e8      0x190 ./Core/Src/WQ25xx.o
                0x00000000080224e8                W25qxx_Init
 .text.W25qxx_EraseSector
                0x0000000008022678       0xac ./Core/Src/WQ25xx.o
                0x0000000008022678                W25qxx_EraseSector
 .text.W25qxx_SectorToPage
                0x0000000008022724       0x2c ./Core/Src/WQ25xx.o
                0x0000000008022724                W25qxx_SectorToPage
 .text.W25qxx_WritePage
                0x0000000008022750      0x104 ./Core/Src/WQ25xx.o
                0x0000000008022750                W25qxx_WritePage
 .text.W25qxx_WriteSector
                0x0000000008022854       0xc4 ./Core/Src/WQ25xx.o
                0x0000000008022854                W25qxx_WriteSector
 .text.W25qxx_ReadPage
                0x0000000008022918       0xf8 ./Core/Src/WQ25xx.o
                0x0000000008022918                W25qxx_ReadPage
 .text.W25qxx_ReadSector
                0x0000000008022a10       0xc4 ./Core/Src/WQ25xx.o
                0x0000000008022a10                W25qxx_ReadSector
 .text.load_3   0x0000000008022ad4       0x82 ./Core/Src/fe.o
 .text.load_4   0x0000000008022b56       0xa8 ./Core/Src/fe.o
 .text.fe_0     0x0000000008022bfe       0x62 ./Core/Src/fe.o
                0x0000000008022bfe                fe_0
 .text.fe_1     0x0000000008022c60       0x62 ./Core/Src/fe.o
                0x0000000008022c60                fe_1
 .text.fe_add   0x0000000008022cc2      0x136 ./Core/Src/fe.o
                0x0000000008022cc2                fe_add
 .text.fe_copy  0x0000000008022df8       0xa0 ./Core/Src/fe.o
                0x0000000008022df8                fe_copy
 .text.fe_frombytes
                0x0000000008022e98      0x6bc ./Core/Src/fe.o
                0x0000000008022e98                fe_frombytes
 .text.fe_invert
                0x0000000008023554      0x34e ./Core/Src/fe.o
                0x0000000008023554                fe_invert
 .text.fe_isnegative
                0x00000000080238a2       0x22 ./Core/Src/fe.o
                0x00000000080238a2                fe_isnegative
 .text.fe_isnonzero
                0x00000000080238c4      0x1bc ./Core/Src/fe.o
                0x00000000080238c4                fe_isnonzero
 .text.fe_mul   0x0000000008023a80     0x29f6 ./Core/Src/fe.o
                0x0000000008023a80                fe_mul
 .text.fe_neg   0x0000000008026476       0xdc ./Core/Src/fe.o
                0x0000000008026476                fe_neg
 .text.fe_pow22523
                0x0000000008026552      0x34c ./Core/Src/fe.o
                0x0000000008026552                fe_pow22523
 .text.fe_sq    0x000000000802689e     0x179e ./Core/Src/fe.o
                0x000000000802689e                fe_sq
 .text.fe_sq2   0x000000000802803c     0x1908 ./Core/Src/fe.o
                0x000000000802803c                fe_sq2
 .text.fe_sub   0x0000000008029944      0x136 ./Core/Src/fe.o
                0x0000000008029944                fe_sub
 .text.fe_tobytes
                0x0000000008029a7a      0x39e ./Core/Src/fe.o
                0x0000000008029a7a                fe_tobytes
 .text.ge_add   0x0000000008029e18       0xe2 ./Core/Src/ge.o
                0x0000000008029e18                ge_add
 .text.slide    0x0000000008029efa      0x1b8 ./Core/Src/ge.o
 *fill*         0x000000000802a0b2        0x2 
 .text.ge_double_scalarmult_vartime
                0x000000000802a0b4      0x3e0 ./Core/Src/ge.o
                0x000000000802a0b4                ge_double_scalarmult_vartime
 .text.ge_frombytes_negate_vartime
                0x000000000802a494      0x19c ./Core/Src/ge.o
                0x000000000802a494                ge_frombytes_negate_vartime
 .text.ge_madd  0x000000000802a630       0xd8 ./Core/Src/ge.o
                0x000000000802a630                ge_madd
 .text.ge_msub  0x000000000802a708       0xd8 ./Core/Src/ge.o
                0x000000000802a708                ge_msub
 .text.ge_p1p1_to_p2
                0x000000000802a7e0       0x4c ./Core/Src/ge.o
                0x000000000802a7e0                ge_p1p1_to_p2
 .text.ge_p1p1_to_p3
                0x000000000802a82c       0x5e ./Core/Src/ge.o
                0x000000000802a82c                ge_p1p1_to_p3
 .text.ge_p2_0  0x000000000802a88a       0x2c ./Core/Src/ge.o
                0x000000000802a88a                ge_p2_0
 .text.ge_p2_dbl
                0x000000000802a8b6       0xb2 ./Core/Src/ge.o
                0x000000000802a8b6                ge_p2_dbl
 .text.ge_p3_dbl
                0x000000000802a968       0x2a ./Core/Src/ge.o
                0x000000000802a968                ge_p3_dbl
 *fill*         0x000000000802a992        0x2 
 .text.ge_p3_to_cached
                0x000000000802a994       0x5c ./Core/Src/ge.o
                0x000000000802a994                ge_p3_to_cached
 .text.ge_p3_to_p2
                0x000000000802a9f0       0x42 ./Core/Src/ge.o
                0x000000000802a9f0                ge_p3_to_p2
 .text.ge_sub   0x000000000802aa32       0xe2 ./Core/Src/ge.o
                0x000000000802aa32                ge_sub
 .text.ge_tobytes
                0x000000000802ab14       0x78 ./Core/Src/ge.o
                0x000000000802ab14                ge_tobytes
 .text.Update_Signature
                0x000000000802ab8c       0x38 ./Core/Src/main.o
                0x000000000802ab8c                Update_Signature
 .text.Update_Publickey
                0x000000000802abc4       0x3e ./Core/Src/main.o
                0x000000000802abc4                Update_Publickey
 .text.Update_HashValue
                0x000000000802ac02       0x3e ./Core/Src/main.o
                0x000000000802ac02                Update_HashValue
 .text.Update_Application1Cert
                0x000000000802ac40       0x30 ./Core/Src/main.o
                0x000000000802ac40                Update_Application1Cert
 .text.Update_Application2Cert
                0x000000000802ac70       0x30 ./Core/Src/main.o
                0x000000000802ac70                Update_Application2Cert
 .text.goto_application
                0x000000000802aca0       0x1c ./Core/Src/main.o
 .text.HAL_UART_RxCpltCallback
                0x000000000802acbc       0x58 ./Core/Src/main.o
                0x000000000802acbc                HAL_UART_RxCpltCallback
 .text.main     0x000000000802ad14      0x8e4 ./Core/Src/main.o
                0x000000000802ad14                main
 .text.SystemClock_Config
                0x000000000802b5f8       0xd4 ./Core/Src/main.o
                0x000000000802b5f8                SystemClock_Config
 .text.MX_SDIO_SD_Init
                0x000000000802b6cc       0x40 ./Core/Src/main.o
 .text.MX_SPI2_Init
                0x000000000802b70c       0x6c ./Core/Src/main.o
 .text.MX_TIM1_Init
                0x000000000802b778       0xa4 ./Core/Src/main.o
 .text.MX_USART2_UART_Init
                0x000000000802b81c       0x54 ./Core/Src/main.o
 .text.MX_USART6_UART_Init
                0x000000000802b870       0x54 ./Core/Src/main.o
 .text.MX_GPIO_Init
                0x000000000802b8c4      0x190 ./Core/Src/main.o
 .text.Error_Handler
                0x000000000802ba54        0xa ./Core/Src/main.o
                0x000000000802ba54                Error_Handler
 .text.load_3   0x000000000802ba5e       0x82 ./Core/Src/sc.o
 .text.load_4   0x000000000802bae0       0xa8 ./Core/Src/sc.o
 .text.sc_reduce
                0x000000000802bb88     0x3f2c ./Core/Src/sc.o
                0x000000000802bb88                sc_reduce
 .text.sha3_keccakf
                0x000000000802fab4      0x45c ./Core/Src/sha3.o
                0x000000000802fab4                sha3_keccakf
 .text.sha3_init
                0x000000000802ff10       0x5c ./Core/Src/sha3.o
                0x000000000802ff10                sha3_init
 .text.sha3_update
                0x000000000802ff6c       0x6c ./Core/Src/sha3.o
                0x000000000802ff6c                sha3_update
 .text.sha3_final
                0x000000000802ffd8       0x7e ./Core/Src/sha3.o
                0x000000000802ffd8                sha3_final
 .text.sha3     0x0000000008030056       0x3e ./Core/Src/sha3.o
                0x0000000008030056                sha3
 .text.sha512_compress
                0x0000000008030094     0x1d5c ./Core/Src/sha512.o
 .text.sha512_init
                0x0000000008031df0       0xd8 ./Core/Src/sha512.o
                0x0000000008031df0                sha512_init
 .text.sha512_update
                0x0000000008031ec8      0x11a ./Core/Src/sha512.o
                0x0000000008031ec8                sha512_update
 .text.sha512_final
                0x0000000008031fe2      0x2ec ./Core/Src/sha512.o
                0x0000000008031fe2                sha512_final
 *fill*         0x00000000080322ce        0x2 
 .text.HAL_MspInit
                0x00000000080322d0       0x50 ./Core/Src/stm32f4xx_hal_msp.o
                0x00000000080322d0                HAL_MspInit
 .text.HAL_SD_MspInit
                0x0000000008032320       0xd0 ./Core/Src/stm32f4xx_hal_msp.o
                0x0000000008032320                HAL_SD_MspInit
 .text.HAL_SPI_MspInit
                0x00000000080323f0       0x90 ./Core/Src/stm32f4xx_hal_msp.o
                0x00000000080323f0                HAL_SPI_MspInit
 .text.HAL_TIM_Base_MspInit
                0x0000000008032480       0x44 ./Core/Src/stm32f4xx_hal_msp.o
                0x0000000008032480                HAL_TIM_Base_MspInit
 .text.HAL_UART_MspInit
                0x00000000080324c4      0x10c ./Core/Src/stm32f4xx_hal_msp.o
                0x00000000080324c4                HAL_UART_MspInit
 .text.NMI_Handler
                0x00000000080325d0        0x6 ./Core/Src/stm32f4xx_it.o
                0x00000000080325d0                NMI_Handler
 .text.HardFault_Handler
                0x00000000080325d6        0x6 ./Core/Src/stm32f4xx_it.o
                0x00000000080325d6                HardFault_Handler
 .text.MemManage_Handler
                0x00000000080325dc        0x6 ./Core/Src/stm32f4xx_it.o
                0x00000000080325dc                MemManage_Handler
 .text.BusFault_Handler
                0x00000000080325e2        0x6 ./Core/Src/stm32f4xx_it.o
                0x00000000080325e2                BusFault_Handler
 .text.UsageFault_Handler
                0x00000000080325e8        0x6 ./Core/Src/stm32f4xx_it.o
                0x00000000080325e8                UsageFault_Handler
 .text.SVC_Handler
                0x00000000080325ee        0xe ./Core/Src/stm32f4xx_it.o
                0x00000000080325ee                SVC_Handler
 .text.DebugMon_Handler
                0x00000000080325fc        0xe ./Core/Src/stm32f4xx_it.o
                0x00000000080325fc                DebugMon_Handler
 .text.PendSV_Handler
                0x000000000803260a        0xe ./Core/Src/stm32f4xx_it.o
                0x000000000803260a                PendSV_Handler
 .text.SysTick_Handler
                0x0000000008032618        0xc ./Core/Src/stm32f4xx_it.o
                0x0000000008032618                SysTick_Handler
 .text.USART6_IRQHandler
                0x0000000008032624       0x14 ./Core/Src/stm32f4xx_it.o
                0x0000000008032624                USART6_IRQHandler
 .text._getpid  0x0000000008032638       0x10 ./Core/Src/syscalls.o
                0x0000000008032638                _getpid
 .text._kill    0x0000000008032648       0x20 ./Core/Src/syscalls.o
                0x0000000008032648                _kill
 .text._exit    0x0000000008032668       0x14 ./Core/Src/syscalls.o
                0x0000000008032668                _exit
 .text._read    0x000000000803267c       0x3a ./Core/Src/syscalls.o
                0x000000000803267c                _read
 .text._write   0x00000000080326b6       0x38 ./Core/Src/syscalls.o
                0x00000000080326b6                _write
 .text._close   0x00000000080326ee       0x18 ./Core/Src/syscalls.o
                0x00000000080326ee                _close
 .text._fstat   0x0000000008032706       0x20 ./Core/Src/syscalls.o
                0x0000000008032706                _fstat
 .text._isatty  0x0000000008032726       0x16 ./Core/Src/syscalls.o
                0x0000000008032726                _isatty
 .text._lseek   0x000000000803273c       0x1a ./Core/Src/syscalls.o
                0x000000000803273c                _lseek
 *fill*         0x0000000008032756        0x2 
 .text._sbrk    0x0000000008032758       0x6c ./Core/Src/sysmem.o
                0x0000000008032758                _sbrk
 .text.SystemInit
                0x00000000080327c4       0x2c ./Core/Src/system_stm32f4xx.o
                0x00000000080327c4                SystemInit
 .text.consttime_equal
                0x00000000080327f0      0x2dc ./Core/Src/verify.o
 .text.ed25519_verify
                0x0000000008032acc       0xfc ./Core/Src/verify.o
                0x0000000008032acc                ed25519_verify
 .text.Reset_Handler
                0x0000000008032bc8       0x50 ./Core/Startup/startup_stm32f407vgtx.o
                0x0000000008032bc8                Reset_Handler
 .text.Default_Handler
                0x0000000008032c18        0x2 ./Core/Startup/startup_stm32f407vgtx.o
                0x0000000008032c18                RTC_Alarm_IRQHandler
                0x0000000008032c18                HASH_RNG_IRQHandler
                0x0000000008032c18                EXTI2_IRQHandler
                0x0000000008032c18                TIM8_CC_IRQHandler
                0x0000000008032c18                TIM1_CC_IRQHandler
                0x0000000008032c18                DMA2_Stream5_IRQHandler
                0x0000000008032c18                DMA1_Stream5_IRQHandler
                0x0000000008032c18                PVD_IRQHandler
                0x0000000008032c18                SDIO_IRQHandler
                0x0000000008032c18                TAMP_STAMP_IRQHandler
                0x0000000008032c18                CAN2_RX1_IRQHandler
                0x0000000008032c18                EXTI3_IRQHandler
                0x0000000008032c18                TIM8_TRG_COM_TIM14_IRQHandler
                0x0000000008032c18                TIM1_UP_TIM10_IRQHandler
                0x0000000008032c18                TIM8_UP_TIM13_IRQHandler
                0x0000000008032c18                I2C3_ER_IRQHandler
                0x0000000008032c18                EXTI0_IRQHandler
                0x0000000008032c18                I2C2_EV_IRQHandler
                0x0000000008032c18                DMA1_Stream2_IRQHandler
                0x0000000008032c18                CAN1_RX0_IRQHandler
                0x0000000008032c18                FPU_IRQHandler
                0x0000000008032c18                OTG_HS_WKUP_IRQHandler
                0x0000000008032c18                CAN2_SCE_IRQHandler
                0x0000000008032c18                DMA2_Stream2_IRQHandler
                0x0000000008032c18                SPI1_IRQHandler
                0x0000000008032c18                TIM6_DAC_IRQHandler
                0x0000000008032c18                TIM1_BRK_TIM9_IRQHandler
                0x0000000008032c18                DCMI_IRQHandler
                0x0000000008032c18                CAN2_RX0_IRQHandler
                0x0000000008032c18                DMA2_Stream3_IRQHandler
                0x0000000008032c18                USART3_IRQHandler
                0x0000000008032c18                CAN1_RX1_IRQHandler
                0x0000000008032c18                UART5_IRQHandler
                0x0000000008032c18                DMA2_Stream0_IRQHandler
                0x0000000008032c18                TIM4_IRQHandler
                0x0000000008032c18                I2C1_EV_IRQHandler
                0x0000000008032c18                DMA1_Stream6_IRQHandler
                0x0000000008032c18                DMA1_Stream1_IRQHandler
                0x0000000008032c18                UART4_IRQHandler
                0x0000000008032c18                TIM3_IRQHandler
                0x0000000008032c18                RCC_IRQHandler
                0x0000000008032c18                TIM8_BRK_TIM12_IRQHandler
                0x0000000008032c18                Default_Handler
                0x0000000008032c18                EXTI15_10_IRQHandler
                0x0000000008032c18                ADC_IRQHandler
                0x0000000008032c18                DMA1_Stream7_IRQHandler
                0x0000000008032c18                TIM7_IRQHandler
                0x0000000008032c18                CAN2_TX_IRQHandler
                0x0000000008032c18                TIM5_IRQHandler
                0x0000000008032c18                DMA2_Stream7_IRQHandler
                0x0000000008032c18                I2C3_EV_IRQHandler
                0x0000000008032c18                EXTI9_5_IRQHandler
                0x0000000008032c18                RTC_WKUP_IRQHandler
                0x0000000008032c18                ETH_WKUP_IRQHandler
                0x0000000008032c18                SPI2_IRQHandler
                0x0000000008032c18                OTG_HS_EP1_IN_IRQHandler
                0x0000000008032c18                DMA1_Stream0_IRQHandler
                0x0000000008032c18                CAN1_TX_IRQHandler
                0x0000000008032c18                EXTI4_IRQHandler
                0x0000000008032c18                FSMC_IRQHandler
                0x0000000008032c18                ETH_IRQHandler
                0x0000000008032c18                OTG_HS_EP1_OUT_IRQHandler
                0x0000000008032c18                WWDG_IRQHandler
                0x0000000008032c18                TIM2_IRQHandler
                0x0000000008032c18                OTG_FS_WKUP_IRQHandler
                0x0000000008032c18                TIM1_TRG_COM_TIM11_IRQHandler
                0x0000000008032c18                OTG_HS_IRQHandler
                0x0000000008032c18                EXTI1_IRQHandler
                0x0000000008032c18                USART2_IRQHandler
                0x0000000008032c18                I2C2_ER_IRQHandler
                0x0000000008032c18                DMA2_Stream1_IRQHandler
                0x0000000008032c18                CAN1_SCE_IRQHandler
                0x0000000008032c18                FLASH_IRQHandler
                0x0000000008032c18                DMA2_Stream4_IRQHandler
                0x0000000008032c18                USART1_IRQHandler
                0x0000000008032c18                OTG_FS_IRQHandler
                0x0000000008032c18                SPI3_IRQHandler
                0x0000000008032c18                DMA1_Stream4_IRQHandler
                0x0000000008032c18                I2C1_ER_IRQHandler
                0x0000000008032c18                DMA2_Stream6_IRQHandler
                0x0000000008032c18                DMA1_Stream3_IRQHandler
 *fill*         0x0000000008032c1a        0x2 
 .text.HAL_Init
                0x0000000008032c1c       0x44 ./Drivers/STM32F4xx_HAL_Driver/Src/stm32f4xx_hal.o
                0x0000000008032c1c                HAL_Init
 .text.HAL_InitTick
                0x0000000008032c60       0x60 ./Drivers/STM32F4xx_HAL_Driver/Src/stm32f4xx_hal.o
                0x0000000008032c60                HAL_InitTick
 .text.HAL_IncTick
                0x0000000008032cc0       0x28 ./Drivers/STM32F4xx_HAL_Driver/Src/stm32f4xx_hal.o
                0x0000000008032cc0                HAL_IncTick
 .text.HAL_GetTick
                0x0000000008032ce8       0x18 ./Drivers/STM32F4xx_HAL_Driver/Src/stm32f4xx_hal.o
                0x0000000008032ce8                HAL_GetTick
 .text.HAL_Delay
                0x0000000008032d00       0x48 ./Drivers/STM32F4xx_HAL_Driver/Src/stm32f4xx_hal.o
                0x0000000008032d00                HAL_Delay
 .text.__NVIC_SetPriorityGrouping
                0x0000000008032d48       0x48 ./Drivers/STM32F4xx_HAL_Driver/Src/stm32f4xx_hal_cortex.o
 .text.__NVIC_GetPriorityGrouping
                0x0000000008032d90       0x1c ./Drivers/STM32F4xx_HAL_Driver/Src/stm32f4xx_hal_cortex.o
 .text.__NVIC_EnableIRQ
                0x0000000008032dac       0x3c ./Drivers/STM32F4xx_HAL_Driver/Src/stm32f4xx_hal_cortex.o
 .text.__NVIC_SetPriority
                0x0000000008032de8       0x54 ./Drivers/STM32F4xx_HAL_Driver/Src/stm32f4xx_hal_cortex.o
 .text.NVIC_EncodePriority
                0x0000000008032e3c       0x66 ./Drivers/STM32F4xx_HAL_Driver/Src/stm32f4xx_hal_cortex.o
 *fill*         0x0000000008032ea2        0x2 
 .text.SysTick_Config
                0x0000000008032ea4       0x44 ./Drivers/STM32F4xx_HAL_Driver/Src/stm32f4xx_hal_cortex.o
 .text.HAL_NVIC_SetPriorityGrouping
                0x0000000008032ee8       0x16 ./Drivers/STM32F4xx_HAL_Driver/Src/stm32f4xx_hal_cortex.o
                0x0000000008032ee8                HAL_NVIC_SetPriorityGrouping
 .text.HAL_NVIC_SetPriority
                0x0000000008032efe       0x38 ./Drivers/STM32F4xx_HAL_Driver/Src/stm32f4xx_hal_cortex.o
                0x0000000008032efe                HAL_NVIC_SetPriority
 .text.HAL_NVIC_EnableIRQ
                0x0000000008032f36       0x1c ./Drivers/STM32F4xx_HAL_Driver/Src/stm32f4xx_hal_cortex.o
                0x0000000008032f36                HAL_NVIC_EnableIRQ
 .text.HAL_SYSTICK_Config
                0x0000000008032f52       0x18 ./Drivers/STM32F4xx_HAL_Driver/Src/stm32f4xx_hal_cortex.o
                0x0000000008032f52                HAL_SYSTICK_Config
 .text.HAL_DMA_Abort
                0x0000000008032f6a       0xe0 ./Drivers/STM32F4xx_HAL_Driver/Src/stm32f4xx_hal_dma.o
                0x0000000008032f6a                HAL_DMA_Abort
 .text.HAL_DMA_Abort_IT
                0x000000000803304a       0x44 ./Drivers/STM32F4xx_HAL_Driver/Src/stm32f4xx_hal_dma.o
                0x000000000803304a                HAL_DMA_Abort_IT
 *fill*         0x000000000803308e        0x2 
 .text.HAL_FLASH_Program
                0x0000000008033090       0xa8 ./Drivers/STM32F4xx_HAL_Driver/Src/stm32f4xx_hal_flash.o
                0x0000000008033090                HAL_FLASH_Program
 .text.HAL_FLASH_Unlock
                0x0000000008033138       0x44 ./Drivers/STM32F4xx_HAL_Driver/Src/stm32f4xx_hal_flash.o
                0x0000000008033138                HAL_FLASH_Unlock
 .text.HAL_FLASH_Lock
                0x000000000803317c       0x20 ./Drivers/STM32F4xx_HAL_Driver/Src/stm32f4xx_hal_flash.o
                0x000000000803317c                HAL_FLASH_Lock
 .text.FLASH_WaitForLastOperation
                0x000000000803319c       0x80 ./Drivers/STM32F4xx_HAL_Driver/Src/stm32f4xx_hal_flash.o
                0x000000000803319c                FLASH_WaitForLastOperation
 .text.FLASH_Program_DoubleWord
                0x000000000803321c       0x64 ./Drivers/STM32F4xx_HAL_Driver/Src/stm32f4xx_hal_flash.o
 .text.FLASH_Program_Word
                0x0000000008033280       0x44 ./Drivers/STM32F4xx_HAL_Driver/Src/stm32f4xx_hal_flash.o
 .text.FLASH_Program_HalfWord
                0x00000000080332c4       0x48 ./Drivers/STM32F4xx_HAL_Driver/Src/stm32f4xx_hal_flash.o
 .text.FLASH_Program_Byte
                0x000000000803330c       0x44 ./Drivers/STM32F4xx_HAL_Driver/Src/stm32f4xx_hal_flash.o
 .text.FLASH_SetErrorCode
                0x0000000008033350       0xac ./Drivers/STM32F4xx_HAL_Driver/Src/stm32f4xx_hal_flash.o
 .text.HAL_FLASHEx_Erase
                0x00000000080333fc       0xe0 ./Drivers/STM32F4xx_HAL_Driver/Src/stm32f4xx_hal_flash_ex.o
                0x00000000080333fc                HAL_FLASHEx_Erase
 .text.FLASH_MassErase
                0x00000000080334dc       0x48 ./Drivers/STM32F4xx_HAL_Driver/Src/stm32f4xx_hal_flash_ex.o
 .text.FLASH_Erase_Sector
                0x0000000008033524       0x90 ./Drivers/STM32F4xx_HAL_Driver/Src/stm32f4xx_hal_flash_ex.o
                0x0000000008033524                FLASH_Erase_Sector
 .text.FLASH_FlushCaches
                0x00000000080335b4       0x8c ./Drivers/STM32F4xx_HAL_Driver/Src/stm32f4xx_hal_flash_ex.o
                0x00000000080335b4                FLASH_FlushCaches
 .text.HAL_GPIO_Init
                0x0000000008033640      0x338 ./Drivers/STM32F4xx_HAL_Driver/Src/stm32f4xx_hal_gpio.o
                0x0000000008033640                HAL_GPIO_Init
 .text.HAL_GPIO_WritePin
                0x0000000008033978       0x32 ./Drivers/STM32F4xx_HAL_Driver/Src/stm32f4xx_hal_gpio.o
                0x0000000008033978                HAL_GPIO_WritePin
 *fill*         0x00000000080339aa        0x2 
 .text.HAL_RCC_OscConfig
                0x00000000080339ac      0x4f0 ./Drivers/STM32F4xx_HAL_Driver/Src/stm32f4xx_hal_rcc.o
                0x00000000080339ac                HAL_RCC_OscConfig
 .text.HAL_RCC_ClockConfig
                0x0000000008033e9c      0x1cc ./Drivers/STM32F4xx_HAL_Driver/Src/stm32f4xx_hal_rcc.o
                0x0000000008033e9c                HAL_RCC_ClockConfig
 .text.HAL_RCC_GetSysClockFreq
                0x0000000008034068      0x1c4 ./Drivers/STM32F4xx_HAL_Driver/Src/stm32f4xx_hal_rcc.o
                0x0000000008034068                HAL_RCC_GetSysClockFreq
 .text.HAL_RCC_GetHCLKFreq
                0x000000000803422c       0x18 ./Drivers/STM32F4xx_HAL_Driver/Src/stm32f4xx_hal_rcc.o
                0x000000000803422c                HAL_RCC_GetHCLKFreq
 .text.HAL_RCC_GetPCLK1Freq
                0x0000000008034244       0x28 ./Drivers/STM32F4xx_HAL_Driver/Src/stm32f4xx_hal_rcc.o
                0x0000000008034244                HAL_RCC_GetPCLK1Freq
 .text.HAL_RCC_GetPCLK2Freq
                0x000000000803426c       0x28 ./Drivers/STM32F4xx_HAL_Driver/Src/stm32f4xx_hal_rcc.o
                0x000000000803426c                HAL_RCC_GetPCLK2Freq
 .text.HAL_SD_Init
                0x0000000008034294       0x60 ./Drivers/STM32F4xx_HAL_Driver/Src/stm32f4xx_hal_sd.o
                0x0000000008034294                HAL_SD_Init
 .text.HAL_SD_InitCard
                0x00000000080342f4       0xfc ./Drivers/STM32F4xx_HAL_Driver/Src/stm32f4xx_hal_sd.o
                0x00000000080342f4                HAL_SD_InitCard
 .text.HAL_SD_ReadBlocks
                0x00000000080343f0      0x3bc ./Drivers/STM32F4xx_HAL_Driver/Src/stm32f4xx_hal_sd.o
                0x00000000080343f0                HAL_SD_ReadBlocks
 .text.HAL_SD_WriteBlocks
                0x00000000080347ac      0x30c ./Drivers/STM32F4xx_HAL_Driver/Src/stm32f4xx_hal_sd.o
                0x00000000080347ac                HAL_SD_WriteBlocks
 .text.HAL_SD_GetCardCSD
                0x0000000008034ab8      0x348 ./Drivers/STM32F4xx_HAL_Driver/Src/stm32f4xx_hal_sd.o
                0x0000000008034ab8                HAL_SD_GetCardCSD
 .text.HAL_SD_GetCardInfo
                0x0000000008034e00       0x58 ./Drivers/STM32F4xx_HAL_Driver/Src/stm32f4xx_hal_sd.o
                0x0000000008034e00                HAL_SD_GetCardInfo
 .text.HAL_SD_GetCardState
                0x0000000008034e58       0x40 ./Drivers/STM32F4xx_HAL_Driver/Src/stm32f4xx_hal_sd.o
                0x0000000008034e58                HAL_SD_GetCardState
 .text.SD_InitCard
                0x0000000008034e98      0x198 ./Drivers/STM32F4xx_HAL_Driver/Src/stm32f4xx_hal_sd.o
 .text.SD_PowerON
                0x0000000008035030      0x11c ./Drivers/STM32F4xx_HAL_Driver/Src/stm32f4xx_hal_sd.o
 .text.SD_SendStatus
                0x000000000803514c       0x50 ./Drivers/STM32F4xx_HAL_Driver/Src/stm32f4xx_hal_sd.o
 .text.HAL_SPI_Init
                0x000000000803519c      0x112 ./Drivers/STM32F4xx_HAL_Driver/Src/stm32f4xx_hal_spi.o
                0x000000000803519c                HAL_SPI_Init
 .text.HAL_SPI_Transmit
                0x00000000080352ae      0x278 ./Drivers/STM32F4xx_HAL_Driver/Src/stm32f4xx_hal_spi.o
                0x00000000080352ae                HAL_SPI_Transmit
 .text.HAL_SPI_Receive
                0x0000000008035526      0x222 ./Drivers/STM32F4xx_HAL_Driver/Src/stm32f4xx_hal_spi.o
                0x0000000008035526                HAL_SPI_Receive
 .text.HAL_SPI_TransmitReceive
                0x0000000008035748      0x344 ./Drivers/STM32F4xx_HAL_Driver/Src/stm32f4xx_hal_spi.o
                0x0000000008035748                HAL_SPI_TransmitReceive
 .text.SPI_WaitFlagStateUntilTimeout
                0x0000000008035a8c      0x110 ./Drivers/STM32F4xx_HAL_Driver/Src/stm32f4xx_hal_spi.o
 .text.SPI_EndRxTransaction
                0x0000000008035b9c       0xca ./Drivers/STM32F4xx_HAL_Driver/Src/stm32f4xx_hal_spi.o
 *fill*         0x0000000008035c66        0x2 
 .text.SPI_EndRxTxTransaction
                0x0000000008035c68       0x84 ./Drivers/STM32F4xx_HAL_Driver/Src/stm32f4xx_hal_spi.o
 .text.HAL_TIM_Base_Init
                0x0000000008035cec       0x9e ./Drivers/STM32F4xx_HAL_Driver/Src/stm32f4xx_hal_tim.o
                0x0000000008035cec                HAL_TIM_Base_Init
 *fill*         0x0000000008035d8a        0x2 
 .text.HAL_TIM_Base_Start
                0x0000000008035d8c       0xd0 ./Drivers/STM32F4xx_HAL_Driver/Src/stm32f4xx_hal_tim.o
                0x0000000008035d8c                HAL_TIM_Base_Start
 .text.HAL_TIM_ConfigClockSource
                0x0000000008035e5c      0x18e ./Drivers/STM32F4xx_HAL_Driver/Src/stm32f4xx_hal_tim.o
                0x0000000008035e5c                HAL_TIM_ConfigClockSource
 *fill*         0x0000000008035fea        0x2 
 .text.TIM_Base_SetConfig
                0x0000000008035fec      0x140 ./Drivers/STM32F4xx_HAL_Driver/Src/stm32f4xx_hal_tim.o
                0x0000000008035fec                TIM_Base_SetConfig
 .text.TIM_TI1_ConfigInputStage
                0x000000000803612c       0x5e ./Drivers/STM32F4xx_HAL_Driver/Src/stm32f4xx_hal_tim.o
 .text.TIM_TI2_ConfigInputStage
                0x000000000803618a       0x60 ./Drivers/STM32F4xx_HAL_Driver/Src/stm32f4xx_hal_tim.o
 .text.TIM_ITRx_SetConfig
                0x00000000080361ea       0x36 ./Drivers/STM32F4xx_HAL_Driver/Src/stm32f4xx_hal_tim.o
 .text.TIM_ETR_SetConfig
                0x0000000008036220       0x40 ./Drivers/STM32F4xx_HAL_Driver/Src/stm32f4xx_hal_tim.o
                0x0000000008036220                TIM_ETR_SetConfig
 .text.HAL_TIMEx_MasterConfigSynchronization
                0x0000000008036260       0xf8 ./Drivers/STM32F4xx_HAL_Driver/Src/stm32f4xx_hal_tim_ex.o
                0x0000000008036260                HAL_TIMEx_MasterConfigSynchronization
 .text.HAL_UART_Init
                0x0000000008036358       0x9a ./Drivers/STM32F4xx_HAL_Driver/Src/stm32f4xx_hal_uart.o
                0x0000000008036358                HAL_UART_Init
 .text.HAL_UART_Transmit
                0x00000000080363f2      0x124 ./Drivers/STM32F4xx_HAL_Driver/Src/stm32f4xx_hal_uart.o
                0x00000000080363f2                HAL_UART_Transmit
 .text.HAL_UART_Receive
                0x0000000008036516      0x144 ./Drivers/STM32F4xx_HAL_Driver/Src/stm32f4xx_hal_uart.o
                0x0000000008036516                HAL_UART_Receive
 .text.HAL_UART_Receive_IT
                0x000000000803665a       0x60 ./Drivers/STM32F4xx_HAL_Driver/Src/stm32f4xx_hal_uart.o
                0x000000000803665a                HAL_UART_Receive_IT
 *fill*         0x00000000080366ba        0x2 
 .text.HAL_UART_IRQHandler
                0x00000000080366bc      0x51c ./Drivers/STM32F4xx_HAL_Driver/Src/stm32f4xx_hal_uart.o
                0x00000000080366bc                HAL_UART_IRQHandler
 .text.HAL_UART_TxCpltCallback
                0x0000000008036bd8       0x14 ./Drivers/STM32F4xx_HAL_Driver/Src/stm32f4xx_hal_uart.o
                0x0000000008036bd8                HAL_UART_TxCpltCallback
 .text.HAL_UART_ErrorCallback
                0x0000000008036bec       0x14 ./Drivers/STM32F4xx_HAL_Driver/Src/stm32f4xx_hal_uart.o
                0x0000000008036bec                HAL_UART_ErrorCallback
 .text.HAL_UARTEx_RxEventCallback
                0x0000000008036c00       0x18 ./Drivers/STM32F4xx_HAL_Driver/Src/stm32f4xx_hal_uart.o
                0x0000000008036c00                HAL_UARTEx_RxEventCallback
 .text.UART_WaitOnFlagUntilTimeout
                0x0000000008036c18       0xdc ./Drivers/STM32F4xx_HAL_Driver/Src/stm32f4xx_hal_uart.o
 .text.UART_Start_Receive_IT
                0x0000000008036cf4       0x74 ./Drivers/STM32F4xx_HAL_Driver/Src/stm32f4xx_hal_uart.o
                0x0000000008036cf4                UART_Start_Receive_IT
 .text.UART_EndRxTransfer
                0x0000000008036d68       0xc6 ./Drivers/STM32F4xx_HAL_Driver/Src/stm32f4xx_hal_uart.o
 .text.UART_DMAAbortOnError
                0x0000000008036e2e       0x28 ./Drivers/STM32F4xx_HAL_Driver/Src/stm32f4xx_hal_uart.o
 .text.UART_Transmit_IT
                0x0000000008036e56       0xa0 ./Drivers/STM32F4xx_HAL_Driver/Src/stm32f4xx_hal_uart.o
 .text.UART_EndTransmit_IT
                0x0000000008036ef6       0x30 ./Drivers/STM32F4xx_HAL_Driver/Src/stm32f4xx_hal_uart.o
 .text.UART_Receive_IT
                0x0000000008036f26      0x176 ./Drivers/STM32F4xx_HAL_Driver/Src/stm32f4xx_hal_uart.o
 .text.UART_SetConfig
                0x000000000803709c      0x390 ./Drivers/STM32F4xx_HAL_Driver/Src/stm32f4xx_hal_uart.o
 .text.SDIO_Init
                0x000000000803742c       0x56 ./Drivers/STM32F4xx_HAL_Driver/Src/stm32f4xx_ll_sdmmc.o
                0x000000000803742c                SDIO_Init
 .text.SDIO_ReadFIFO
                0x0000000008037482       0x1a ./Drivers/STM32F4xx_HAL_Driver/Src/stm32f4xx_ll_sdmmc.o
                0x0000000008037482                SDIO_ReadFIFO
 .text.SDIO_WriteFIFO
                0x000000000803749c       0x22 ./Drivers/STM32F4xx_HAL_Driver/Src/stm32f4xx_ll_sdmmc.o
                0x000000000803749c                SDIO_WriteFIFO
 .text.SDIO_PowerState_ON
                0x00000000080374be       0x1e ./Drivers/STM32F4xx_HAL_Driver/Src/stm32f4xx_ll_sdmmc.o
                0x00000000080374be                SDIO_PowerState_ON
 .text.SDIO_GetPowerState
                0x00000000080374dc       0x1c ./Drivers/STM32F4xx_HAL_Driver/Src/stm32f4xx_ll_sdmmc.o
                0x00000000080374dc                SDIO_GetPowerState
 .text.SDIO_SendCommand
                0x00000000080374f8       0x54 ./Drivers/STM32F4xx_HAL_Driver/Src/stm32f4xx_ll_sdmmc.o
                0x00000000080374f8                SDIO_SendCommand
 .text.SDIO_GetCommandResponse
                0x000000000803754c       0x1a ./Drivers/STM32F4xx_HAL_Driver/Src/stm32f4xx_ll_sdmmc.o
                0x000000000803754c                SDIO_GetCommandResponse
 .text.SDIO_GetResponse
                0x0000000008037566       0x26 ./Drivers/STM32F4xx_HAL_Driver/Src/stm32f4xx_ll_sdmmc.o
                0x0000000008037566                SDIO_GetResponse
 .text.SDIO_ConfigData
                0x000000000803758c       0x58 ./Drivers/STM32F4xx_HAL_Driver/Src/stm32f4xx_ll_sdmmc.o
                0x000000000803758c                SDIO_ConfigData
 .text.SDMMC_CmdBlockLength
                0x00000000080375e4       0x44 ./Drivers/STM32F4xx_HAL_Driver/Src/stm32f4xx_ll_sdmmc.o
                0x00000000080375e4                SDMMC_CmdBlockLength
 .text.SDMMC_CmdReadSingleBlock
                0x0000000008037628       0x44 ./Drivers/STM32F4xx_HAL_Driver/Src/stm32f4xx_ll_sdmmc.o
                0x0000000008037628                SDMMC_CmdReadSingleBlock
 .text.SDMMC_CmdReadMultiBlock
                0x000000000803766c       0x44 ./Drivers/STM32F4xx_HAL_Driver/Src/stm32f4xx_ll_sdmmc.o
                0x000000000803766c                SDMMC_CmdReadMultiBlock
 .text.SDMMC_CmdWriteSingleBlock
                0x00000000080376b0       0x44 ./Drivers/STM32F4xx_HAL_Driver/Src/stm32f4xx_ll_sdmmc.o
                0x00000000080376b0                SDMMC_CmdWriteSingleBlock
 .text.SDMMC_CmdWriteMultiBlock
                0x00000000080376f4       0x44 ./Drivers/STM32F4xx_HAL_Driver/Src/stm32f4xx_ll_sdmmc.o
                0x00000000080376f4                SDMMC_CmdWriteMultiBlock
 .text.SDMMC_CmdStopTransfer
                0x0000000008037738       0x44 ./Drivers/STM32F4xx_HAL_Driver/Src/stm32f4xx_ll_sdmmc.o
                0x0000000008037738                SDMMC_CmdStopTransfer
 .text.SDMMC_CmdSelDesel
                0x000000000803777c       0x46 ./Drivers/STM32F4xx_HAL_Driver/Src/stm32f4xx_ll_sdmmc.o
                0x000000000803777c                SDMMC_CmdSelDesel
 .text.SDMMC_CmdGoIdleState
                0x00000000080377c2       0x3c ./Drivers/STM32F4xx_HAL_Driver/Src/stm32f4xx_ll_sdmmc.o
                0x00000000080377c2                SDMMC_CmdGoIdleState
 .text.SDMMC_CmdOperCond
                0x00000000080377fe       0x3e ./Drivers/STM32F4xx_HAL_Driver/Src/stm32f4xx_ll_sdmmc.o
                0x00000000080377fe                SDMMC_CmdOperCond
 .text.SDMMC_CmdAppCommand
                0x000000000803783c       0x44 ./Drivers/STM32F4xx_HAL_Driver/Src/stm32f4xx_ll_sdmmc.o
                0x000000000803783c                SDMMC_CmdAppCommand
 .text.SDMMC_CmdAppOperCommand
                0x0000000008037880       0x46 ./Drivers/STM32F4xx_HAL_Driver/Src/stm32f4xx_ll_sdmmc.o
                0x0000000008037880                SDMMC_CmdAppOperCommand
 .text.SDMMC_CmdSendCID
                0x00000000080378c6       0x3c ./Drivers/STM32F4xx_HAL_Driver/Src/stm32f4xx_ll_sdmmc.o
                0x00000000080378c6                SDMMC_CmdSendCID
 .text.SDMMC_CmdSendCSD
                0x0000000008037902       0x3e ./Drivers/STM32F4xx_HAL_Driver/Src/stm32f4xx_ll_sdmmc.o
                0x0000000008037902                SDMMC_CmdSendCSD
 .text.SDMMC_CmdSetRelAdd
                0x0000000008037940       0x42 ./Drivers/STM32F4xx_HAL_Driver/Src/stm32f4xx_ll_sdmmc.o
                0x0000000008037940                SDMMC_CmdSetRelAdd
 .text.SDMMC_CmdSendStatus
                0x0000000008037982       0x44 ./Drivers/STM32F4xx_HAL_Driver/Src/stm32f4xx_ll_sdmmc.o
                0x0000000008037982                SDMMC_CmdSendStatus
 *fill*         0x00000000080379c6        0x2 
 .text.SDMMC_GetCmdError
                0x00000000080379c8       0x58 ./Drivers/STM32F4xx_HAL_Driver/Src/stm32f4xx_ll_sdmmc.o
 .text.SDMMC_GetCmdResp1
                0x0000000008037a20      0x1dc ./Drivers/STM32F4xx_HAL_Driver/Src/stm32f4xx_ll_sdmmc.o
 .text.SDMMC_GetCmdResp2
                0x0000000008037bfc       0x90 ./Drivers/STM32F4xx_HAL_Driver/Src/stm32f4xx_ll_sdmmc.o
 .text.SDMMC_GetCmdResp3
                0x0000000008037c8c       0x7c ./Drivers/STM32F4xx_HAL_Driver/Src/stm32f4xx_ll_sdmmc.o
 .text.SDMMC_GetCmdResp6
                0x0000000008037d08       0xec ./Drivers/STM32F4xx_HAL_Driver/Src/stm32f4xx_ll_sdmmc.o
 .text.SDMMC_GetCmdResp7
                0x0000000008037df4       0x9c ./Drivers/STM32F4xx_HAL_Driver/Src/stm32f4xx_ll_sdmmc.o
 .text.MX_FATFS_Init
                0x0000000008037e90       0x24 ./FATFS/App/fatfs.o
                0x0000000008037e90                MX_FATFS_Init
 .text.get_fattime
                0x0000000008037eb4       0x10 ./FATFS/App/fatfs.o
                0x0000000008037eb4                get_fattime
 .text.BSP_SD_Init
                0x0000000008037ec4       0x30 ./FATFS/Target/bsp_driver_sd.o
                0x0000000008037ec4                BSP_SD_Init
 .text.BSP_SD_ReadBlocks
                0x0000000008037ef4       0x3c ./FATFS/Target/bsp_driver_sd.o
                0x0000000008037ef4                BSP_SD_ReadBlocks
 .text.BSP_SD_WriteBlocks
                0x0000000008037f30       0x3c ./FATFS/Target/bsp_driver_sd.o
                0x0000000008037f30                BSP_SD_WriteBlocks
 .text.BSP_SD_GetCardState
                0x0000000008037f6c       0x20 ./FATFS/Target/bsp_driver_sd.o
                0x0000000008037f6c                BSP_SD_GetCardState
 .text.BSP_SD_GetCardInfo
                0x0000000008037f8c       0x1c ./FATFS/Target/bsp_driver_sd.o
                0x0000000008037f8c                BSP_SD_GetCardInfo
 .text.BSP_SD_IsDetected
                0x0000000008037fa8       0x1a ./FATFS/Target/bsp_driver_sd.o
                0x0000000008037fa8                BSP_SD_IsDetected
 *fill*         0x0000000008037fc2        0x2 
 .text.SD_CheckStatus
                0x0000000008037fc4       0x3c ./FATFS/Target/sd_diskio.o
 .text.SD_initialize
                0x0000000008038000       0x3c ./FATFS/Target/sd_diskio.o
                0x0000000008038000                SD_initialize
 .text.SD_status
                0x000000000803803c       0x1c ./FATFS/Target/sd_diskio.o
                0x000000000803803c                SD_status
 .text.SD_read  0x0000000008038058       0x42 ./FATFS/Target/sd_diskio.o
                0x0000000008038058                SD_read
 .text.SD_write
                0x000000000803809a       0x42 ./FATFS/Target/sd_diskio.o
                0x000000000803809a                SD_write
 .text.SD_ioctl
                0x00000000080380dc       0xb0 ./FATFS/Target/sd_diskio.o
                0x00000000080380dc                SD_ioctl
 .text.disk_status
                0x000000000803818c       0x34 ./Middlewares/Third_Party/FatFs/src/diskio.o
                0x000000000803818c                disk_status
 .text.disk_initialize
                0x00000000080381c0       0x4c ./Middlewares/Third_Party/FatFs/src/diskio.o
                0x00000000080381c0                disk_initialize
 .text.disk_read
                0x000000000803820c       0x40 ./Middlewares/Third_Party/FatFs/src/diskio.o
                0x000000000803820c                disk_read
 .text.disk_write
                0x000000000803824c       0x40 ./Middlewares/Third_Party/FatFs/src/diskio.o
                0x000000000803824c                disk_write
 .text.disk_ioctl
                0x000000000803828c       0x3c ./Middlewares/Third_Party/FatFs/src/diskio.o
                0x000000000803828c                disk_ioctl
 .text.ld_word  0x00000000080382c8       0x30 ./Middlewares/Third_Party/FatFs/src/ff.o
 .text.ld_dword
                0x00000000080382f8       0x46 ./Middlewares/Third_Party/FatFs/src/ff.o
 .text.st_word  0x000000000803833e       0x36 ./Middlewares/Third_Party/FatFs/src/ff.o
 .text.st_dword
                0x0000000008038374       0x58 ./Middlewares/Third_Party/FatFs/src/ff.o
 .text.mem_cpy  0x00000000080383cc       0x42 ./Middlewares/Third_Party/FatFs/src/ff.o
 .text.mem_set  0x000000000803840e       0x36 ./Middlewares/Third_Party/FatFs/src/ff.o
 .text.mem_cmp  0x0000000008038444       0x4e ./Middlewares/Third_Party/FatFs/src/ff.o
 .text.chk_chr  0x0000000008038492       0x36 ./Middlewares/Third_Party/FatFs/src/ff.o
 .text.chk_lock
                0x00000000080384c8       0xb8 ./Middlewares/Third_Party/FatFs/src/ff.o
 .text.enq_lock
                0x0000000008038580       0x44 ./Middlewares/Third_Party/FatFs/src/ff.o
 .text.inc_lock
                0x00000000080385c4      0x11c ./Middlewares/Third_Party/FatFs/src/ff.o
 .text.dec_lock
                0x00000000080386e0       0x78 ./Middlewares/Third_Party/FatFs/src/ff.o
 .text.clear_lock
                0x0000000008038758       0x48 ./Middlewares/Third_Party/FatFs/src/ff.o
 .text.sync_window
                0x00000000080387a0       0x88 ./Middlewares/Third_Party/FatFs/src/ff.o
 .text.move_window
                0x0000000008038828       0x5a ./Middlewares/Third_Party/FatFs/src/ff.o
 *fill*         0x0000000008038882        0x2 
 .text.sync_fs  0x0000000008038884       0xdc ./Middlewares/Third_Party/FatFs/src/ff.o
 .text.clust2sect
                0x0000000008038960       0x3e ./Middlewares/Third_Party/FatFs/src/ff.o
 .text.get_fat  0x000000000803899e      0x150 ./Middlewares/Third_Party/FatFs/src/ff.o
 .text.put_fat  0x0000000008038aee      0x1d8 ./Middlewares/Third_Party/FatFs/src/ff.o
 .text.remove_chain
                0x0000000008038cc6       0xca ./Middlewares/Third_Party/FatFs/src/ff.o
 .text.create_chain
                0x0000000008038d90      0x130 ./Middlewares/Third_Party/FatFs/src/ff.o
 .text.clmt_clust
                0x0000000008038ec0       0x68 ./Middlewares/Third_Party/FatFs/src/ff.o
 .text.dir_sdi  0x0000000008038f28       0xf6 ./Middlewares/Third_Party/FatFs/src/ff.o
 .text.dir_next
                0x000000000803901e      0x18a ./Middlewares/Third_Party/FatFs/src/ff.o
 .text.dir_alloc
                0x00000000080391a8       0x8e ./Middlewares/Third_Party/FatFs/src/ff.o
 .text.ld_clust
                0x0000000008039236       0x3e ./Middlewares/Third_Party/FatFs/src/ff.o
 .text.st_clust
                0x0000000008039274       0x40 ./Middlewares/Third_Party/FatFs/src/ff.o
 .text.dir_find
                0x00000000080392b4       0xaa ./Middlewares/Third_Party/FatFs/src/ff.o
 .text.dir_register
                0x000000000803935e       0x64 ./Middlewares/Third_Party/FatFs/src/ff.o
 *fill*         0x00000000080393c2        0x2 
 .text.create_name
                0x00000000080393c4      0x128 ./Middlewares/Third_Party/FatFs/src/ff.o
 .text.follow_path
                0x00000000080394ec       0xe2 ./Middlewares/Third_Party/FatFs/src/ff.o
 .text.get_ldnumber
                0x00000000080395ce       0x88 ./Middlewares/Third_Party/FatFs/src/ff.o
 *fill*         0x0000000008039656        0x2 
 .text.check_fs
                0x0000000008039658       0xac ./Middlewares/Third_Party/FatFs/src/ff.o
 .text.find_volume
                0x0000000008039704      0x498 ./Middlewares/Third_Party/FatFs/src/ff.o
 .text.validate
                0x0000000008039b9c       0x6a ./Middlewares/Third_Party/FatFs/src/ff.o
 *fill*         0x0000000008039c06        0x2 
 .text.f_mount  0x0000000008039c08       0x8c ./Middlewares/Third_Party/FatFs/src/ff.o
                0x0000000008039c08                f_mount
 .text.f_open   0x0000000008039c94      0x37c ./Middlewares/Third_Party/FatFs/src/ff.o
                0x0000000008039c94                f_open
 .text.f_read   0x000000000803a010      0x27e ./Middlewares/Third_Party/FatFs/src/ff.o
                0x000000000803a010                f_read
 .text.f_write  0x000000000803a28e      0x2ea ./Middlewares/Third_Party/FatFs/src/ff.o
                0x000000000803a28e                f_write
 .text.f_sync   0x000000000803a578       0xfc ./Middlewares/Third_Party/FatFs/src/ff.o
                0x000000000803a578                f_sync
 .text.f_close  0x000000000803a674       0x54 ./Middlewares/Third_Party/FatFs/src/ff.o
                0x000000000803a674                f_close
 .text.FATFS_LinkDriverEx
                0x000000000803a6c8       0x98 ./Middlewares/Third_Party/FatFs/src/ff_gen_drv.o
                0x000000000803a6c8                FATFS_LinkDriverEx
 .text.FATFS_LinkDriver
                0x000000000803a760       0x1e ./Middlewares/Third_Party/FatFs/src/ff_gen_drv.o
                0x000000000803a760                FATFS_LinkDriver
 *fill*         0x000000000803a77e        0x2 
 .text.__errno  0x000000000803a780        0xc c:/st/stm32cubeide_1.8.0/stm32cubeide/plugins/com.st.stm32cube.ide.mcu.externaltools.gnu-tools-for-stm32.9-2020-q2-update.win32_2.0.0.202105311346/tools/bin/../lib/gcc/arm-none-eabi/9.3.1/../../../../arm-none-eabi/lib/thumb/v7e-m+fp/hard\libc_nano.a(lib_a-errno.o)
                0x000000000803a780                __errno
 .text.__sflush_r
                0x000000000803a78c      0x10c c:/st/stm32cubeide_1.8.0/stm32cubeide/plugins/com.st.stm32cube.ide.mcu.externaltools.gnu-tools-for-stm32.9-2020-q2-update.win32_2.0.0.202105311346/tools/bin/../lib/gcc/arm-none-eabi/9.3.1/../../../../arm-none-eabi/lib/thumb/v7e-m+fp/hard\libc_nano.a(lib_a-fflush.o)
                0x000000000803a78c                __sflush_r
 .text._fflush_r
                0x000000000803a898       0x78 c:/st/stm32cubeide_1.8.0/stm32cubeide/plugins/com.st.stm32cube.ide.mcu.externaltools.gnu-tools-for-stm32.9-2020-q2-update.win32_2.0.0.202105311346/tools/bin/../lib/gcc/arm-none-eabi/9.3.1/../../../../arm-none-eabi/lib/thumb/v7e-m+fp/hard\libc_nano.a(lib_a-fflush.o)
                0x000000000803a898                _fflush_r
 .text.std      0x000000000803a910       0x48 c:/st/stm32cubeide_1.8.0/stm32cubeide/plugins/com.st.stm32cube.ide.mcu.externaltools.gnu-tools-for-stm32.9-2020-q2-update.win32_2.0.0.202105311346/tools/bin/../lib/gcc/arm-none-eabi/9.3.1/../../../../arm-none-eabi/lib/thumb/v7e-m+fp/hard\libc_nano.a(lib_a-findfp.o)
 .text._cleanup_r
                0x000000000803a958        0xc c:/st/stm32cubeide_1.8.0/stm32cubeide/plugins/com.st.stm32cube.ide.mcu.externaltools.gnu-tools-for-stm32.9-2020-q2-update.win32_2.0.0.202105311346/tools/bin/../lib/gcc/arm-none-eabi/9.3.1/../../../../arm-none-eabi/lib/thumb/v7e-m+fp/hard\libc_nano.a(lib_a-findfp.o)
                0x000000000803a958                _cleanup_r
 .text.__sfmoreglue
                0x000000000803a964       0x2c c:/st/stm32cubeide_1.8.0/stm32cubeide/plugins/com.st.stm32cube.ide.mcu.externaltools.gnu-tools-for-stm32.9-2020-q2-update.win32_2.0.0.202105311346/tools/bin/../lib/gcc/arm-none-eabi/9.3.1/../../../../arm-none-eabi/lib/thumb/v7e-m+fp/hard\libc_nano.a(lib_a-findfp.o)
                0x000000000803a964                __sfmoreglue
 .text.__sfp_lock_acquire
                0x000000000803a990        0xc c:/st/stm32cubeide_1.8.0/stm32cubeide/plugins/com.st.stm32cube.ide.mcu.externaltools.gnu-tools-for-stm32.9-2020-q2-update.win32_2.0.0.202105311346/tools/bin/../lib/gcc/arm-none-eabi/9.3.1/../../../../arm-none-eabi/lib/thumb/v7e-m+fp/hard\libc_nano.a(lib_a-findfp.o)
                0x000000000803a990                __sfp_lock_acquire
 .text.__sfp_lock_release
                0x000000000803a99c        0xc c:/st/stm32cubeide_1.8.0/stm32cubeide/plugins/com.st.stm32cube.ide.mcu.externaltools.gnu-tools-for-stm32.9-2020-q2-update.win32_2.0.0.202105311346/tools/bin/../lib/gcc/arm-none-eabi/9.3.1/../../../../arm-none-eabi/lib/thumb/v7e-m+fp/hard\libc_nano.a(lib_a-findfp.o)
                0x000000000803a99c                __sfp_lock_release
 .text.__sinit_lock_acquire
                0x000000000803a9a8        0xc c:/st/stm32cubeide_1.8.0/stm32cubeide/plugins/com.st.stm32cube.ide.mcu.externaltools.gnu-tools-for-stm32.9-2020-q2-update.win32_2.0.0.202105311346/tools/bin/../lib/gcc/arm-none-eabi/9.3.1/../../../../arm-none-eabi/lib/thumb/v7e-m+fp/hard\libc_nano.a(lib_a-findfp.o)
                0x000000000803a9a8                __sinit_lock_acquire
 .text.__sinit_lock_release
                0x000000000803a9b4        0xc c:/st/stm32cubeide_1.8.0/stm32cubeide/plugins/com.st.stm32cube.ide.mcu.externaltools.gnu-tools-for-stm32.9-2020-q2-update.win32_2.0.0.202105311346/tools/bin/../lib/gcc/arm-none-eabi/9.3.1/../../../../arm-none-eabi/lib/thumb/v7e-m+fp/hard\libc_nano.a(lib_a-findfp.o)
                0x000000000803a9b4                __sinit_lock_release
 .text.__sinit  0x000000000803a9c0       0x70 c:/st/stm32cubeide_1.8.0/stm32cubeide/plugins/com.st.stm32cube.ide.mcu.externaltools.gnu-tools-for-stm32.9-2020-q2-update.win32_2.0.0.202105311346/tools/bin/../lib/gcc/arm-none-eabi/9.3.1/../../../../arm-none-eabi/lib/thumb/v7e-m+fp/hard\libc_nano.a(lib_a-findfp.o)
                0x000000000803a9c0                __sinit
 .text.__sfp    0x000000000803aa30       0x8c c:/st/stm32cubeide_1.8.0/stm32cubeide/plugins/com.st.stm32cube.ide.mcu.externaltools.gnu-tools-for-stm32.9-2020-q2-update.win32_2.0.0.202105311346/tools/bin/../lib/gcc/arm-none-eabi/9.3.1/../../../../arm-none-eabi/lib/thumb/v7e-m+fp/hard\libc_nano.a(lib_a-findfp.o)
                0x000000000803aa30                __sfp
 .text._fwalk_reent
                0x000000000803aabc       0x3e c:/st/stm32cubeide_1.8.0/stm32cubeide/plugins/com.st.stm32cube.ide.mcu.externaltools.gnu-tools-for-stm32.9-2020-q2-update.win32_2.0.0.202105311346/tools/bin/../lib/gcc/arm-none-eabi/9.3.1/../../../../arm-none-eabi/lib/thumb/v7e-m+fp/hard\libc_nano.a(lib_a-fwalk.o)
                0x000000000803aabc                _fwalk_reent
 *fill*         0x000000000803aafa        0x2 
 .text.__libc_init_array
                0x000000000803aafc       0x48 c:/st/stm32cubeide_1.8.0/stm32cubeide/plugins/com.st.stm32cube.ide.mcu.externaltools.gnu-tools-for-stm32.9-2020-q2-update.win32_2.0.0.202105311346/tools/bin/../lib/gcc/arm-none-eabi/9.3.1/../../../../arm-none-eabi/lib/thumb/v7e-m+fp/hard\libc_nano.a(lib_a-init.o)
                0x000000000803aafc                __libc_init_array
 .text.__retarget_lock_init_recursive
                0x000000000803ab44        0x2 c:/st/stm32cubeide_1.8.0/stm32cubeide/plugins/com.st.stm32cube.ide.mcu.externaltools.gnu-tools-for-stm32.9-2020-q2-update.win32_2.0.0.202105311346/tools/bin/../lib/gcc/arm-none-eabi/9.3.1/../../../../arm-none-eabi/lib/thumb/v7e-m+fp/hard\libc_nano.a(lib_a-lock.o)
                0x000000000803ab44                __retarget_lock_init_recursive
 .text.__retarget_lock_acquire_recursive
                0x000000000803ab46        0x2 c:/st/stm32cubeide_1.8.0/stm32cubeide/plugins/com.st.stm32cube.ide.mcu.externaltools.gnu-tools-for-stm32.9-2020-q2-update.win32_2.0.0.202105311346/tools/bin/../lib/gcc/arm-none-eabi/9.3.1/../../../../arm-none-eabi/lib/thumb/v7e-m+fp/hard\libc_nano.a(lib_a-lock.o)
                0x000000000803ab46                __retarget_lock_acquire_recursive
 .text.__retarget_lock_release_recursive
                0x000000000803ab48        0x2 c:/st/stm32cubeide_1.8.0/stm32cubeide/plugins/com.st.stm32cube.ide.mcu.externaltools.gnu-tools-for-stm32.9-2020-q2-update.win32_2.0.0.202105311346/tools/bin/../lib/gcc/arm-none-eabi/9.3.1/../../../../arm-none-eabi/lib/thumb/v7e-m+fp/hard\libc_nano.a(lib_a-lock.o)
                0x000000000803ab48                __retarget_lock_release_recursive
 .text.__swhatbuf_r
                0x000000000803ab4a       0x48 c:/st/stm32cubeide_1.8.0/stm32cubeide/plugins/com.st.stm32cube.ide.mcu.externaltools.gnu-tools-for-stm32.9-2020-q2-update.win32_2.0.0.202105311346/tools/bin/../lib/gcc/arm-none-eabi/9.3.1/../../../../arm-none-eabi/lib/thumb/v7e-m+fp/hard\libc_nano.a(lib_a-makebuf.o)
                0x000000000803ab4a                __swhatbuf_r
 *fill*         0x000000000803ab92        0x2 
 .text.__smakebuf_r
                0x000000000803ab94       0x80 c:/st/stm32cubeide_1.8.0/stm32cubeide/plugins/com.st.stm32cube.ide.mcu.externaltools.gnu-tools-for-stm32.9-2020-q2-update.win32_2.0.0.202105311346/tools/bin/../lib/gcc/arm-none-eabi/9.3.1/../../../../arm-none-eabi/lib/thumb/v7e-m+fp/hard\libc_nano.a(lib_a-makebuf.o)
                0x000000000803ab94                __smakebuf_r
 .text.memcpy   0x000000000803ac14       0x1c c:/st/stm32cubeide_1.8.0/stm32cubeide/plugins/com.st.stm32cube.ide.mcu.externaltools.gnu-tools-for-stm32.9-2020-q2-update.win32_2.0.0.202105311346/tools/bin/../lib/gcc/arm-none-eabi/9.3.1/../../../../arm-none-eabi/lib/thumb/v7e-m+fp/hard\libc_nano.a(lib_a-memcpy-stub.o)
                0x000000000803ac14                memcpy
 .text.memset   0x000000000803ac30       0x10 c:/st/stm32cubeide_1.8.0/stm32cubeide/plugins/com.st.stm32cube.ide.mcu.externaltools.gnu-tools-for-stm32.9-2020-q2-update.win32_2.0.0.202105311346/tools/bin/../lib/gcc/arm-none-eabi/9.3.1/../../../../arm-none-eabi/lib/thumb/v7e-m+fp/hard\libc_nano.a(lib_a-memset.o)
                0x000000000803ac30                memset
 .text._free_r  0x000000000803ac40       0xa0 c:/st/stm32cubeide_1.8.0/stm32cubeide/plugins/com.st.stm32cube.ide.mcu.externaltools.gnu-tools-for-stm32.9-2020-q2-update.win32_2.0.0.202105311346/tools/bin/../lib/gcc/arm-none-eabi/9.3.1/../../../../arm-none-eabi/lib/thumb/v7e-m+fp/hard\libc_nano.a(lib_a-nano-freer.o)
                0x000000000803ac40                _free_r
 .text._malloc_r
                0x000000000803ace0       0xb4 c:/st/stm32cubeide_1.8.0/stm32cubeide/plugins/com.st.stm32cube.ide.mcu.externaltools.gnu-tools-for-stm32.9-2020-q2-update.win32_2.0.0.202105311346/tools/bin/../lib/gcc/arm-none-eabi/9.3.1/../../../../arm-none-eabi/lib/thumb/v7e-m+fp/hard\libc_nano.a(lib_a-nano-mallocr.o)
                0x000000000803ace0                _malloc_r
 .text.__cvt    0x000000000803ad94       0xc4 c:/st/stm32cubeide_1.8.0/stm32cubeide/plugins/com.st.stm32cube.ide.mcu.externaltools.gnu-tools-for-stm32.9-2020-q2-update.win32_2.0.0.202105311346/tools/bin/../lib/gcc/arm-none-eabi/9.3.1/../../../../arm-none-eabi/lib/thumb/v7e-m+fp/hard\libc_nano.a(lib_a-nano-vfprintf_float.o)
                0x000000000803ad94                __cvt
 .text.__exponent
                0x000000000803ae58       0x7c c:/st/stm32cubeide_1.8.0/stm32cubeide/plugins/com.st.stm32cube.ide.mcu.externaltools.gnu-tools-for-stm32.9-2020-q2-update.win32_2.0.0.202105311346/tools/bin/../lib/gcc/arm-none-eabi/9.3.1/../../../../arm-none-eabi/lib/thumb/v7e-m+fp/hard\libc_nano.a(lib_a-nano-vfprintf_float.o)
                0x000000000803ae58                __exponent
 .text._printf_float
                0x000000000803aed4      0x46c c:/st/stm32cubeide_1.8.0/stm32cubeide/plugins/com.st.stm32cube.ide.mcu.externaltools.gnu-tools-for-stm32.9-2020-q2-update.win32_2.0.0.202105311346/tools/bin/../lib/gcc/arm-none-eabi/9.3.1/../../../../arm-none-eabi/lib/thumb/v7e-m+fp/hard\libc_nano.a(lib_a-nano-vfprintf_float.o)
                0x000000000803aed4                _printf_float
 .text._printf_common
                0x000000000803b340       0xda c:/st/stm32cubeide_1.8.0/stm32cubeide/plugins/com.st.stm32cube.ide.mcu.externaltools.gnu-tools-for-stm32.9-2020-q2-update.win32_2.0.0.202105311346/tools/bin/../lib/gcc/arm-none-eabi/9.3.1/../../../../arm-none-eabi/lib/thumb/v7e-m+fp/hard\libc_nano.a(lib_a-nano-vfprintf_i.o)
                0x000000000803b340                _printf_common
 *fill*         0x000000000803b41a        0x2 
 .text._printf_i
                0x000000000803b41c      0x24c c:/st/stm32cubeide_1.8.0/stm32cubeide/plugins/com.st.stm32cube.ide.mcu.externaltools.gnu-tools-for-stm32.9-2020-q2-update.win32_2.0.0.202105311346/tools/bin/../lib/gcc/arm-none-eabi/9.3.1/../../../../arm-none-eabi/lib/thumb/v7e-m+fp/hard\libc_nano.a(lib_a-nano-vfprintf_i.o)
                0x000000000803b41c                _printf_i
 .text._scanf_float
                0x000000000803b668      0x420 c:/st/stm32cubeide_1.8.0/stm32cubeide/plugins/com.st.stm32cube.ide.mcu.externaltools.gnu-tools-for-stm32.9-2020-q2-update.win32_2.0.0.202105311346/tools/bin/../lib/gcc/arm-none-eabi/9.3.1/../../../../arm-none-eabi/lib/thumb/v7e-m+fp/hard\libc_nano.a(lib_a-nano-vfscanf_float.o)
                0x000000000803b668                _scanf_float
 .text._sbrk_r  0x000000000803ba88       0x20 c:/st/stm32cubeide_1.8.0/stm32cubeide/plugins/com.st.stm32cube.ide.mcu.externaltools.gnu-tools-for-stm32.9-2020-q2-update.win32_2.0.0.202105311346/tools/bin/../lib/gcc/arm-none-eabi/9.3.1/../../../../arm-none-eabi/lib/thumb/v7e-m+fp/hard\libc_nano.a(lib_a-sbrkr.o)
                0x000000000803ba88                _sbrk_r
 .text.nanf     0x000000000803baa8        0xc c:/st/stm32cubeide_1.8.0/stm32cubeide/plugins/com.st.stm32cube.ide.mcu.externaltools.gnu-tools-for-stm32.9-2020-q2-update.win32_2.0.0.202105311346/tools/bin/../lib/gcc/arm-none-eabi/9.3.1/../../../../arm-none-eabi/lib/thumb/v7e-m+fp/hard\libc_nano.a(lib_a-sf_nan.o)
                0x000000000803baa8                nanf
 .text.sprintf  0x000000000803bab4       0x40 c:/st/stm32cubeide_1.8.0/stm32cubeide/plugins/com.st.stm32cube.ide.mcu.externaltools.gnu-tools-for-stm32.9-2020-q2-update.win32_2.0.0.202105311346/tools/bin/../lib/gcc/arm-none-eabi/9.3.1/../../../../arm-none-eabi/lib/thumb/v7e-m+fp/hard\libc_nano.a(lib_a-sprintf.o)
                0x000000000803bab4                siprintf
                0x000000000803bab4                sprintf
 .text.__sread  0x000000000803baf4       0x22 c:/st/stm32cubeide_1.8.0/stm32cubeide/plugins/com.st.stm32cube.ide.mcu.externaltools.gnu-tools-for-stm32.9-2020-q2-update.win32_2.0.0.202105311346/tools/bin/../lib/gcc/arm-none-eabi/9.3.1/../../../../arm-none-eabi/lib/thumb/v7e-m+fp/hard\libc_nano.a(lib_a-stdio.o)
                0x000000000803baf4                __sread
 .text.__swrite
                0x000000000803bb16       0x38 c:/st/stm32cubeide_1.8.0/stm32cubeide/plugins/com.st.stm32cube.ide.mcu.externaltools.gnu-tools-for-stm32.9-2020-q2-update.win32_2.0.0.202105311346/tools/bin/../lib/gcc/arm-none-eabi/9.3.1/../../../../arm-none-eabi/lib/thumb/v7e-m+fp/hard\libc_nano.a(lib_a-stdio.o)
                0x000000000803bb16                __swrite
 .text.__sseek  0x000000000803bb4e       0x24 c:/st/stm32cubeide_1.8.0/stm32cubeide/plugins/com.st.stm32cube.ide.mcu.externaltools.gnu-tools-for-stm32.9-2020-q2-update.win32_2.0.0.202105311346/tools/bin/../lib/gcc/arm-none-eabi/9.3.1/../../../../arm-none-eabi/lib/thumb/v7e-m+fp/hard\libc_nano.a(lib_a-stdio.o)
                0x000000000803bb4e                __sseek
 .text.__sclose
                0x000000000803bb72        0x8 c:/st/stm32cubeide_1.8.0/stm32cubeide/plugins/com.st.stm32cube.ide.mcu.externaltools.gnu-tools-for-stm32.9-2020-q2-update.win32_2.0.0.202105311346/tools/bin/../lib/gcc/arm-none-eabi/9.3.1/../../../../arm-none-eabi/lib/thumb/v7e-m+fp/hard\libc_nano.a(lib_a-stdio.o)
                0x000000000803bb72                __sclose
 .text.strncmp  0x000000000803bb7a       0x24 c:/st/stm32cubeide_1.8.0/stm32cubeide/plugins/com.st.stm32cube.ide.mcu.externaltools.gnu-tools-for-stm32.9-2020-q2-update.win32_2.0.0.202105311346/tools/bin/../lib/gcc/arm-none-eabi/9.3.1/../../../../arm-none-eabi/lib/thumb/v7e-m+fp/hard\libc_nano.a(lib_a-strncmp.o)
                0x000000000803bb7a                strncmp
 .text.sulp     0x000000000803bb9e       0x38 c:/st/stm32cubeide_1.8.0/stm32cubeide/plugins/com.st.stm32cube.ide.mcu.externaltools.gnu-tools-for-stm32.9-2020-q2-update.win32_2.0.0.202105311346/tools/bin/../lib/gcc/arm-none-eabi/9.3.1/../../../../arm-none-eabi/lib/thumb/v7e-m+fp/hard\libc_nano.a(lib_a-strtod.o)
 *fill*         0x000000000803bbd6        0x2 
 .text._strtod_l
                0x000000000803bbd8      0xc14 c:/st/stm32cubeide_1.8.0/stm32cubeide/plugins/com.st.stm32cube.ide.mcu.externaltools.gnu-tools-for-stm32.9-2020-q2-update.win32_2.0.0.202105311346/tools/bin/../lib/gcc/arm-none-eabi/9.3.1/../../../../arm-none-eabi/lib/thumb/v7e-m+fp/hard\libc_nano.a(lib_a-strtod.o)
                0x000000000803bbd8                _strtod_l
 .text._strtod_r
                0x000000000803c7ec        0xc c:/st/stm32cubeide_1.8.0/stm32cubeide/plugins/com.st.stm32cube.ide.mcu.externaltools.gnu-tools-for-stm32.9-2020-q2-update.win32_2.0.0.202105311346/tools/bin/../lib/gcc/arm-none-eabi/9.3.1/../../../../arm-none-eabi/lib/thumb/v7e-m+fp/hard\libc_nano.a(lib_a-strtod.o)
                0x000000000803c7ec                _strtod_r
 .text._strtol_l.isra.0
                0x000000000803c7f8      0x108 c:/st/stm32cubeide_1.8.0/stm32cubeide/plugins/com.st.stm32cube.ide.mcu.externaltools.gnu-tools-for-stm32.9-2020-q2-update.win32_2.0.0.202105311346/tools/bin/../lib/gcc/arm-none-eabi/9.3.1/../../../../arm-none-eabi/lib/thumb/v7e-m+fp/hard\libc_nano.a(lib_a-strtol.o)
 .text._strtol_r
                0x000000000803c900        0x4 c:/st/stm32cubeide_1.8.0/stm32cubeide/plugins/com.st.stm32cube.ide.mcu.externaltools.gnu-tools-for-stm32.9-2020-q2-update.win32_2.0.0.202105311346/tools/bin/../lib/gcc/arm-none-eabi/9.3.1/../../../../arm-none-eabi/lib/thumb/v7e-m+fp/hard\libc_nano.a(lib_a-strtol.o)
                0x000000000803c900                _strtol_r
 .text._write_r
                0x000000000803c904       0x24 c:/st/stm32cubeide_1.8.0/stm32cubeide/plugins/com.st.stm32cube.ide.mcu.externaltools.gnu-tools-for-stm32.9-2020-q2-update.win32_2.0.0.202105311346/tools/bin/../lib/gcc/arm-none-eabi/9.3.1/../../../../arm-none-eabi/lib/thumb/v7e-m+fp/hard\libc_nano.a(lib_a-writer.o)
                0x000000000803c904                _write_r
 .text._close_r
                0x000000000803c928       0x20 c:/st/stm32cubeide_1.8.0/stm32cubeide/plugins/com.st.stm32cube.ide.mcu.externaltools.gnu-tools-for-stm32.9-2020-q2-update.win32_2.0.0.202105311346/tools/bin/../lib/gcc/arm-none-eabi/9.3.1/../../../../arm-none-eabi/lib/thumb/v7e-m+fp/hard\libc_nano.a(lib_a-closer.o)
                0x000000000803c928                _close_r
 .text.quorem   0x000000000803c948      0x116 c:/st/stm32cubeide_1.8.0/stm32cubeide/plugins/com.st.stm32cube.ide.mcu.externaltools.gnu-tools-for-stm32.9-2020-q2-update.win32_2.0.0.202105311346/tools/bin/../lib/gcc/arm-none-eabi/9.3.1/../../../../arm-none-eabi/lib/thumb/v7e-m+fp/hard\libc_nano.a(lib_a-dtoa.o)
 *fill*         0x000000000803ca5e        0x2 
 .text._dtoa_r  0x000000000803ca60      0xbd8 c:/st/stm32cubeide_1.8.0/stm32cubeide/plugins/com.st.stm32cube.ide.mcu.externaltools.gnu-tools-for-stm32.9-2020-q2-update.win32_2.0.0.202105311346/tools/bin/../lib/gcc/arm-none-eabi/9.3.1/../../../../arm-none-eabi/lib/thumb/v7e-m+fp/hard\libc_nano.a(lib_a-dtoa.o)
                0x000000000803ca60                _dtoa_r
 .text._fstat_r
                0x000000000803d638       0x24 c:/st/stm32cubeide_1.8.0/stm32cubeide/plugins/com.st.stm32cube.ide.mcu.externaltools.gnu-tools-for-stm32.9-2020-q2-update.win32_2.0.0.202105311346/tools/bin/../lib/gcc/arm-none-eabi/9.3.1/../../../../arm-none-eabi/lib/thumb/v7e-m+fp/hard\libc_nano.a(lib_a-fstatr.o)
                0x000000000803d638                _fstat_r
 .text.rshift   0x000000000803d65c       0xa4 c:/st/stm32cubeide_1.8.0/stm32cubeide/plugins/com.st.stm32cube.ide.mcu.externaltools.gnu-tools-for-stm32.9-2020-q2-update.win32_2.0.0.202105311346/tools/bin/../lib/gcc/arm-none-eabi/9.3.1/../../../../arm-none-eabi/lib/thumb/v7e-m+fp/hard\libc_nano.a(lib_a-gdtoa-gethex.o)
 .text.__hexdig_fun
                0x000000000803d700       0x2a c:/st/stm32cubeide_1.8.0/stm32cubeide/plugins/com.st.stm32cube.ide.mcu.externaltools.gnu-tools-for-stm32.9-2020-q2-update.win32_2.0.0.202105311346/tools/bin/../lib/gcc/arm-none-eabi/9.3.1/../../../../arm-none-eabi/lib/thumb/v7e-m+fp/hard\libc_nano.a(lib_a-gdtoa-gethex.o)
                0x000000000803d700                __hexdig_fun
 *fill*         0x000000000803d72a        0x2 
 .text.__gethex
                0x000000000803d72c      0x48c c:/st/stm32cubeide_1.8.0/stm32cubeide/plugins/com.st.stm32cube.ide.mcu.externaltools.gnu-tools-for-stm32.9-2020-q2-update.win32_2.0.0.202105311346/tools/bin/../lib/gcc/arm-none-eabi/9.3.1/../../../../arm-none-eabi/lib/thumb/v7e-m+fp/hard\libc_nano.a(lib_a-gdtoa-gethex.o)
                0x000000000803d72c                __gethex
 .text.L_shift  0x000000000803dbb8       0x24 c:/st/stm32cubeide_1.8.0/stm32cubeide/plugins/com.st.stm32cube.ide.mcu.externaltools.gnu-tools-for-stm32.9-2020-q2-update.win32_2.0.0.202105311346/tools/bin/../lib/gcc/arm-none-eabi/9.3.1/../../../../arm-none-eabi/lib/thumb/v7e-m+fp/hard\libc_nano.a(lib_a-gdtoa-hexnan.o)
 .text.__match  0x000000000803dbdc       0x28 c:/st/stm32cubeide_1.8.0/stm32cubeide/plugins/com.st.stm32cube.ide.mcu.externaltools.gnu-tools-for-stm32.9-2020-q2-update.win32_2.0.0.202105311346/tools/bin/../lib/gcc/arm-none-eabi/9.3.1/../../../../arm-none-eabi/lib/thumb/v7e-m+fp/hard\libc_nano.a(lib_a-gdtoa-hexnan.o)
                0x000000000803dbdc                __match
 .text.__hexnan
                0x000000000803dc04      0x138 c:/st/stm32cubeide_1.8.0/stm32cubeide/plugins/com.st.stm32cube.ide.mcu.externaltools.gnu-tools-for-stm32.9-2020-q2-update.win32_2.0.0.202105311346/tools/bin/../lib/gcc/arm-none-eabi/9.3.1/../../../../arm-none-eabi/lib/thumb/v7e-m+fp/hard\libc_nano.a(lib_a-gdtoa-hexnan.o)
                0x000000000803dc04                __hexnan
 .text._isatty_r
                0x000000000803dd3c       0x20 c:/st/stm32cubeide_1.8.0/stm32cubeide/plugins/com.st.stm32cube.ide.mcu.externaltools.gnu-tools-for-stm32.9-2020-q2-update.win32_2.0.0.202105311346/tools/bin/../lib/gcc/arm-none-eabi/9.3.1/../../../../arm-none-eabi/lib/thumb/v7e-m+fp/hard\libc_nano.a(lib_a-isattyr.o)
                0x000000000803dd3c                _isatty_r
 .text._localeconv_r
                0x000000000803dd5c        0x8 c:/st/stm32cubeide_1.8.0/stm32cubeide/plugins/com.st.stm32cube.ide.mcu.externaltools.gnu-tools-for-stm32.9-2020-q2-update.win32_2.0.0.202105311346/tools/bin/../lib/gcc/arm-none-eabi/9.3.1/../../../../arm-none-eabi/lib/thumb/v7e-m+fp/hard\libc_nano.a(lib_a-localeconv.o)
                0x000000000803dd5c                _localeconv_r
 .text._lseek_r
                0x000000000803dd64       0x24 c:/st/stm32cubeide_1.8.0/stm32cubeide/plugins/com.st.stm32cube.ide.mcu.externaltools.gnu-tools-for-stm32.9-2020-q2-update.win32_2.0.0.202105311346/tools/bin/../lib/gcc/arm-none-eabi/9.3.1/../../../../arm-none-eabi/lib/thumb/v7e-m+fp/hard\libc_nano.a(lib_a-lseekr.o)
                0x000000000803dd64                _lseek_r
 .text.malloc   0x000000000803dd88       0x10 c:/st/stm32cubeide_1.8.0/stm32cubeide/plugins/com.st.stm32cube.ide.mcu.externaltools.gnu-tools-for-stm32.9-2020-q2-update.win32_2.0.0.202105311346/tools/bin/../lib/gcc/arm-none-eabi/9.3.1/../../../../arm-none-eabi/lib/thumb/v7e-m+fp/hard\libc_nano.a(lib_a-malloc.o)
                0x000000000803dd88                malloc
 .text.__ascii_mbtowc
                0x000000000803dd98       0x24 c:/st/stm32cubeide_1.8.0/stm32cubeide/plugins/com.st.stm32cube.ide.mcu.externaltools.gnu-tools-for-stm32.9-2020-q2-update.win32_2.0.0.202105311346/tools/bin/../lib/gcc/arm-none-eabi/9.3.1/../../../../arm-none-eabi/lib/thumb/v7e-m+fp/hard\libc_nano.a(lib_a-mbtowc_r.o)
                0x000000000803dd98                __ascii_mbtowc
 .text.__malloc_lock
                0x000000000803ddbc        0xc c:/st/stm32cubeide_1.8.0/stm32cubeide/plugins/com.st.stm32cube.ide.mcu.externaltools.gnu-tools-for-stm32.9-2020-q2-update.win32_2.0.0.202105311346/tools/bin/../lib/gcc/arm-none-eabi/9.3.1/../../../../arm-none-eabi/lib/thumb/v7e-m+fp/hard\libc_nano.a(lib_a-mlock.o)
                0x000000000803ddbc                __malloc_lock
 .text.__malloc_unlock
                0x000000000803ddc8        0xc c:/st/stm32cubeide_1.8.0/stm32cubeide/plugins/com.st.stm32cube.ide.mcu.externaltools.gnu-tools-for-stm32.9-2020-q2-update.win32_2.0.0.202105311346/tools/bin/../lib/gcc/arm-none-eabi/9.3.1/../../../../arm-none-eabi/lib/thumb/v7e-m+fp/hard\libc_nano.a(lib_a-mlock.o)
                0x000000000803ddc8                __malloc_unlock
 .text._Balloc  0x000000000803ddd4       0x80 c:/st/stm32cubeide_1.8.0/stm32cubeide/plugins/com.st.stm32cube.ide.mcu.externaltools.gnu-tools-for-stm32.9-2020-q2-update.win32_2.0.0.202105311346/tools/bin/../lib/gcc/arm-none-eabi/9.3.1/../../../../arm-none-eabi/lib/thumb/v7e-m+fp/hard\libc_nano.a(lib_a-mprec.o)
                0x000000000803ddd4                _Balloc
 .text._Bfree   0x000000000803de54       0x44 c:/st/stm32cubeide_1.8.0/stm32cubeide/plugins/com.st.stm32cube.ide.mcu.externaltools.gnu-tools-for-stm32.9-2020-q2-update.win32_2.0.0.202105311346/tools/bin/../lib/gcc/arm-none-eabi/9.3.1/../../../../arm-none-eabi/lib/thumb/v7e-m+fp/hard\libc_nano.a(lib_a-mprec.o)
                0x000000000803de54                _Bfree
 .text.__multadd
                0x000000000803de98       0x94 c:/st/stm32cubeide_1.8.0/stm32cubeide/plugins/com.st.stm32cube.ide.mcu.externaltools.gnu-tools-for-stm32.9-2020-q2-update.win32_2.0.0.202105311346/tools/bin/../lib/gcc/arm-none-eabi/9.3.1/../../../../arm-none-eabi/lib/thumb/v7e-m+fp/hard\libc_nano.a(lib_a-mprec.o)
                0x000000000803de98                __multadd
 .text.__s2b    0x000000000803df2c       0x94 c:/st/stm32cubeide_1.8.0/stm32cubeide/plugins/com.st.stm32cube.ide.mcu.externaltools.gnu-tools-for-stm32.9-2020-q2-update.win32_2.0.0.202105311346/tools/bin/../lib/gcc/arm-none-eabi/9.3.1/../../../../arm-none-eabi/lib/thumb/v7e-m+fp/hard\libc_nano.a(lib_a-mprec.o)
                0x000000000803df2c                __s2b
 .text.__hi0bits
                0x000000000803dfc0       0x40 c:/st/stm32cubeide_1.8.0/stm32cubeide/plugins/com.st.stm32cube.ide.mcu.externaltools.gnu-tools-for-stm32.9-2020-q2-update.win32_2.0.0.202105311346/tools/bin/../lib/gcc/arm-none-eabi/9.3.1/../../../../arm-none-eabi/lib/thumb/v7e-m+fp/hard\libc_nano.a(lib_a-mprec.o)
                0x000000000803dfc0                __hi0bits
 .text.__lo0bits
                0x000000000803e000       0x60 c:/st/stm32cubeide_1.8.0/stm32cubeide/plugins/com.st.stm32cube.ide.mcu.externaltools.gnu-tools-for-stm32.9-2020-q2-update.win32_2.0.0.202105311346/tools/bin/../lib/gcc/arm-none-eabi/9.3.1/../../../../arm-none-eabi/lib/thumb/v7e-m+fp/hard\libc_nano.a(lib_a-mprec.o)
                0x000000000803e000                __lo0bits
 .text.__i2b    0x000000000803e060       0x2c c:/st/stm32cubeide_1.8.0/stm32cubeide/plugins/com.st.stm32cube.ide.mcu.externaltools.gnu-tools-for-stm32.9-2020-q2-update.win32_2.0.0.202105311346/tools/bin/../lib/gcc/arm-none-eabi/9.3.1/../../../../arm-none-eabi/lib/thumb/v7e-m+fp/hard\libc_nano.a(lib_a-mprec.o)
                0x000000000803e060                __i2b
 .text.__multiply
                0x000000000803e08c      0x14c c:/st/stm32cubeide_1.8.0/stm32cubeide/plugins/com.st.stm32cube.ide.mcu.externaltools.gnu-tools-for-stm32.9-2020-q2-update.win32_2.0.0.202105311346/tools/bin/../lib/gcc/arm-none-eabi/9.3.1/../../../../arm-none-eabi/lib/thumb/v7e-m+fp/hard\libc_nano.a(lib_a-mprec.o)
                0x000000000803e08c                __multiply
 .text.__pow5mult
                0x000000000803e1d8       0xb4 c:/st/stm32cubeide_1.8.0/stm32cubeide/plugins/com.st.stm32cube.ide.mcu.externaltools.gnu-tools-for-stm32.9-2020-q2-update.win32_2.0.0.202105311346/tools/bin/../lib/gcc/arm-none-eabi/9.3.1/../../../../arm-none-eabi/lib/thumb/v7e-m+fp/hard\libc_nano.a(lib_a-mprec.o)
                0x000000000803e1d8                __pow5mult
 .text.__lshift
                0x000000000803e28c       0xd8 c:/st/stm32cubeide_1.8.0/stm32cubeide/plugins/com.st.stm32cube.ide.mcu.externaltools.gnu-tools-for-stm32.9-2020-q2-update.win32_2.0.0.202105311346/tools/bin/../lib/gcc/arm-none-eabi/9.3.1/../../../../arm-none-eabi/lib/thumb/v7e-m+fp/hard\libc_nano.a(lib_a-mprec.o)
                0x000000000803e28c                __lshift
 .text.__mcmp   0x000000000803e364       0x38 c:/st/stm32cubeide_1.8.0/stm32cubeide/plugins/com.st.stm32cube.ide.mcu.externaltools.gnu-tools-for-stm32.9-2020-q2-update.win32_2.0.0.202105311346/tools/bin/../lib/gcc/arm-none-eabi/9.3.1/../../../../arm-none-eabi/lib/thumb/v7e-m+fp/hard\libc_nano.a(lib_a-mprec.o)
                0x000000000803e364                __mcmp
 .text.__mdiff  0x000000000803e39c      0x110 c:/st/stm32cubeide_1.8.0/stm32cubeide/plugins/com.st.stm32cube.ide.mcu.externaltools.gnu-tools-for-stm32.9-2020-q2-update.win32_2.0.0.202105311346/tools/bin/../lib/gcc/arm-none-eabi/9.3.1/../../../../arm-none-eabi/lib/thumb/v7e-m+fp/hard\libc_nano.a(lib_a-mprec.o)
                0x000000000803e39c                __mdiff
 .text.__ulp    0x000000000803e4ac       0x58 c:/st/stm32cubeide_1.8.0/stm32cubeide/plugins/com.st.stm32cube.ide.mcu.externaltools.gnu-tools-for-stm32.9-2020-q2-update.win32_2.0.0.202105311346/tools/bin/../lib/gcc/arm-none-eabi/9.3.1/../../../../arm-none-eabi/lib/thumb/v7e-m+fp/hard\libc_nano.a(lib_a-mprec.o)
                0x000000000803e4ac                __ulp
 .text.__b2d    0x000000000803e504       0xa0 c:/st/stm32cubeide_1.8.0/stm32cubeide/plugins/com.st.stm32cube.ide.mcu.externaltools.gnu-tools-for-stm32.9-2020-q2-update.win32_2.0.0.202105311346/tools/bin/../lib/gcc/arm-none-eabi/9.3.1/../../../../arm-none-eabi/lib/thumb/v7e-m+fp/hard\libc_nano.a(lib_a-mprec.o)
                0x000000000803e504                __b2d
 .text.__d2b    0x000000000803e5a4       0xb8 c:/st/stm32cubeide_1.8.0/stm32cubeide/plugins/com.st.stm32cube.ide.mcu.externaltools.gnu-tools-for-stm32.9-2020-q2-update.win32_2.0.0.202105311346/tools/bin/../lib/gcc/arm-none-eabi/9.3.1/../../../../arm-none-eabi/lib/thumb/v7e-m+fp/hard\libc_nano.a(lib_a-mprec.o)
                0x000000000803e5a4                __d2b