Archive member included to satisfy reference by file (symbol)

c:/st/stm32cubeide_1.8.0/stm32cubeide/plugins/com.st.stm32cube.ide.mcu.externaltools.gnu-tools-for-stm32.9-2020-q2-update.win32_2.0.0.202105311346/tools/bin/../lib/gcc/arm-none-eabi/9.3.1/../../../../arm-none-eabi/lib/thumb/v7e-m+fp/hard\libc_nano.a(lib_a-errno.o)
                              ./Core/Src/syscalls.o (__errno)
c:/st/stm32cubeide_1.8.0/stm32cubeide/plugins/com.st.stm32cube.ide.mcu.externaltools.gnu-tools-for-stm32.9-2020-q2-update.win32_2.0.0.202105311346/tools/bin/../lib/gcc/arm-none-eabi/9.3.1/../../../../arm-none-eabi/lib/thumb/v7e-m+fp/hard\libc_nano.a(lib_a-exit.o)
                              c:/st/stm32cubeide_1.8.0/stm32cubeide/plugins/com.st.stm32cube.ide.mcu.externaltools.gnu-tools-for-stm32.9-2020-q2-update.win32_2.0.0.202105311346/tools/bin/../lib/gcc/arm-none-eabi/9.3.1/../../../../arm-none-eabi/lib/thumb/v7e-m+fp/hard/crt0.o (exit)
c:/st/stm32cubeide_1.8.0/stm32cubeide/plugins/com.st.stm32cube.ide.mcu.externaltools.gnu-tools-for-stm32.9-2020-q2-update.win32_2.0.0.202105311346/tools/bin/../lib/gcc/arm-none-eabi/9.3.1/../../../../arm-none-eabi/lib/thumb/v7e-m+fp/hard\libc_nano.a(lib_a-fclose.o)
                              ./Core/Src/seed.o (fclose)
c:/st/stm32cubeide_1.8.0/stm32cubeide/plugins/com.st.stm32cube.ide.mcu.externaltools.gnu-tools-for-stm32.9-2020-q2-update.win32_2.0.0.202105311346/tools/bin/../lib/gcc/arm-none-eabi/9.3.1/../../../../arm-none-eabi/lib/thumb/v7e-m+fp/hard\libc_nano.a(lib_a-fflush.o)
                              c:/st/stm32cubeide_1.8.0/stm32cubeide/plugins/com.st.stm32cube.ide.mcu.externaltools.gnu-tools-for-stm32.9-2020-q2-update.win32_2.0.0.202105311346/tools/bin/../lib/gcc/arm-none-eabi/9.3.1/../../../../arm-none-eabi/lib/thumb/v7e-m+fp/hard\libc_nano.a(lib_a-fclose.o) (__sflush_r)
c:/st/stm32cubeide_1.8.0/stm32cubeide/plugins/com.st.stm32cube.ide.mcu.externaltools.gnu-tools-for-stm32.9-2020-q2-update.win32_2.0.0.202105311346/tools/bin/../lib/gcc/arm-none-eabi/9.3.1/../../../../arm-none-eabi/lib/thumb/v7e-m+fp/hard\libc_nano.a(lib_a-findfp.o)
                              c:/st/stm32cubeide_1.8.0/stm32cubeide/plugins/com.st.stm32cube.ide.mcu.externaltools.gnu-tools-for-stm32.9-2020-q2-update.win32_2.0.0.202105311346/tools/bin/../lib/gcc/arm-none-eabi/9.3.1/../../../../arm-none-eabi/lib/thumb/v7e-m+fp/hard\libc_nano.a(lib_a-fclose.o) (__sfp_lock_acquire)
c:/st/stm32cubeide_1.8.0/stm32cubeide/plugins/com.st.stm32cube.ide.mcu.externaltools.gnu-tools-for-stm32.9-2020-q2-update.win32_2.0.0.202105311346/tools/bin/../lib/gcc/arm-none-eabi/9.3.1/../../../../arm-none-eabi/lib/thumb/v7e-m+fp/hard\libc_nano.a(lib_a-fopen.o)
                              ./Core/Src/seed.o (fopen)
c:/st/stm32cubeide_1.8.0/stm32cubeide/plugins/com.st.stm32cube.ide.mcu.externaltools.gnu-tools-for-stm32.9-2020-q2-update.win32_2.0.0.202105311346/tools/bin/../lib/gcc/arm-none-eabi/9.3.1/../../../../arm-none-eabi/lib/thumb/v7e-m+fp/hard\libc_nano.a(lib_a-fread.o)
                              ./Core/Src/seed.o (fread)
c:/st/stm32cubeide_1.8.0/stm32cubeide/plugins/com.st.stm32cube.ide.mcu.externaltools.gnu-tools-for-stm32.9-2020-q2-update.win32_2.0.0.202105311346/tools/bin/../lib/gcc/arm-none-eabi/9.3.1/../../../../arm-none-eabi/lib/thumb/v7e-m+fp/hard\libc_nano.a(lib_a-fseek.o)
                              c:/st/stm32cubeide_1.8.0/stm32cubeide/plugins/com.st.stm32cube.ide.mcu.externaltools.gnu-tools-for-stm32.9-2020-q2-update.win32_2.0.0.202105311346/tools/bin/../lib/gcc/arm-none-eabi/9.3.1/../../../../arm-none-eabi/lib/thumb/v7e-m+fp/hard\libc_nano.a(lib_a-fopen.o) (_fseek_r)
c:/st/stm32cubeide_1.8.0/stm32cubeide/plugins/com.st.stm32cube.ide.mcu.externaltools.gnu-tools-for-stm32.9-2020-q2-update.win32_2.0.0.202105311346/tools/bin/../lib/gcc/arm-none-eabi/9.3.1/../../../../arm-none-eabi/lib/thumb/v7e-m+fp/hard\libc_nano.a(lib_a-fseeko.o)
                              c:/st/stm32cubeide_1.8.0/stm32cubeide/plugins/com.st.stm32cube.ide.mcu.externaltools.gnu-tools-for-stm32.9-2020-q2-update.win32_2.0.0.202105311346/tools/bin/../lib/gcc/arm-none-eabi/9.3.1/../../../../arm-none-eabi/lib/thumb/v7e-m+fp/hard\libc_nano.a(lib_a-fseek.o) (_fseeko_r)
c:/st/stm32cubeide_1.8.0/stm32cubeide/plugins/com.st.stm32cube.ide.mcu.externaltools.gnu-tools-for-stm32.9-2020-q2-update.win32_2.0.0.202105311346/tools/bin/../lib/gcc/arm-none-eabi/9.3.1/../../../../arm-none-eabi/lib/thumb/v7e-m+fp/hard\libc_nano.a(lib_a-ftello.o)
                              c:/st/stm32cubeide_1.8.0/stm32cubeide/plugins/com.st.stm32cube.ide.mcu.externaltools.gnu-tools-for-stm32.9-2020-q2-update.win32_2.0.0.202105311346/tools/bin/../lib/gcc/arm-none-eabi/9.3.1/../../../../arm-none-eabi/lib/thumb/v7e-m+fp/hard\libc_nano.a(lib_a-fseeko.o) (_ftello_r)
[...]
Memory Configuration

Name             Origin             Length             Attributes
CCMRAM           0x0000000010000000 0x0000000000010000 xrw
RAM              0x0000000020000000 0x0000000000020000 xrw
FLASH            0x0000000008020000 0x0000000000040000 xr
*default*        0x0000000000000000 0xffffffffffffffff

Linker script and memory map

LOAD c:/st/stm32cubeide_1.8.0/stm32cubeide/plugins/com.st.stm32cube.ide.mcu.externaltools.gnu-tools-for-stm32.9-2020-q2-update.win32_2.0.0.202105311346/tools/bin/../lib/gcc/arm-none-eabi/9.3.1/thumb/v7e-m+fp/hard/crti.o
LOAD c:/st/stm32cubeide_1.8.0/stm32cubeide/plugins/com.st.stm32cube.ide.mcu.externaltools.gnu-tools-for-stm32.9-2020-q2-update.win32_2.0.0.202105311346/tools/bin/../lib/gcc/arm-none-eabi/9.3.1/thumb/v7e-m+fp/hard/crtbegin.o
LOAD c:/st/stm32cubeide_1.8.0/stm32cubeide/plugins/com.st.stm32cube.ide.mcu.externaltools.gnu-tools-for-stm32.9-2020-q2-update.win32_2.0.0.202105311346/tools/bin/../lib/gcc/arm-none-eabi/9.3.1/../../../../arm-none-eabi/lib/thumb/v7e-m+fp/hard/crt0.o
LOAD ./Core/Src/CRC32.o
LOAD ./Core/Src/ChaCha20.o
LOAD ./Core/Src/Frame.o
LOAD ./Core/Src/My_SDCard.o
LOAD ./Core/Src/add_scalar.o
LOAD ./Core/Src/fe.o
LOAD ./Core/Src/ge.o
LOAD ./Core/Src/key_exchange.o
LOAD ./Core/Src/keypair.o
LOAD ./Core/Src/main.o
LOAD ./Core/Src/sc.o
LOAD ./Core/Src/seed.o
LOAD ./Core/Src/sha3.o
LOAD ./Core/Src/sha512.o
LOAD ./Core/Src/sign.o
LOAD ./Core/Src/stm32f4xx_hal_msp.o
LOAD ./Core/Src/stm32f4xx_it.o
LOAD ./Core/Src/syscalls.o
LOAD ./Core/Src/sysmem.o
LOAD ./Core/Src/system_stm32f4xx.o
LOAD ./Core/Src/verify.o
LOAD ./Core/Startup/startup_stm32f407vgtx.o
LOAD ./Drivers/STM32F4xx_HAL_Driver/Src/stm32f4xx_hal.o
LOAD ./Drivers/STM32F4xx_HAL_Driver/Src/stm32f4xx_hal_cortex.o
LOAD ./Drivers/STM32F4xx_HAL_Driver/Src/stm32f4xx_hal_dma.o
LOAD ./Drivers/STM32F4xx_HAL_Driver/Src/stm32f4xx_hal_dma_ex.o
LOAD ./Drivers/STM32F4xx_HAL_Driver/Src/stm32f4xx_hal_exti.o
LOAD ./Drivers/STM32F4xx_HAL_Driver/Src/stm32f4xx_hal_flash.o
LOAD ./Drivers/STM32F4xx_HAL_Driver/Src/stm32f4xx_hal_flash_ex.o
LOAD ./Drivers/STM32F4xx_HAL_Driver/Src/stm32f4xx_hal_flash_ramfunc.o
LOAD ./Drivers/STM32F4xx_HAL_Driver/Src/stm32f4xx_hal_gpio.o
LOAD ./Drivers/STM32F4xx_HAL_Driver/Src/stm32f4xx_hal_pwr.o
LOAD ./Drivers/STM32F4xx_HAL_Driver/Src/stm32f4xx_hal_pwr_ex.o
LOAD ./Drivers/STM32F4xx_HAL_Driver/Src/stm32f4xx_hal_rcc.o
LOAD ./Drivers/STM32F4xx_HAL_Driver/Src/stm32f4xx_hal_rcc_ex.o
LOAD ./Drivers/STM32F4xx_HAL_Driver/Src/stm32f4xx_hal_sd.o
LOAD ./Drivers/STM32F4xx_HAL_Driver/Src/stm32f4xx_hal_tim.o
LOAD ./Drivers/STM32F4xx_HAL_Driver/Src/stm32f4xx_hal_tim_ex.o
LOAD ./Drivers/STM32F4xx_HAL_Driver/Src/stm32f4xx_hal_uart.o
LOAD ./Drivers/STM32F4xx_HAL_Driver/Src/stm32f4xx_ll_sdmmc.o
LOAD ./FATFS/App/fatfs.o
LOAD ./FATFS/Target/bsp_driver_sd.o
LOAD ./FATFS/Target/sd_diskio.o
LOAD ./Middlewares/Third_Party/FatFs/src/diskio.o
LOAD ./Middlewares/Third_Party/FatFs/src/ff.o
LOAD ./Middlewares/Third_Party/FatFs/src/ff_gen_drv.o
LOAD ./Middlewares/Third_Party/FatFs/src/option/syscall.o
START GROUP
LOAD c:/st/stm32cubeide_1.8.0/stm32cubeide/plugins/com.st.stm32cube.ide.mcu.externaltools.gnu-tools-for-stm32.9-2020-q2-update.win32_2.0.0.202105311346/tools/bin/../lib/gcc/arm-none-eabi/9.3.1/../../../../arm-none-eabi/lib/thumb/v7e-m+fp/hard\libc_nano.a
LOAD c:/st/stm32cubeide_1.8.0/stm32cubeide/plugins/com.st.stm32cube.ide.mcu.externaltools.gnu-tools-for-stm32.9-2020-q2-update.win32_2.0.0.202105311346/tools/bin/../lib/gcc/arm-none-eabi/9.3.1/../../../../arm-none-eabi/lib/thumb/v7e-m+fp/hard\libm.a
END GROUP
START GROUP
LOAD c:/st/stm32cubeide_1.8.0/stm32cubeide/plugins/com.st.stm32cube.ide.mcu.externaltools.gnu-tools-for-stm32.9-2020-q2-update.win32_2.0.0.202105311346/tools/bin/../lib/gcc/arm-none-eabi/9.3.1/thumb/v7e-m+fp/hard\libgcc.a
LOAD c:/st/stm32cubeide_1.8.0/stm32cubeide/plugins/com.st.stm32cube.ide.mcu.externaltools.gnu-tools-for-stm32.9-2020-q2-update.win32_2.0.0.202105311346/tools/bin/../lib/gcc/arm-none-eabi/9.3.1/../../../../arm-none-eabi/lib/thumb/v7e-m+fp/hard\libc_nano.a
END GROUP
START GROUP
LOAD c:/st/stm32cubeide_1.8.0/stm32cubeide/plugins/com.st.stm32cube.ide.mcu.externaltools.gnu-tools-for-stm32.9-2020-q2-update.win32_2.0.0.202105311346/tools/bin/../lib/gcc/arm-none-eabi/9.3.1/thumb/v7e-m+fp/hard\libgcc.a
LOAD c:/st/stm32cubeide_1.8.0/stm32cubeide/plugins/com.st.stm32cube.ide.mcu.externaltools.gnu-tools-for-stm32.9-2020-q2-update.win32_2.0.0.202105311346/tools/bin/../lib/gcc/arm-none-eabi/9.3.1/../../../../arm-none-eabi/lib/thumb/v7e-m+fp/hard\libc_nano.a
LOAD c:/st/stm32cubeide_1.8.0/stm32cubeide/plugins/com.st.stm32cube.ide.mcu.externaltools.gnu-tools-for-stm32.9-2020-q2-update.win32_2.0.0.202105311346/tools/bin/../lib/gcc/arm-none-eabi/9.3.1/../../../../arm-none-eabi/lib/thumb/v7e-m+fp/hard\libnosys.a
END GROUP
START GROUP
LOAD c:/st/stm32cubeide_1.8.0/stm32cubeide/plugins/com.st.stm32cube.ide.mcu.externaltools.gnu-tools-for-stm32.9-2020-q2-update.win32_2.0.0.202105311346/tools/bin/../lib/gcc/arm-none-eabi/9.3.1/thumb/v7e-m+fp/hard\libgcc.a
LOAD c:/st/stm32cubeide_1.8.0/stm32cubeide/plugins/com.st.stm32cube.ide.mcu.externaltools.gnu-tools-for-stm32.9-2020-q2-update.win32_2.0.0.202105311346/tools/bin/../lib/gcc/arm-none-eabi/9.3.1/../../../../arm-none-eabi/lib/thumb/v7e-m+fp/hard\libc_nano.a
LOAD c:/st/stm32cubeide_1.8.0/stm32cubeide/plugins/com.st.stm32cube.ide.mcu.externaltools.gnu-tools-for-stm32.9-2020-q2-update.win32_2.0.0.202105311346/tools/bin/../lib/gcc/arm-none-eabi/9.3.1/../../../../arm-none-eabi/lib/thumb/v7e-m+fp/hard\libnosys.a
END GROUP
LOAD c:/st/stm32cubeide_1.8.0/stm32cubeide/plugins/com.st.stm32cube.ide.mcu.externaltools.gnu-tools-for-stm32.9-2020-q2-update.win32_2.0.0.202105311346/tools/bin/../lib/gcc/arm-none-eabi/9.3.1/thumb/v7e-m+fp/hard/crtend.o
LOAD c:/st/stm32cubeide_1.8.0/stm32cubeide/plugins/com.st.stm32cube.ide.mcu.externaltools.gnu-tools-for-stm32.9-2020-q2-update.win32_2.0.0.202105311346/tools/bin/../lib/gcc/arm-none-eabi/9.3.1/thumb/v7e-m+fp/hard/crtn.o
                0x0000000020020000                _estack = (ORIGIN (RAM) + LENGTH (RAM))
                0x0000000000000200                _Min_Heap_Size = 0x200
                0x0000000000000400                _Min_Stack_Size = 0x400

.isr_vector     0x0000000008020000      0x188
                0x0000000008020000                . = ALIGN (0x4)
 *(.isr_vector)
 .isr_vector    0x0000000008020000      0x188 ./Core/Startup/startup_stm32f407vgtx.o
                0x0000000008020000                g_pfnVectors
                0x0000000008020188                . = ALIGN (0x4)

.text           0x0000000008020190    0x1d778
                0x0000000008020190                . = ALIGN (0x4)
 *(.text)
 .text          0x0000000008020190       0x40 c:/st/stm32cubeide_1.8.0/stm32cubeide/plugins/com.st.stm32cube.ide.mcu.externaltools.gnu-tools-for-stm32.9-2020-q2-update.win32_2.0.0.202105311346/tools/bin/../lib/gcc/arm-none-eabi/9.3.1/thumb/v7e-m+fp/hard/crtbegin.o
 .text          0x00000000080201d0       0x10 c:/st/stm32cubeide_1.8.0/stm32cubeide/plugins/com.st.stm32cube.ide.mcu.externaltools.gnu-tools-for-stm32.9-2020-q2-update.win32_2.0.0.202105311346/tools/bin/../lib/gcc/arm-none-eabi/9.3.1/../../../../arm-none-eabi/lib/thumb/v7e-m+fp/hard\libc_nano.a(lib_a-strlen.o)
                0x00000000080201d0                strlen
 .text          0x00000000080201e0       0xa0 c:/st/stm32cubeide_1.8.0/stm32cubeide/plugins/com.st.stm32cube.ide.mcu.externaltools.gnu-tools-for-stm32.9-2020-q2-update.win32_2.0.0.202105311346/tools/bin/../lib/gcc/arm-none-eabi/9.3.1/../../../../arm-none-eabi/lib/thumb/v7e-m+fp/hard\libc_nano.a(lib_a-memchr.o)
                0x00000000080201e0                memchr
 .text          0x0000000008020280      0x378 c:/st/stm32cubeide_1.8.0/stm32cubeide/plugins/com.st.stm32cube.ide.mcu.externaltools.gnu-tools-for-stm32.9-2020-q2-update.win32_2.0.0.202105311346/tools/bin/../lib/gcc/arm-none-eabi/9.3.1/thumb/v7e-m+fp/hard\libgcc.a(_arm_addsubdf3.o)
                0x0000000008020280                __aeabi_drsub
                0x0000000008020288                __aeabi_dsub
                0x0000000008020288                __subdf3
                0x000000000802028c                __aeabi_dadd
                0x000000000802028c                __adddf3
                0x0000000008020504                __floatunsidf
                0x0000000008020504                __aeabi_ui2d
                0x0000000008020524                __floatsidf
                0x0000000008020524                __aeabi_i2d
                0x0000000008020548                __aeabi_f2d
                0x0000000008020548                __extendsfdf2
                0x000000000802058c                __floatundidf
                0x000000000802058c                __aeabi_ul2d
                0x000000000802059c                __floatdidf
                0x000000000802059c                __aeabi_l2d
 .text          0x00000000080205f8      0x424 c:/st/stm32cubeide_1.8.0/stm32cubeide/plugins/com.st.stm32cube.ide.mcu.externaltools.gnu-tools-for-stm32.9-2020-q2-update.win32_2.0.0.202105311346/tools/bin/../lib/gcc/arm-none-eabi/9.3.1/thumb/v7e-m+fp/hard\libgcc.a(_arm_muldivdf3.o)
                0x00000000080205f8                __aeabi_dmul
                0x00000000080205f8                __muldf3
                0x000000000802084c                __divdf3
                0x000000000802084c                __aeabi_ddiv
 .text          0x0000000008020a1c      0x110 c:/st/stm32cubeide_1.8.0/stm32cubeide/plugins/com.st.stm32cube.ide.mcu.externaltools.gnu-tools-for-stm32.9-2020-q2-update.win32_2.0.0.202105311346/tools/bin/../lib/gcc/arm-none-eabi/9.3.1/thumb/v7e-m+fp/hard\libgcc.a(_arm_cmpdf2.o)
                0x0000000008020a1c                __gtdf2
                0x0000000008020a1c                __gedf2
                0x0000000008020a24                __ltdf2
                0x0000000008020a24                __ledf2
                0x0000000008020a2c                __nedf2
                0x0000000008020a2c                __eqdf2
                0x0000000008020a2c                __cmpdf2
                0x0000000008020aa8                __aeabi_cdrcmple
                0x0000000008020ab8                __aeabi_cdcmpeq
                0x0000000008020ab8                __aeabi_cdcmple
                0x0000000008020ac8                __aeabi_dcmpeq
                0x0000000008020adc                __aeabi_dcmplt
                0x0000000008020af0                __aeabi_dcmple
                0x0000000008020b04                __aeabi_dcmpge
                0x0000000008020b18                __aeabi_dcmpgt
 .text          0x0000000008020b2c       0x2c c:/st/stm32cubeide_1.8.0/stm32cubeide/plugins/com.st.stm32cube.ide.mcu.externaltools.gnu-tools-for-stm32.9-2020-q2-update.win32_2.0.0.202105311346/tools/bin/../lib/gcc/arm-none-eabi/9.3.1/thumb/v7e-m+fp/hard\libgcc.a(_arm_unorddf2.o)
                0x0000000008020b2c                __unorddf2
                0x0000000008020b2c                __aeabi_dcmpun
 .text          0x0000000008020b58       0x50 c:/st/stm32cubeide_1.8.0/stm32cubeide/plugins/com.st.stm32cube.ide.mcu.externaltools.gnu-tools-for-stm32.9-2020-q2-update.win32_2.0.0.202105311346/tools/bin/../lib/gcc/arm-none-eabi/9.3.1/thumb/v7e-m+fp/hard\libgcc.a(_arm_fixdfsi.o)
                0x0000000008020b58                __aeabi_d2iz
                0x0000000008020b58                __fixdfsi
 .text          0x0000000008020ba8       0x40 c:/st/stm32cubeide_1.8.0/stm32cubeide/plugins/com.st.stm32cube.ide.mcu.externaltools.gnu-tools-for-stm32.9-2020-q2-update.win32_2.0.0.202105311346/tools/bin/../lib/gcc/arm-none-eabi/9.3.1/thumb/v7e-m+fp/hard\libgcc.a(_arm_fixunsdfsi.o)
                0x0000000008020ba8                __aeabi_d2uiz
                0x0000000008020ba8                __fixunsdfsi
 .text          0x0000000008020be8       0xa0 c:/st/stm32cubeide_1.8.0/stm32cubeide/plugins/com.st.stm32cube.ide.mcu.externaltools.gnu-tools-for-stm32.9-2020-q2-update.win32_2.0.0.202105311346/tools/bin/../lib/gcc/arm-none-eabi/9.3.1/thumb/v7e-m+fp/hard\libgcc.a(_arm_truncdfsf2.o)
                0x0000000008020be8                __truncdfsf2
                0x0000000008020be8                __aeabi_d2f
 .text          0x0000000008020c88       0x30 c:/st/stm32cubeide_1.8.0/stm32cubeide/plugins/com.st.stm32cube.ide.mcu.externaltools.gnu-tools-for-stm32.9-2020-q2-update.win32_2.0.0.202105311346/tools/bin/../lib/gcc/arm-none-eabi/9.3.1/thumb/v7e-m+fp/hard\libgcc.a(_aeabi_uldivmod.o)
                0x0000000008020c88                __aeabi_uldivmod
 .text          0x0000000008020cb8       0x30 c:/st/stm32cubeide_1.8.0/stm32cubeide/plugins/com.st.stm32cube.ide.mcu.externaltools.gnu-tools-for-stm32.9-2020-q2-update.win32_2.0.0.202105311346/tools/bin/../lib/gcc/arm-none-eabi/9.3.1/thumb/v7e-m+fp/hard\libgcc.a(_fixdfdi.o)
                0x0000000008020cb8                __fixdfdi
                0x0000000008020cb8                __aeabi_d2lz
 .text          0x0000000008020ce8       0x3c c:/st/stm32cubeide_1.8.0/stm32cubeide/plugins/com.st.stm32cube.ide.mcu.externaltools.gnu-tools-for-stm32.9-2020-q2-update.win32_2.0.0.202105311346/tools/bin/../lib/gcc/arm-none-eabi/9.3.1/thumb/v7e-m+fp/hard\libgcc.a(_fixunsdfdi.o)
                0x0000000008020ce8                __fixunsdfdi
                0x0000000008020ce8                __aeabi_d2ulz
 .text          0x0000000008020d24      0x2c4 c:/st/stm32cubeide_1.8.0/stm32cubeide/plugins/com.st.stm32cube.ide.mcu.externaltools.gnu-tools-for-stm32.9-2020-q2-update.win32_2.0.0.202105311346/tools/bin/../lib/gcc/arm-none-eabi/9.3.1/thumb/v7e-m+fp/hard\libgcc.a(_udivmoddi4.o)
                0x0000000008020d24                __udivmoddi4
 .text          0x0000000008020fe8        0x4 c:/st/stm32cubeide_1.8.0/stm32cubeide/plugins/com.st.stm32cube.ide.mcu.externaltools.gnu-tools-for-stm32.9-2020-q2-update.win32_2.0.0.202105311346/tools/bin/../lib/gcc/arm-none-eabi/9.3.1/thumb/v7e-m+fp/hard\libgcc.a(_dvmd_tls.o)
                0x0000000008020fe8                __aeabi_idiv0
                0x0000000008020fe8                __aeabi_ldiv0
 *(.text*)
 .text.crc32    0x0000000008020fec       0x84 ./Core/Src/CRC32.o
                0x0000000008020fec                crc32
 .text.Chacha20_Xor
                0x0000000008021070       0x48 ./Core/Src/ChaCha20.o
                0x0000000008021070                Chacha20_Xor
 .text.ChaCha20_SetCell
                0x00000000080210b8       0xc6 ./Core/Src/ChaCha20.o
                0x00000000080210b8                ChaCha20_SetCell
 .text.ChaCha20_Round
                0x000000000802117e      0x44e ./Core/Src/ChaCha20.o
                0x000000000802117e                ChaCha20_Round
 .text.ChaCha20_FinalXor
                0x00000000080215cc       0x90 ./Core/Src/ChaCha20.o
                0x00000000080215cc                ChaCha20_FinalXor
 .text.sd_init  0x000000000802165c       0x18 ./Core/Src/Frame.o
                0x000000000802165c                sd_init
 .text.sd_mount
                0x0000000008021674       0x20 ./Core/Src/Frame.o
                0x0000000008021674                sd_mount
 .text.sd_open  0x0000000008021694       0x24 ./Core/Src/Frame.o
                0x0000000008021694                sd_open
 .text.sd_write
                0x00000000080216b8       0x26 ./Core/Src/Frame.o
                0x00000000080216b8                sd_write
 .text.sd_read  0x00000000080216de       0x28 ./Core/Src/Frame.o
                0x00000000080216de                sd_read
 .text.sd_close
                0x0000000008021706       0x16 ./Core/Src/Frame.o
                0x0000000008021706                sd_close
 .text.Frame_SendResponseFrame
                0x000000000802171c       0xb4 ./Core/Src/Frame.o
                0x000000000802171c                Frame_SendResponseFrame
 .text.Frame_ReadStartFrame
                0x00000000080217d0       0x54 ./Core/Src/Frame.o
                0x00000000080217d0                Frame_ReadStartFrame
 .text.Frame_ReadStopFrame
                0x0000000008021824       0x34 ./Core/Src/Frame.o
                0x0000000008021824                Frame_ReadStopFrame
 .text.Frame_ReadHeaderFrame
                0x0000000008021858       0x80 ./Core/Src/Frame.o
                0x0000000008021858                Frame_ReadHeaderFrame
 .text.Frame_ReadDataFrame
                0x00000000080218d8      0x104 ./Core/Src/Frame.o
                0x00000000080218d8                Frame_ReadDataFrame
 .text.Frame_InitFlash
                0x00000000080219dc       0x7a ./Core/Src/Frame.o
                0x00000000080219dc                Frame_InitFlash
 *fill*         0x0000000008021a56        0x2 
 .text.Frame_WriteCfg
                0x0000000008021a58       0xa0 ./Core/Src/Frame.o
                0x0000000008021a58                Frame_WriteCfg
 .text.Frame_ReadCfg
                0x0000000008021af8       0x48 ./Core/Src/Frame.o
                0x0000000008021af8                Frame_ReadCfg
 .text.ota_and_write_to_sd_card
                0x0000000008021b40      0x1c0 ./Core/Src/Frame.o
                0x0000000008021b40                ota_and_write_to_sd_card
 .text.store_into_flash
                0x0000000008021d00       0x4a ./Core/Src/Frame.o
                0x0000000008021d00                store_into_flash
 *fill*         0x0000000008021d4a        0x2 
 .text.read_file_and_store_into_flash
                0x0000000008021d4c      0x2c4 ./Core/Src/Frame.o
                0x0000000008021d4c                read_file_and_store_into_flash
 .text.read_chunk_data_in_flash
                0x0000000008022010       0x44 ./Core/Src/Frame.o
                0x0000000008022010                read_chunk_data_in_flash
 .text.tree_hash_on_flash
                0x0000000008022054      0x270 ./Core/Src/Frame.o
                0x0000000008022054                tree_hash_on_flash
 .text.load_3   0x00000000080222c4       0x82 ./Core/Src/fe.o
 .text.load_4   0x0000000008022346       0xa8 ./Core/Src/fe.o
 .text.fe_0     0x00000000080223ee       0x62 ./Core/Src/fe.o
                0x00000000080223ee                fe_0
 .text.fe_1     0x0000000008022450       0x62 ./Core/Src/fe.o
                0x0000000008022450                fe_1
 .text.fe_add   0x00000000080224b2      0x136 ./Core/Src/fe.o
                0x00000000080224b2                fe_add
 .text.fe_copy  0x00000000080225e8       0xa0 ./Core/Src/fe.o
                0x00000000080225e8                fe_copy
 .text.fe_frombytes
                0x0000000008022688      0x6bc ./Core/Src/fe.o
                0x0000000008022688                fe_frombytes
 .text.fe_invert
                0x0000000008022d44      0x34e ./Core/Src/fe.o
                0x0000000008022d44                fe_invert
 .text.fe_isnegative
                0x0000000008023092       0x22 ./Core/Src/fe.o
                0x0000000008023092                fe_isnegative
 .text.fe_isnonzero
                0x00000000080230b4      0x1bc ./Core/Src/fe.o
                0x00000000080230b4                fe_isnonzero
 .text.fe_mul   0x0000000008023270     0x29f6 ./Core/Src/fe.o
                0x0000000008023270                fe_mul
 .text.fe_neg   0x0000000008025c66       0xdc ./Core/Src/fe.o
                0x0000000008025c66                fe_neg
 .text.fe_pow22523
                0x0000000008025d42      0x34c ./Core/Src/fe.o
                0x0000000008025d42                fe_pow22523
 .text.fe_sq    0x000000000802608e     0x179e ./Core/Src/fe.o
                0x000000000802608e                fe_sq
 .text.fe_sq2   0x000000000802782c     0x1908 ./Core/Src/fe.o
                0x000000000802782c                fe_sq2
 .text.fe_sub   0x0000000008029134      0x136 ./Core/Src/fe.o
                0x0000000008029134                fe_sub
 .text.fe_tobytes
                0x000000000802926a      0x39e ./Core/Src/fe.o
                0x000000000802926a                fe_tobytes
 .text.ge_add   0x0000000008029608       0xe2 ./Core/Src/ge.o
                0x0000000008029608                ge_add
 .text.slide    0x00000000080296ea      0x1b8 ./Core/Src/ge.o
 *fill*         0x00000000080298a2        0x2 
 .text.ge_double_scalarmult_vartime
                0x00000000080298a4      0x3e0 ./Core/Src/ge.o
                0x00000000080298a4                ge_double_scalarmult_vartime
 .text.ge_frombytes_negate_vartime
                0x0000000008029c84      0x19c ./Core/Src/ge.o
                0x0000000008029c84                ge_frombytes_negate_vartime
 .text.ge_madd  0x0000000008029e20       0xd8 ./Core/Src/ge.o
                0x0000000008029e20                ge_madd
 .text.ge_msub  0x0000000008029ef8       0xd8 ./Core/Src/ge.o
                0x0000000008029ef8                ge_msub
 .text.ge_p1p1_to_p2
                0x0000000008029fd0       0x4c ./Core/Src/ge.o
                0x0000000008029fd0                ge_p1p1_to_p2
 .text.ge_p1p1_to_p3
                0x000000000802a01c       0x5e ./Core/Src/ge.o
                0x000000000802a01c                ge_p1p1_to_p3
 .text.ge_p2_0  0x000000000802a07a       0x2c ./Core/Src/ge.o
                0x000000000802a07a                ge_p2_0
 .text.ge_p2_dbl
                0x000000000802a0a6       0xb2 ./Core/Src/ge.o
                0x000000000802a0a6                ge_p2_dbl
 .text.ge_p3_dbl
                0x000000000802a158       0x2a ./Core/Src/ge.o
                0x000000000802a158                ge_p3_dbl
 *fill*         0x000000000802a182        0x2 
 .text.ge_p3_to_cached
                0x000000000802a184       0x5c ./Core/Src/ge.o
                0x000000000802a184                ge_p3_to_cached
 .text.ge_p3_to_p2
                0x000000000802a1e0       0x42 ./Core/Src/ge.o
                0x000000000802a1e0                ge_p3_to_p2
 .text.ge_sub   0x000000000802a222       0xe2 ./Core/Src/ge.o
                0x000000000802a222                ge_sub
 .text.ge_tobytes
                0x000000000802a304       0x78 ./Core/Src/ge.o
                0x000000000802a304                ge_tobytes
 .text.goto_application
                0x000000000802a37c       0x1c ./Core/Src/main.o
 .text.HAL_UART_RxCpltCallback
                0x000000000802a398       0x58 ./Core/Src/main.o
                0x000000000802a398                HAL_UART_RxCpltCallback
 .text.main     0x000000000802a3f0      0x760 ./Core/Src/main.o
                0x000000000802a3f0                main
 .text.SystemClock_Config
                0x000000000802ab50       0xd4 ./Core/Src/main.o
                0x000000000802ab50                SystemClock_Config
 .text.MX_SDIO_SD_Init
                0x000000000802ac24       0x40 ./Core/Src/main.o
 .text.MX_TIM1_Init
                0x000000000802ac64       0xa4 ./Core/Src/main.o
 .text.MX_USART2_UART_Init
                0x000000000802ad08       0x54 ./Core/Src/main.o
 .text.MX_USART6_UART_Init
                0x000000000802ad5c       0x54 ./Core/Src/main.o
 .text.MX_GPIO_Init
                0x000000000802adb0      0x144 ./Core/Src/main.o
 .text.Error_Handler
                0x000000000802aef4        0xa ./Core/Src/main.o
                0x000000000802aef4                Error_Handler
 .text.load_3   0x000000000802aefe       0x82 ./Core/Src/sc.o
 .text.load_4   0x000000000802af80       0xa8 ./Core/Src/sc.o
 .text.sc_reduce
                0x000000000802b028     0x3f2c ./Core/Src/sc.o
                0x000000000802b028                sc_reduce
 .text.sha3_keccakf
                0x000000000802ef54      0x45c ./Core/Src/sha3.o
                0x000000000802ef54                sha3_keccakf
 .text.sha3_init
                0x000000000802f3b0       0x5c ./Core/Src/sha3.o
                0x000000000802f3b0                sha3_init
 .text.sha3_update
                0x000000000802f40c       0x6c ./Core/Src/sha3.o
                0x000000000802f40c                sha3_update
 .text.sha3_final
                0x000000000802f478       0x7e ./Core/Src/sha3.o
                0x000000000802f478                sha3_final
 .text.sha3     0x000000000802f4f6       0x3e ./Core/Src/sha3.o
                0x000000000802f4f6                sha3
 .text.sha512_compress
                0x000000000802f534     0x1d5c ./Core/Src/sha512.o
 .text.sha512_init
                0x0000000008031290       0xd8 ./Core/Src/sha512.o
                0x0000000008031290                sha512_init
 .text.sha512_update
                0x0000000008031368      0x11a ./Core/Src/sha512.o
                0x0000000008031368                sha512_update
 .text.sha512_final
                0x0000000008031482      0x2ec ./Core/Src/sha512.o
                0x0000000008031482                sha512_final
 *fill*         0x000000000803176e        0x2 
 .text.HAL_MspInit
                0x0000000008031770       0x50 ./Core/Src/stm32f4xx_hal_msp.o
                0x0000000008031770                HAL_MspInit
 .text.HAL_SD_MspInit
                0x00000000080317c0       0xd0 ./Core/Src/stm32f4xx_hal_msp.o
                0x00000000080317c0                HAL_SD_MspInit
 .text.HAL_TIM_Base_MspInit
                0x0000000008031890       0x44 ./Core/Src/stm32f4xx_hal_msp.o
                0x0000000008031890                HAL_TIM_Base_MspInit
 .text.HAL_UART_MspInit
                0x00000000080318d4      0x10c ./Core/Src/stm32f4xx_hal_msp.o
                0x00000000080318d4                HAL_UART_MspInit
 .text.NMI_Handler
                0x00000000080319e0        0x6 ./Core/Src/stm32f4xx_it.o
                0x00000000080319e0                NMI_Handler
 .text.HardFault_Handler
                0x00000000080319e6        0x6 ./Core/Src/stm32f4xx_it.o
                0x00000000080319e6                HardFault_Handler
 .text.MemManage_Handler
                0x00000000080319ec        0x6 ./Core/Src/stm32f4xx_it.o
                0x00000000080319ec                MemManage_Handler
 .text.BusFault_Handler
                0x00000000080319f2        0x6 ./Core/Src/stm32f4xx_it.o
                0x00000000080319f2                BusFault_Handler
 .text.UsageFault_Handler
                0x00000000080319f8        0x6 ./Core/Src/stm32f4xx_it.o
                0x00000000080319f8                UsageFault_Handler
 .text.SVC_Handler
                0x00000000080319fe        0xe ./Core/Src/stm32f4xx_it.o
                0x00000000080319fe                SVC_Handler
 .text.DebugMon_Handler
                0x0000000008031a0c        0xe ./Core/Src/stm32f4xx_it.o
                0x0000000008031a0c                DebugMon_Handler
 .text.PendSV_Handler
                0x0000000008031a1a        0xe ./Core/Src/stm32f4xx_it.o
                0x0000000008031a1a                PendSV_Handler
 .text.SysTick_Handler
                0x0000000008031a28        0xc ./Core/Src/stm32f4xx_it.o
                0x0000000008031a28                SysTick_Handler
 .text.USART6_IRQHandler
                0x0000000008031a34       0x14 ./Core/Src/stm32f4xx_it.o
                0x0000000008031a34                USART6_IRQHandler
 .text._getpid  0x0000000008031a48       0x10 ./Core/Src/syscalls.o
                0x0000000008031a48                _getpid
 .text._kill    0x0000000008031a58       0x20 ./Core/Src/syscalls.o
                0x0000000008031a58                _kill
 .text._exit    0x0000000008031a78       0x14 ./Core/Src/syscalls.o
                0x0000000008031a78                _exit
 .text._read    0x0000000008031a8c       0x3a ./Core/Src/syscalls.o
                0x0000000008031a8c                _read
 .text._write   0x0000000008031ac6       0x38 ./Core/Src/syscalls.o
                0x0000000008031ac6                _write
 .text._close   0x0000000008031afe       0x18 ./Core/Src/syscalls.o
                0x0000000008031afe                _close
 .text._fstat   0x0000000008031b16       0x20 ./Core/Src/syscalls.o
                0x0000000008031b16                _fstat
 .text._isatty  0x0000000008031b36       0x16 ./Core/Src/syscalls.o
                0x0000000008031b36                _isatty
 .text._lseek   0x0000000008031b4c       0x1a ./Core/Src/syscalls.o
                0x0000000008031b4c                _lseek
 *fill*         0x0000000008031b66        0x2 
 .text._sbrk    0x0000000008031b68       0x6c ./Core/Src/sysmem.o
                0x0000000008031b68                _sbrk
 .text.SystemInit
                0x0000000008031bd4       0x2c ./Core/Src/system_stm32f4xx.o
                0x0000000008031bd4                SystemInit
 .text.consttime_equal
                0x0000000008031c00      0x2dc ./Core/Src/verify.o
 .text.ed25519_verify
                0x0000000008031edc       0xfc ./Core/Src/verify.o
                0x0000000008031edc                ed25519_verify
 .text.Reset_Handler
                0x0000000008031fd8       0x50 ./Core/Startup/startup_stm32f407vgtx.o
                0x0000000008031fd8                Reset_Handler
 .text.Default_Handler
                0x0000000008032028        0x2 ./Core/Startup/startup_stm32f407vgtx.o
                0x0000000008032028                RTC_Alarm_IRQHandler
                0x0000000008032028                HASH_RNG_IRQHandler
                0x0000000008032028                EXTI2_IRQHandler
                0x0000000008032028                TIM8_CC_IRQHandler
                0x0000000008032028                TIM1_CC_IRQHandler
                0x0000000008032028                DMA2_Stream5_IRQHandler
                0x0000000008032028                DMA1_Stream5_IRQHandler
                0x0000000008032028                PVD_IRQHandler
                0x0000000008032028                SDIO_IRQHandler
                0x0000000008032028                TAMP_STAMP_IRQHandler
                0x0000000008032028                CAN2_RX1_IRQHandler
                0x0000000008032028                EXTI3_IRQHandler
                0x0000000008032028                TIM8_TRG_COM_TIM14_IRQHandler
                0x0000000008032028                TIM1_UP_TIM10_IRQHandler
                0x0000000008032028                TIM8_UP_TIM13_IRQHandler
                0x0000000008032028                I2C3_ER_IRQHandler
                0x0000000008032028                EXTI0_IRQHandler
                0x0000000008032028                I2C2_EV_IRQHandler
                0x0000000008032028                DMA1_Stream2_IRQHandler
                0x0000000008032028                CAN1_RX0_IRQHandler
                0x0000000008032028                FPU_IRQHandler
                0x0000000008032028                OTG_HS_WKUP_IRQHandler
                0x0000000008032028                CAN2_SCE_IRQHandler
                0x0000000008032028                DMA2_Stream2_IRQHandler
                0x0000000008032028                SPI1_IRQHandler
                0x0000000008032028                TIM6_DAC_IRQHandler
                0x0000000008032028                TIM1_BRK_TIM9_IRQHandler
                0x0000000008032028                DCMI_IRQHandler
                0x0000000008032028                CAN2_RX0_IRQHandler
                0x0000000008032028                DMA2_Stream3_IRQHandler
                0x0000000008032028                USART3_IRQHandler
                0x0000000008032028                CAN1_RX1_IRQHandler
                0x0000000008032028                UART5_IRQHandler
                0x0000000008032028                DMA2_Stream0_IRQHandler
                0x0000000008032028                TIM4_IRQHandler
                0x0000000008032028                I2C1_EV_IRQHandler
                0x0000000008032028                DMA1_Stream6_IRQHandler
                0x0000000008032028                DMA1_Stream1_IRQHandler
                0x0000000008032028                UART4_IRQHandler
                0x0000000008032028                TIM3_IRQHandler
                0x0000000008032028                RCC_IRQHandler
                0x0000000008032028                TIM8_BRK_TIM12_IRQHandler
                0x0000000008032028                Default_Handler
                0x0000000008032028                EXTI15_10_IRQHandler
                0x0000000008032028                ADC_IRQHandler
                0x0000000008032028                DMA1_Stream7_IRQHandler
                0x0000000008032028                TIM7_IRQHandler
                0x0000000008032028                CAN2_TX_IRQHandler
                0x0000000008032028                TIM5_IRQHandler
                0x0000000008032028                DMA2_Stream7_IRQHandler
                0x0000000008032028                I2C3_EV_IRQHandler
                0x0000000008032028                EXTI9_5_IRQHandler
                0x0000000008032028                RTC_WKUP_IRQHandler
                0x0000000008032028                ETH_WKUP_IRQHandler
                0x0000000008032028                SPI2_IRQHandler
                0x0000000008032028                OTG_HS_EP1_IN_IRQHandler
                0x0000000008032028                DMA1_Stream0_IRQHandler
                0x0000000008032028                CAN1_TX_IRQHandler
                0x0000000008032028                EXTI4_IRQHandler
                0x0000000008032028                FSMC_IRQHandler
                0x0000000008032028                ETH_IRQHandler
                0x0000000008032028                OTG_HS_EP1_OUT_IRQHandler
                0x0000000008032028                WWDG_IRQHandler
                0x0000000008032028                TIM2_IRQHandler
                0x0000000008032028                OTG_FS_WKUP_IRQHandler
                0x0000000008032028                TIM1_TRG_COM_TIM11_IRQHandler
                0x0000000008032028                OTG_HS_IRQHandler
                0x0000000008032028                EXTI1_IRQHandler
                0x0000000008032028                USART2_IRQHandler
                0x0000000008032028                I2C2_ER_IRQHandler
                0x0000000008032028                DMA2_Stream1_IRQHandler
                0x0000000008032028                CAN1_SCE_IRQHandler
                0x0000000008032028                FLASH_IRQHandler
                0x0000000008032028                DMA2_Stream4_IRQHandler
                0x0000000008032028                USART1_IRQHandler
                0x0000000008032028                OTG_FS_IRQHandler
                0x0000000008032028                SPI3_IRQHandler
                0x0000000008032028                DMA1_Stream4_IRQHandler
                0x0000000008032028                I2C1_ER_IRQHandler
                0x0000000008032028                DMA2_Stream6_IRQHandler
                0x0000000008032028                DMA1_Stream3_IRQHandler
 *fill*         0x000000000803202a        0x2 
 .text.HAL_Init
                0x000000000803202c       0x44 ./Drivers/STM32F4xx_HAL_Driver/Src/stm32f4xx_hal.o
                0x000000000803202c                HAL_Init
 .text.HAL_InitTick
                0x0000000008032070       0x60 ./Drivers/STM32F4xx_HAL_Driver/Src/stm32f4xx_hal.o
                0x0000000008032070                HAL_InitTick
 .text.HAL_IncTick
                0x00000000080320d0       0x28 ./Drivers/STM32F4xx_HAL_Driver/Src/stm32f4xx_hal.o
                0x00000000080320d0                HAL_IncTick
 .text.HAL_GetTick
                0x00000000080320f8       0x18 ./Drivers/STM32F4xx_HAL_Driver/Src/stm32f4xx_hal.o
                0x00000000080320f8                HAL_GetTick
 .text.HAL_Delay
                0x0000000008032110       0x48 ./Drivers/STM32F4xx_HAL_Driver/Src/stm32f4xx_hal.o
                0x0000000008032110                HAL_Delay
 .text.__NVIC_SetPriorityGrouping
                0x0000000008032158       0x48 ./Drivers/STM32F4xx_HAL_Driver/Src/stm32f4xx_hal_cortex.o
 .text.__NVIC_GetPriorityGrouping
                0x00000000080321a0       0x1c ./Drivers/STM32F4xx_HAL_Driver/Src/stm32f4xx_hal_cortex.o
 .text.__NVIC_EnableIRQ
                0x00000000080321bc       0x3c ./Drivers/STM32F4xx_HAL_Driver/Src/stm32f4xx_hal_cortex.o
 .text.__NVIC_SetPriority
                0x00000000080321f8       0x54 ./Drivers/STM32F4xx_HAL_Driver/Src/stm32f4xx_hal_cortex.o
 .text.NVIC_EncodePriority
                0x000000000803224c       0x66 ./Drivers/STM32F4xx_HAL_Driver/Src/stm32f4xx_hal_cortex.o
 *fill*         0x00000000080322b2        0x2 
 .text.SysTick_Config
                0x00000000080322b4       0x44 ./Drivers/STM32F4xx_HAL_Driver/Src/stm32f4xx_hal_cortex.o
 .text.HAL_NVIC_SetPriorityGrouping
                0x00000000080322f8       0x16 ./Drivers/STM32F4xx_HAL_Driver/Src/stm32f4xx_hal_cortex.o
                0x00000000080322f8                HAL_NVIC_SetPriorityGrouping
 .text.HAL_NVIC_SetPriority
                0x000000000803230e       0x38 ./Drivers/STM32F4xx_HAL_Driver/Src/stm32f4xx_hal_cortex.o
                0x000000000803230e                HAL_NVIC_SetPriority
 .text.HAL_NVIC_EnableIRQ
                0x0000000008032346       0x1c ./Drivers/STM32F4xx_HAL_Driver/Src/stm32f4xx_hal_cortex.o
                0x0000000008032346                HAL_NVIC_EnableIRQ
 .text.HAL_SYSTICK_Config
                0x0000000008032362       0x18 ./Drivers/STM32F4xx_HAL_Driver/Src/stm32f4xx_hal_cortex.o
                0x0000000008032362                HAL_SYSTICK_Config
 .text.HAL_DMA_Abort
                0x000000000803237a       0xe0 ./Drivers/STM32F4xx_HAL_Driver/Src/stm32f4xx_hal_dma.o
                0x000000000803237a                HAL_DMA_Abort
 .text.HAL_DMA_Abort_IT
                0x000000000803245a       0x44 ./Drivers/STM32F4xx_HAL_Driver/Src/stm32f4xx_hal_dma.o
                0x000000000803245a                HAL_DMA_Abort_IT
 *fill*         0x000000000803249e        0x2 
 .text.HAL_FLASH_Program
                0x00000000080324a0       0xa8 ./Drivers/STM32F4xx_HAL_Driver/Src/stm32f4xx_hal_flash.o
                0x00000000080324a0                HAL_FLASH_Program
 .text.HAL_FLASH_Unlock
                0x0000000008032548       0x44 ./Drivers/STM32F4xx_HAL_Driver/Src/stm32f4xx_hal_flash.o
                0x0000000008032548                HAL_FLASH_Unlock
 .text.HAL_FLASH_Lock
                0x000000000803258c       0x20 ./Drivers/STM32F4xx_HAL_Driver/Src/stm32f4xx_hal_flash.o
                0x000000000803258c                HAL_FLASH_Lock
 .text.FLASH_WaitForLastOperation
                0x00000000080325ac       0x80 ./Drivers/STM32F4xx_HAL_Driver/Src/stm32f4xx_hal_flash.o
                0x00000000080325ac                FLASH_WaitForLastOperation
 .text.FLASH_Program_DoubleWord
                0x000000000803262c       0x64 ./Drivers/STM32F4xx_HAL_Driver/Src/stm32f4xx_hal_flash.o
 .text.FLASH_Program_Word
                0x0000000008032690       0x44 ./Drivers/STM32F4xx_HAL_Driver/Src/stm32f4xx_hal_flash.o
 .text.FLASH_Program_HalfWord
                0x00000000080326d4       0x48 ./Drivers/STM32F4xx_HAL_Driver/Src/stm32f4xx_hal_flash.o
 .text.FLASH_Program_Byte
                0x000000000803271c       0x44 ./Drivers/STM32F4xx_HAL_Driver/Src/stm32f4xx_hal_flash.o
 .text.FLASH_SetErrorCode
                0x0000000008032760       0xac ./Drivers/STM32F4xx_HAL_Driver/Src/stm32f4xx_hal_flash.o
 .text.HAL_FLASHEx_Erase
                0x000000000803280c       0xe0 ./Drivers/STM32F4xx_HAL_Driver/Src/stm32f4xx_hal_flash_ex.o
                0x000000000803280c                HAL_FLASHEx_Erase
 .text.FLASH_MassErase
                0x00000000080328ec       0x48 ./Drivers/STM32F4xx_HAL_Driver/Src/stm32f4xx_hal_flash_ex.o
 .text.FLASH_Erase_Sector
                0x0000000008032934       0x90 ./Drivers/STM32F4xx_HAL_Driver/Src/stm32f4xx_hal_flash_ex.o
                0x0000000008032934                FLASH_Erase_Sector
 .text.FLASH_FlushCaches
                0x00000000080329c4       0x8c ./Drivers/STM32F4xx_HAL_Driver/Src/stm32f4xx_hal_flash_ex.o
                0x00000000080329c4                FLASH_FlushCaches
 .text.HAL_GPIO_Init
                0x0000000008032a50      0x338 ./Drivers/STM32F4xx_HAL_Driver/Src/stm32f4xx_hal_gpio.o
                0x0000000008032a50                HAL_GPIO_Init
 .text.HAL_GPIO_WritePin
                0x0000000008032d88       0x32 ./Drivers/STM32F4xx_HAL_Driver/Src/stm32f4xx_hal_gpio.o
                0x0000000008032d88                HAL_GPIO_WritePin
 *fill*         0x0000000008032dba        0x2 
 .text.HAL_RCC_OscConfig
                0x0000000008032dbc      0x4f0 ./Drivers/STM32F4xx_HAL_Driver/Src/stm32f4xx_hal_rcc.o
                0x0000000008032dbc                HAL_RCC_OscConfig
 .text.HAL_RCC_ClockConfig
                0x00000000080332ac      0x1cc ./Drivers/STM32F4xx_HAL_Driver/Src/stm32f4xx_hal_rcc.o
                0x00000000080332ac                HAL_RCC_ClockConfig
 .text.HAL_RCC_GetSysClockFreq
                0x0000000008033478      0x1c4 ./Drivers/STM32F4xx_HAL_Driver/Src/stm32f4xx_hal_rcc.o
                0x0000000008033478                HAL_RCC_GetSysClockFreq
 .text.HAL_RCC_GetHCLKFreq
                0x000000000803363c       0x18 ./Drivers/STM32F4xx_HAL_Driver/Src/stm32f4xx_hal_rcc.o
                0x000000000803363c                HAL_RCC_GetHCLKFreq
 .text.HAL_RCC_GetPCLK1Freq
                0x0000000008033654       0x28 ./Drivers/STM32F4xx_HAL_Driver/Src/stm32f4xx_hal_rcc.o
                0x0000000008033654                HAL_RCC_GetPCLK1Freq
 .text.HAL_RCC_GetPCLK2Freq
                0x000000000803367c       0x28 ./Drivers/STM32F4xx_HAL_Driver/Src/stm32f4xx_hal_rcc.o
                0x000000000803367c                HAL_RCC_GetPCLK2Freq
 .text.HAL_SD_Init
                0x00000000080336a4       0x60 ./Drivers/STM32F4xx_HAL_Driver/Src/stm32f4xx_hal_sd.o
                0x00000000080336a4                HAL_SD_Init
 .text.HAL_SD_InitCard
                0x0000000008033704       0xfc ./Drivers/STM32F4xx_HAL_Driver/Src/stm32f4xx_hal_sd.o
                0x0000000008033704                HAL_SD_InitCard
 .text.HAL_SD_ReadBlocks
                0x0000000008033800      0x3bc ./Drivers/STM32F4xx_HAL_Driver/Src/stm32f4xx_hal_sd.o
                0x0000000008033800                HAL_SD_ReadBlocks
 .text.HAL_SD_WriteBlocks
                0x0000000008033bbc      0x30c ./Drivers/STM32F4xx_HAL_Driver/Src/stm32f4xx_hal_sd.o
                0x0000000008033bbc                HAL_SD_WriteBlocks
 .text.HAL_SD_GetCardCSD
                0x0000000008033ec8      0x348 ./Drivers/STM32F4xx_HAL_Driver/Src/stm32f4xx_hal_sd.o
                0x0000000008033ec8                HAL_SD_GetCardCSD
 .text.HAL_SD_GetCardInfo
                0x0000000008034210       0x58 ./Drivers/STM32F4xx_HAL_Driver/Src/stm32f4xx_hal_sd.o
                0x0000000008034210                HAL_SD_GetCardInfo
 .text.HAL_SD_GetCardState
                0x0000000008034268       0x40 ./Drivers/STM32F4xx_HAL_Driver/Src/stm32f4xx_hal_sd.o
                0x0000000008034268                HAL_SD_GetCardState
 .text.SD_InitCard
                0x00000000080342a8      0x198 ./Drivers/STM32F4xx_HAL_Driver/Src/stm32f4xx_hal_sd.o
 .text.SD_PowerON
                0x0000000008034440      0x11c ./Drivers/STM32F4xx_HAL_Driver/Src/stm32f4xx_hal_sd.o
 .text.SD_SendStatus
                0x000000000803455c       0x50 ./Drivers/STM32F4xx_HAL_Driver/Src/stm32f4xx_hal_sd.o
 .text.HAL_TIM_Base_Init
                0x00000000080345ac       0x9e ./Drivers/STM32F4xx_HAL_Driver/Src/stm32f4xx_hal_tim.o
                0x00000000080345ac                HAL_TIM_Base_Init
 *fill*         0x000000000803464a        0x2 
 .text.HAL_TIM_Base_Start
                0x000000000803464c       0xd0 ./Drivers/STM32F4xx_HAL_Driver/Src/stm32f4xx_hal_tim.o
                0x000000000803464c                HAL_TIM_Base_Start
 .text.HAL_TIM_ConfigClockSource
                0x000000000803471c      0x18e ./Drivers/STM32F4xx_HAL_Driver/Src/stm32f4xx_hal_tim.o
                0x000000000803471c                HAL_TIM_ConfigClockSource
 *fill*         0x00000000080348aa        0x2 
 .text.TIM_Base_SetConfig
                0x00000000080348ac      0x140 ./Drivers/STM32F4xx_HAL_Driver/Src/stm32f4xx_hal_tim.o
                0x00000000080348ac                TIM_Base_SetConfig
 .text.TIM_TI1_ConfigInputStage
                0x00000000080349ec       0x5e ./Drivers/STM32F4xx_HAL_Driver/Src/stm32f4xx_hal_tim.o
 .text.TIM_TI2_ConfigInputStage
                0x0000000008034a4a       0x60 ./Drivers/STM32F4xx_HAL_Driver/Src/stm32f4xx_hal_tim.o
 .text.TIM_ITRx_SetConfig
                0x0000000008034aaa       0x36 ./Drivers/STM32F4xx_HAL_Driver/Src/stm32f4xx_hal_tim.o
 .text.TIM_ETR_SetConfig
                0x0000000008034ae0       0x40 ./Drivers/STM32F4xx_HAL_Driver/Src/stm32f4xx_hal_tim.o
                0x0000000008034ae0                TIM_ETR_SetConfig
 .text.HAL_TIMEx_MasterConfigSynchronization
                0x0000000008034b20       0xf8 ./Drivers/STM32F4xx_HAL_Driver/Src/stm32f4xx_hal_tim_ex.o
                0x0000000008034b20                HAL_TIMEx_MasterConfigSynchronization
 .text.HAL_UART_Init
                0x0000000008034c18       0x9a ./Drivers/STM32F4xx_HAL_Driver/Src/stm32f4xx_hal_uart.o
                0x0000000008034c18                HAL_UART_Init
 .text.HAL_UART_Transmit
                0x0000000008034cb2      0x124 ./Drivers/STM32F4xx_HAL_Driver/Src/stm32f4xx_hal_uart.o
                0x0000000008034cb2                HAL_UART_Transmit
 .text.HAL_UART_Receive
                0x0000000008034dd6      0x144 ./Drivers/STM32F4xx_HAL_Driver/Src/stm32f4xx_hal_uart.o
                0x0000000008034dd6                HAL_UART_Receive
 .text.HAL_UART_Receive_IT
                0x0000000008034f1a       0x60 ./Drivers/STM32F4xx_HAL_Driver/Src/stm32f4xx_hal_uart.o
                0x0000000008034f1a                HAL_UART_Receive_IT
 *fill*         0x0000000008034f7a        0x2 
 .text.HAL_UART_IRQHandler
                0x0000000008034f7c      0x51c ./Drivers/STM32F4xx_HAL_Driver/Src/stm32f4xx_hal_uart.o
                0x0000000008034f7c                HAL_UART_IRQHandler
 .text.HAL_UART_TxCpltCallback
                0x0000000008035498       0x14 ./Drivers/STM32F4xx_HAL_Driver/Src/stm32f4xx_hal_uart.o
                0x0000000008035498                HAL_UART_TxCpltCallback
 .text.HAL_UART_ErrorCallback
                0x00000000080354ac       0x14 ./Drivers/STM32F4xx_HAL_Driver/Src/stm32f4xx_hal_uart.o
                0x00000000080354ac                HAL_UART_ErrorCallback
 .text.HAL_UARTEx_RxEventCallback
                0x00000000080354c0       0x18 ./Drivers/STM32F4xx_HAL_Driver/Src/stm32f4xx_hal_uart.o
                0x00000000080354c0                HAL_UARTEx_RxEventCallback
 .text.UART_WaitOnFlagUntilTimeout
                0x00000000080354d8       0xdc ./Drivers/STM32F4xx_HAL_Driver/Src/stm32f4xx_hal_uart.o
 .text.UART_Start_Receive_IT
                0x00000000080355b4       0x74 ./Drivers/STM32F4xx_HAL_Driver/Src/stm32f4xx_hal_uart.o
                0x00000000080355b4                UART_Start_Receive_IT
 .text.UART_EndRxTransfer
                0x0000000008035628       0xc6 ./Drivers/STM32F4xx_HAL_Driver/Src/stm32f4xx_hal_uart.o
 .text.UART_DMAAbortOnError
                0x00000000080356ee       0x28 ./Drivers/STM32F4xx_HAL_Driver/Src/stm32f4xx_hal_uart.o
 .text.UART_Transmit_IT
                0x0000000008035716       0xa0 ./Drivers/STM32F4xx_HAL_Driver/Src/stm32f4xx_hal_uart.o
 .text.UART_EndTransmit_IT
                0x00000000080357b6       0x30 ./Drivers/STM32F4xx_HAL_Driver/Src/stm32f4xx_hal_uart.o
 .text.UART_Receive_IT
                0x00000000080357e6      0x176 ./Drivers/STM32F4xx_HAL_Driver/Src/stm32f4xx_hal_uart.o
 .text.UART_SetConfig
                0x000000000803595c      0x390 ./Drivers/STM32F4xx_HAL_Driver/Src/stm32f4xx_hal_uart.o
 .text.SDIO_Init
                0x0000000008035cec       0x56 ./Drivers/STM32F4xx_HAL_Driver/Src/stm32f4xx_ll_sdmmc.o
                0x0000000008035cec                SDIO_Init
 .text.SDIO_ReadFIFO
                0x0000000008035d42       0x1a ./Drivers/STM32F4xx_HAL_Driver/Src/stm32f4xx_ll_sdmmc.o
                0x0000000008035d42                SDIO_ReadFIFO
 .text.SDIO_WriteFIFO
                0x0000000008035d5c       0x22 ./Drivers/STM32F4xx_HAL_Driver/Src/stm32f4xx_ll_sdmmc.o
                0x0000000008035d5c                SDIO_WriteFIFO
 .text.SDIO_PowerState_ON
                0x0000000008035d7e       0x1e ./Drivers/STM32F4xx_HAL_Driver/Src/stm32f4xx_ll_sdmmc.o
                0x0000000008035d7e                SDIO_PowerState_ON
 .text.SDIO_GetPowerState
                0x0000000008035d9c       0x1c ./Drivers/STM32F4xx_HAL_Driver/Src/stm32f4xx_ll_sdmmc.o
                0x0000000008035d9c                SDIO_GetPowerState
 .text.SDIO_SendCommand
                0x0000000008035db8       0x54 ./Drivers/STM32F4xx_HAL_Driver/Src/stm32f4xx_ll_sdmmc.o
                0x0000000008035db8                SDIO_SendCommand
 .text.SDIO_GetCommandResponse
                0x0000000008035e0c       0x1a ./Drivers/STM32F4xx_HAL_Driver/Src/stm32f4xx_ll_sdmmc.o
                0x0000000008035e0c                SDIO_GetCommandResponse
 .text.SDIO_GetResponse
                0x0000000008035e26       0x26 ./Drivers/STM32F4xx_HAL_Driver/Src/stm32f4xx_ll_sdmmc.o
                0x0000000008035e26                SDIO_GetResponse
 .text.SDIO_ConfigData
                0x0000000008035e4c       0x58 ./Drivers/STM32F4xx_HAL_Driver/Src/stm32f4xx_ll_sdmmc.o
                0x0000000008035e4c                SDIO_ConfigData
 .text.SDMMC_CmdBlockLength
                0x0000000008035ea4       0x44 ./Drivers/STM32F4xx_HAL_Driver/Src/stm32f4xx_ll_sdmmc.o
                0x0000000008035ea4                SDMMC_CmdBlockLength
 .text.SDMMC_CmdReadSingleBlock
                0x0000000008035ee8       0x44 ./Drivers/STM32F4xx_HAL_Driver/Src/stm32f4xx_ll_sdmmc.o
                0x0000000008035ee8                SDMMC_CmdReadSingleBlock
 .text.SDMMC_CmdReadMultiBlock
                0x0000000008035f2c       0x44 ./Drivers/STM32F4xx_HAL_Driver/Src/stm32f4xx_ll_sdmmc.o
                0x0000000008035f2c                SDMMC_CmdReadMultiBlock
 .text.SDMMC_CmdWriteSingleBlock
                0x0000000008035f70       0x44 ./Drivers/STM32F4xx_HAL_Driver/Src/stm32f4xx_ll_sdmmc.o
                0x0000000008035f70                SDMMC_CmdWriteSingleBlock
 .text.SDMMC_CmdWriteMultiBlock
                0x0000000008035fb4       0x44 ./Drivers/STM32F4xx_HAL_Driver/Src/stm32f4xx_ll_sdmmc.o
                0x0000000008035fb4                SDMMC_CmdWriteMultiBlock
 .text.SDMMC_CmdStopTransfer
                0x0000000008035ff8       0x44 ./Drivers/STM32F4xx_HAL_Driver/Src/stm32f4xx_ll_sdmmc.o
                0x0000000008035ff8                SDMMC_CmdStopTransfer
 .text.SDMMC_CmdSelDesel
                0x000000000803603c       0x46 ./Drivers/STM32F4xx_HAL_Driver/Src/stm32f4xx_ll_sdmmc.o
                0x000000000803603c                SDMMC_CmdSelDesel
 .text.SDMMC_CmdGoIdleState
                0x0000000008036082       0x3c ./Drivers/STM32F4xx_HAL_Driver/Src/stm32f4xx_ll_sdmmc.o
                0x0000000008036082                SDMMC_CmdGoIdleState
 .text.SDMMC_CmdOperCond
                0x00000000080360be       0x3e ./Drivers/STM32F4xx_HAL_Driver/Src/stm32f4xx_ll_sdmmc.o
                0x00000000080360be                SDMMC_CmdOperCond
 .text.SDMMC_CmdAppCommand
                0x00000000080360fc       0x44 ./Drivers/STM32F4xx_HAL_Driver/Src/stm32f4xx_ll_sdmmc.o
                0x00000000080360fc                SDMMC_CmdAppCommand
 .text.SDMMC_CmdAppOperCommand
                0x0000000008036140       0x46 ./Drivers/STM32F4xx_HAL_Driver/Src/stm32f4xx_ll_sdmmc.o
                0x0000000008036140                SDMMC_CmdAppOperCommand
 .text.SDMMC_CmdSendCID
                0x0000000008036186       0x3c ./Drivers/STM32F4xx_HAL_Driver/Src/stm32f4xx_ll_sdmmc.o
                0x0000000008036186                SDMMC_CmdSendCID
 .text.SDMMC_CmdSendCSD
                0x00000000080361c2       0x3e ./Drivers/STM32F4xx_HAL_Driver/Src/stm32f4xx_ll_sdmmc.o
                0x00000000080361c2                SDMMC_CmdSendCSD
 .text.SDMMC_CmdSetRelAdd
                0x0000000008036200       0x42 ./Drivers/STM32F4xx_HAL_Driver/Src/stm32f4xx_ll_sdmmc.o
                0x0000000008036200                SDMMC_CmdSetRelAdd
 .text.SDMMC_CmdSendStatus
                0x0000000008036242       0x44 ./Drivers/STM32F4xx_HAL_Driver/Src/stm32f4xx_ll_sdmmc.o
                0x0000000008036242                SDMMC_CmdSendStatus
 *fill*         0x0000000008036286        0x2 
 .text.SDMMC_GetCmdError
                0x0000000008036288       0x58 ./Drivers/STM32F4xx_HAL_Driver/Src/stm32f4xx_ll_sdmmc.o
 .text.SDMMC_GetCmdResp1
                0x00000000080362e0      0x1dc ./Drivers/STM32F4xx_HAL_Driver/Src/stm32f4xx_ll_sdmmc.o
 .text.SDMMC_GetCmdResp2
                0x00000000080364bc       0x90 ./Drivers/STM32F4xx_HAL_Driver/Src/stm32f4xx_ll_sdmmc.o
 .text.SDMMC_GetCmdResp3
                0x000000000803654c       0x7c ./Drivers/STM32F4xx_HAL_Driver/Src/stm32f4xx_ll_sdmmc.o
 .text.SDMMC_GetCmdResp6
                0x00000000080365c8       0xec ./Drivers/STM32F4xx_HAL_Driver/Src/stm32f4xx_ll_sdmmc.o
 .text.SDMMC_GetCmdResp7
                0x00000000080366b4       0x9c ./Drivers/STM32F4xx_HAL_Driver/Src/stm32f4xx_ll_sdmmc.o
 .text.MX_FATFS_Init
                0x0000000008036750       0x24 ./FATFS/App/fatfs.o
                0x0000000008036750                MX_FATFS_Init
 .text.get_fattime
                0x0000000008036774       0x10 ./FATFS/App/fatfs.o
                0x0000000008036774                get_fattime
 .text.BSP_SD_Init
                0x0000000008036784       0x30 ./FATFS/Target/bsp_driver_sd.o
                0x0000000008036784                BSP_SD_Init
 .text.BSP_SD_ReadBlocks
                0x00000000080367b4       0x3c ./FATFS/Target/bsp_driver_sd.o
                0x00000000080367b4                BSP_SD_ReadBlocks
 .text.BSP_SD_WriteBlocks
                0x00000000080367f0       0x3c ./FATFS/Target/bsp_driver_sd.o
                0x00000000080367f0                BSP_SD_WriteBlocks
 .text.BSP_SD_GetCardState
                0x000000000803682c       0x20 ./FATFS/Target/bsp_driver_sd.o
                0x000000000803682c                BSP_SD_GetCardState
 .text.BSP_SD_GetCardInfo
                0x000000000803684c       0x1c ./FATFS/Target/bsp_driver_sd.o
                0x000000000803684c                BSP_SD_GetCardInfo
 .text.BSP_SD_IsDetected
                0x0000000008036868       0x1a ./FATFS/Target/bsp_driver_sd.o
                0x0000000008036868                BSP_SD_IsDetected
 *fill*         0x0000000008036882        0x2 
 .text.SD_CheckStatus
                0x0000000008036884       0x3c ./FATFS/Target/sd_diskio.o
 .text.SD_initialize
                0x00000000080368c0       0x3c ./FATFS/Target/sd_diskio.o
                0x00000000080368c0                SD_initialize
 .text.SD_status
                0x00000000080368fc       0x1c ./FATFS/Target/sd_diskio.o
                0x00000000080368fc                SD_status
 .text.SD_read  0x0000000008036918       0x42 ./FATFS/Target/sd_diskio.o
                0x0000000008036918                SD_read
 .text.SD_write
                0x000000000803695a       0x42 ./FATFS/Target/sd_diskio.o
                0x000000000803695a                SD_write
 .text.SD_ioctl
                0x000000000803699c       0xb0 ./FATFS/Target/sd_diskio.o
                0x000000000803699c                SD_ioctl
 .text.disk_status
                0x0000000008036a4c       0x34 ./Middlewares/Third_Party/FatFs/src/diskio.o
                0x0000000008036a4c                disk_status
 .text.disk_initialize
                0x0000000008036a80       0x4c ./Middlewares/Third_Party/FatFs/src/diskio.o
                0x0000000008036a80                disk_initialize
 .text.disk_read
                0x0000000008036acc       0x40 ./Middlewares/Third_Party/FatFs/src/diskio.o
                0x0000000008036acc                disk_read
 .text.disk_write
                0x0000000008036b0c       0x40 ./Middlewares/Third_Party/FatFs/src/diskio.o
                0x0000000008036b0c                disk_write
 .text.disk_ioctl
                0x0000000008036b4c       0x3c ./Middlewares/Third_Party/FatFs/src/diskio.o
                0x0000000008036b4c                disk_ioctl
 .text.ld_word  0x0000000008036b88       0x30 ./Middlewares/Third_Party/FatFs/src/ff.o
 .text.ld_dword
                0x0000000008036bb8       0x46 ./Middlewares/Third_Party/FatFs/src/ff.o
 .text.st_word  0x0000000008036bfe       0x36 ./Middlewares/Third_Party/FatFs/src/ff.o
 .text.st_dword
                0x0000000008036c34       0x58 ./Middlewares/Third_Party/FatFs/src/ff.o
 .text.mem_cpy  0x0000000008036c8c       0x42 ./Middlewares/Third_Party/FatFs/src/ff.o
 .text.mem_set  0x0000000008036cce       0x36 ./Middlewares/Third_Party/FatFs/src/ff.o
 .text.mem_cmp  0x0000000008036d04       0x4e ./Middlewares/Third_Party/FatFs/src/ff.o
 .text.chk_chr  0x0000000008036d52       0x36 ./Middlewares/Third_Party/FatFs/src/ff.o
 .text.chk_lock
                0x0000000008036d88       0xb8 ./Middlewares/Third_Party/FatFs/src/ff.o
 .text.enq_lock
                0x0000000008036e40       0x44 ./Middlewares/Third_Party/FatFs/src/ff.o
 .text.inc_lock
                0x0000000008036e84      0x11c ./Middlewares/Third_Party/FatFs/src/ff.o
 .text.dec_lock
                0x0000000008036fa0       0x78 ./Middlewares/Third_Party/FatFs/src/ff.o
 .text.clear_lock
                0x0000000008037018       0x48 ./Middlewares/Third_Party/FatFs/src/ff.o
 .text.sync_window
                0x0000000008037060       0x88 ./Middlewares/Third_Party/FatFs/src/ff.o
 .text.move_window
                0x00000000080370e8       0x5a ./Middlewares/Third_Party/FatFs/src/ff.o
 *fill*         0x0000000008037142        0x2 
 .text.sync_fs  0x0000000008037144       0xdc ./Middlewares/Third_Party/FatFs/src/ff.o
 .text.clust2sect
                0x0000000008037220       0x3e ./Middlewares/Third_Party/FatFs/src/ff.o
 .text.get_fat  0x000000000803725e      0x150 ./Middlewares/Third_Party/FatFs/src/ff.o
 .text.put_fat  0x00000000080373ae      0x1d8 ./Middlewares/Third_Party/FatFs/src/ff.o
 .text.remove_chain
                0x0000000008037586       0xca ./Middlewares/Third_Party/FatFs/src/ff.o
 .text.create_chain
                0x0000000008037650      0x130 ./Middlewares/Third_Party/FatFs/src/ff.o
 .text.clmt_clust
                0x0000000008037780       0x68 ./Middlewares/Third_Party/FatFs/src/ff.o
 .text.dir_sdi  0x00000000080377e8       0xf6 ./Middlewares/Third_Party/FatFs/src/ff.o
 .text.dir_next
                0x00000000080378de      0x18a ./Middlewares/Third_Party/FatFs/src/ff.o
 .text.dir_alloc
                0x0000000008037a68       0x8e ./Middlewares/Third_Party/FatFs/src/ff.o
 .text.ld_clust
                0x0000000008037af6       0x3e ./Middlewares/Third_Party/FatFs/src/ff.o
 .text.st_clust
                0x0000000008037b34       0x40 ./Middlewares/Third_Party/FatFs/src/ff.o
 .text.dir_find
                0x0000000008037b74       0xaa ./Middlewares/Third_Party/FatFs/src/ff.o
 .text.dir_register
                0x0000000008037c1e       0x64 ./Middlewares/Third_Party/FatFs/src/ff.o
 *fill*         0x0000000008037c82        0x2 
 .text.create_name
                0x0000000008037c84      0x128 ./Middlewares/Third_Party/FatFs/src/ff.o
 .text.follow_path
                0x0000000008037dac       0xe2 ./Middlewares/Third_Party/FatFs/src/ff.o
 .text.get_ldnumber
                0x0000000008037e8e       0x88 ./Middlewares/Third_Party/FatFs/src/ff.o
 *fill*         0x0000000008037f16        0x2 
 .text.check_fs
                0x0000000008037f18       0xac ./Middlewares/Third_Party/FatFs/src/ff.o
 .text.find_volume
                0x0000000008037fc4      0x498 ./Middlewares/Third_Party/FatFs/src/ff.o
 .text.validate
                0x000000000803845c       0x6a ./Middlewares/Third_Party/FatFs/src/ff.o
 *fill*         0x00000000080384c6        0x2 
 .text.f_mount  0x00000000080384c8       0x8c ./Middlewares/Third_Party/FatFs/src/ff.o
                0x00000000080384c8                f_mount
 .text.f_open   0x0000000008038554      0x37c ./Middlewares/Third_Party/FatFs/src/ff.o
                0x0000000008038554                f_open
 .text.f_read   0x00000000080388d0      0x27e ./Middlewares/Third_Party/FatFs/src/ff.o
                0x00000000080388d0                f_read
 .text.f_write  0x0000000008038b4e      0x2ea ./Middlewares/Third_Party/FatFs/src/ff.o
                0x0000000008038b4e                f_write
 .text.f_sync   0x0000000008038e38       0xfc ./Middlewares/Third_Party/FatFs/src/ff.o
                0x0000000008038e38                f_sync
 .text.f_close  0x0000000008038f34       0x54 ./Middlewares/Third_Party/FatFs/src/ff.o
                0x0000000008038f34                f_close
 .text.FATFS_LinkDriverEx
                0x0000000008038f88       0x98 ./Middlewares/Third_Party/FatFs/src/ff_gen_drv.o
                0x0000000008038f88                FATFS_LinkDriverEx
 .text.FATFS_LinkDriver
                0x0000000008039020       0x1e ./Middlewares/Third_Party/FatFs/src/ff_gen_drv.o
                0x0000000008039020                FATFS_LinkDriver
 *fill*         0x000000000803903e        0x2 
 .text.__errno  0x0000000008039040        0xc c:/st/stm32cubeide_1.8.0/stm32cubeide/plugins/com.st.stm32cube.ide.mcu.externaltools.gnu-tools-for-stm32.9-2020-q2-update.win32_2.0.0.202105311346/tools/bin/../lib/gcc/arm-none-eabi/9.3.1/../../../../arm-none-eabi/lib/thumb/v7e-m+fp/hard\libc_nano.a(lib_a-errno.o)
                0x0000000008039040                __errno
 .text.__sflush_r
                0x000000000803904c      0x10c c:/st/stm32cubeide_1.8.0/stm32cubeide/plugins/com.st.stm32cube.ide.mcu.externaltools.gnu-tools-for-stm32.9-2020-q2-update.win32_2.0.0.202105311346/tools/bin/../lib/gcc/arm-none-eabi/9.3.1/../../../../arm-none-eabi/lib/thumb/v7e-m+fp/hard\libc_nano.a(lib_a-fflush.o)
                0x000000000803904c                __sflush_r
 .text._fflush_r
                0x0000000008039158       0x78 c:/st/stm32cubeide_1.8.0/stm32cubeide/plugins/com.st.stm32cube.ide.mcu.externaltools.gnu-tools-for-stm32.9-2020-q2-update.win32_2.0.0.202105311346/tools/bin/../lib/gcc/arm-none-eabi/9.3.1/../../../../arm-none-eabi/lib/thumb/v7e-m+fp/hard\libc_nano.a(lib_a-fflush.o)
                0x0000000008039158                _fflush_r
 .text.std      0x00000000080391d0       0x48 c:/st/stm32cubeide_1.8.0/stm32cubeide/plugins/com.st.stm32cube.ide.mcu.externaltools.gnu-tools-for-stm32.9-2020-q2-update.win32_2.0.0.202105311346/tools/bin/../lib/gcc/arm-none-eabi/9.3.1/../../../../arm-none-eabi/lib/thumb/v7e-m+fp/hard\libc_nano.a(lib_a-findfp.o)
 .text._cleanup_r
                0x0000000008039218        0xc c:/st/stm32cubeide_1.8.0/stm32cubeide/plugins/com.st.stm32cube.ide.mcu.externaltools.gnu-tools-for-stm32.9-2020-q2-update.win32_2.0.0.202105311346/tools/bin/../lib/gcc/arm-none-eabi/9.3.1/../../../../arm-none-eabi/lib/thumb/v7e-m+fp/hard\libc_nano.a(lib_a-findfp.o)
                0x0000000008039218                _cleanup_r
 .text.__sfmoreglue
                0x0000000008039224       0x2c c:/st/stm32cubeide_1.8.0/stm32cubeide/plugins/com.st.stm32cube.ide.mcu.externaltools.gnu-tools-for-stm32.9-2020-q2-update.win32_2.0.0.202105311346/tools/bin/../lib/gcc/arm-none-eabi/9.3.1/../../../../arm-none-eabi/lib/thumb/v7e-m+fp/hard\libc_nano.a(lib_a-findfp.o)
                0x0000000008039224                __sfmoreglue
 .text.__sfp_lock_acquire
                0x0000000008039250        0xc c:/st/stm32cubeide_1.8.0/stm32cubeide/plugins/com.st.stm32cube.ide.mcu.externaltools.gnu-tools-for-stm32.9-2020-q2-update.win32_2.0.0.202105311346/tools/bin/../lib/gcc/arm-none-eabi/9.3.1/../../../../arm-none-eabi/lib/thumb/v7e-m+fp/hard\libc_nano.a(lib_a-findfp.o)
                0x0000000008039250                __sfp_lock_acquire
 .text.__sfp_lock_release
                0x000000000803925c        0xc c:/st/stm32cubeide_1.8.0/stm32cubeide/plugins/com.st.stm32cube.ide.mcu.externaltools.gnu-tools-for-stm32.9-2020-q2-update.win32_2.0.0.202105311346/tools/bin/../lib/gcc/arm-none-eabi/9.3.1/../../../../arm-none-eabi/lib/thumb/v7e-m+fp/hard\libc_nano.a(lib_a-findfp.o)
                0x000000000803925c                __sfp_lock_release
 .text.__sinit_lock_acquire
                0x0000000008039268        0xc c:/st/stm32cubeide_1.8.0/stm32cubeide/plugins/com.st.stm32cube.ide.mcu.externaltools.gnu-tools-for-stm32.9-2020-q2-update.win32_2.0.0.202105311346/tools/bin/../lib/gcc/arm-none-eabi/9.3.1/../../../../arm-none-eabi/lib/thumb/v7e-m+fp/hard\libc_nano.a(lib_a-findfp.o)
                0x0000000008039268                __sinit_lock_acquire
 .text.__sinit_lock_release
                0x0000000008039274        0xc c:/st/stm32cubeide_1.8.0/stm32cubeide/plugins/com.st.stm32cube.ide.mcu.externaltools.gnu-tools-for-stm32.9-2020-q2-update.win32_2.0.0.202105311346/tools/bin/../lib/gcc/arm-none-eabi/9.3.1/../../../../arm-none-eabi/lib/thumb/v7e-m+fp/hard\libc_nano.a(lib_a-findfp.o)
                0x0000000008039274                __sinit_lock_release
 .text.__sinit  0x0000000008039280       0x70 c:/st/stm32cubeide_1.8.0/stm32cubeide/plugins/com.st.stm32cube.ide.mcu.externaltools.gnu-tools-for-stm32.9-2020-q2-update.win32_2.0.0.202105311346/tools/bin/../lib/gcc/arm-none-eabi/9.3.1/../../../../arm-none-eabi/lib/thumb/v7e-m+fp/hard\libc_nano.a(lib_a-findfp.o)
                0x0000000008039280                __sinit
 .text.__sfp    0x00000000080392f0       0x8c c:/st/stm32cubeide_1.8.0/stm32cubeide/plugins/com.st.stm32cube.ide.mcu.externaltools.gnu-tools-for-stm32.9-2020-q2-update.win32_2.0.0.202105311346/tools/bin/../lib/gcc/arm-none-eabi/9.3.1/../../../../arm-none-eabi/lib/thumb/v7e-m+fp/hard\libc_nano.a(lib_a-findfp.o)
                0x00000000080392f0                __sfp
 .text._fwalk_reent
                0x000000000803937c       0x3e c:/st/stm32cubeide_1.8.0/stm32cubeide/plugins/com.st.stm32cube.ide.mcu.externaltools.gnu-tools-for-stm32.9-2020-q2-update.win32_2.0.0.202105311346/tools/bin/../lib/gcc/arm-none-eabi/9.3.1/../../../../arm-none-eabi/lib/thumb/v7e-m+fp/hard\libc_nano.a(lib_a-fwalk.o)
                0x000000000803937c                _fwalk_reent
 *fill*         0x00000000080393ba        0x2 
 .text.__libc_init_array
                0x00000000080393bc       0x48 c:/st/stm32cubeide_1.8.0/stm32cubeide/plugins/com.st.stm32cube.ide.mcu.externaltools.gnu-tools-for-stm32.9-2020-q2-update.win32_2.0.0.202105311346/tools/bin/../lib/gcc/arm-none-eabi/9.3.1/../../../../arm-none-eabi/lib/thumb/v7e-m+fp/hard\libc_nano.a(lib_a-init.o)
                0x00000000080393bc                __libc_init_array
 .text.__retarget_lock_init_recursive
                0x0000000008039404        0x2 c:/st/stm32cubeide_1.8.0/stm32cubeide/plugins/com.st.stm32cube.ide.mcu.externaltools.gnu-tools-for-stm32.9-2020-q2-update.win32_2.0.0.202105311346/tools/bin/../lib/gcc/arm-none-eabi/9.3.1/../../../../arm-none-eabi/lib/thumb/v7e-m+fp/hard\libc_nano.a(lib_a-lock.o)
                0x0000000008039404                __retarget_lock_init_recursive
 .text.__retarget_lock_acquire_recursive
                0x0000000008039406        0x2 c:/st/stm32cubeide_1.8.0/stm32cubeide/plugins/com.st.stm32cube.ide.mcu.externaltools.gnu-tools-for-stm32.9-2020-q2-update.win32_2.0.0.202105311346/tools/bin/../lib/gcc/arm-none-eabi/9.3.1/../../../../arm-none-eabi/lib/thumb/v7e-m+fp/hard\libc_nano.a(lib_a-lock.o)
                0x0000000008039406                __retarget_lock_acquire_recursive
 .text.__retarget_lock_release_recursive
                0x0000000008039408        0x2 c:/st/stm32cubeide_1.8.0/stm32cubeide/plugins/com.st.stm32cube.ide.mcu.externaltools.gnu-tools-for-stm32.9-2020-q2-update.win32_2.0.0.202105311346/tools/bin/../lib/gcc/arm-none-eabi/9.3.1/../../../../arm-none-eabi/lib/thumb/v7e-m+fp/hard\libc_nano.a(lib_a-lock.o)
                0x0000000008039408                __retarget_lock_release_recursive
 .text.__swhatbuf_r
                0x000000000803940a       0x48 c:/st/stm32cubeide_1.8.0/stm32cubeide/plugins/com.st.stm32cube.ide.mcu.externaltools.gnu-tools-for-stm32.9-2020-q2-update.win32_2.0.0.202105311346/tools/bin/../lib/gcc/arm-none-eabi/9.3.1/../../../../arm-none-eabi/lib/thumb/v7e-m+fp/hard\libc_nano.a(lib_a-makebuf.o)
                0x000000000803940a                __swhatbuf_r
 *fill*         0x0000000008039452        0x2 
 .text.__smakebuf_r
                0x0000000008039454       0x80 c:/st/stm32cubeide_1.8.0/stm32cubeide/plugins/com.st.stm32cube.ide.mcu.externaltools.gnu-tools-for-stm32.9-2020-q2-update.win32_2.0.0.202105311346/tools/bin/../lib/gcc/arm-none-eabi/9.3.1/../../../../arm-none-eabi/lib/thumb/v7e-m+fp/hard\libc_nano.a(lib_a-makebuf.o)
                0x0000000008039454                __smakebuf_r
 .text.memcpy   0x00000000080394d4       0x1c c:/st/stm32cubeide_1.8.0/stm32cubeide/plugins/com.st.stm32cube.ide.mcu.externaltools.gnu-tools-for-stm32.9-2020-q2-update.win32_2.0.0.202105311346/tools/bin/../lib/gcc/arm-none-eabi/9.3.1/../../../../arm-none-eabi/lib/thumb/v7e-m+fp/hard\libc_nano.a(lib_a-memcpy-stub.o)
                0x00000000080394d4                memcpy
 .text.memset   0x00000000080394f0       0x10 c:/st/stm32cubeide_1.8.0/stm32cubeide/plugins/com.st.stm32cube.ide.mcu.externaltools.gnu-tools-for-stm32.9-2020-q2-update.win32_2.0.0.202105311346/tools/bin/../lib/gcc/arm-none-eabi/9.3.1/../../../../arm-none-eabi/lib/thumb/v7e-m+fp/hard\libc_nano.a(lib_a-memset.o)
                0x00000000080394f0                memset
 .text._free_r  0x0000000008039500       0xa0 c:/st/stm32cubeide_1.8.0/stm32cubeide/plugins/com.st.stm32cube.ide.mcu.externaltools.gnu-tools-for-stm32.9-2020-q2-update.win32_2.0.0.202105311346/tools/bin/../lib/gcc/arm-none-eabi/9.3.1/../../../../arm-none-eabi/lib/thumb/v7e-m+fp/hard\libc_nano.a(lib_a-nano-freer.o)
                0x0000000008039500                _free_r
 .text._malloc_r
                0x00000000080395a0       0xb4 c:/st/stm32cubeide_1.8.0/stm32cubeide/plugins/com.st.stm32cube.ide.mcu.externaltools.gnu-tools-for-stm32.9-2020-q2-update.win32_2.0.0.202105311346/tools/bin/../lib/gcc/arm-none-eabi/9.3.1/../../../../arm-none-eabi/lib/thumb/v7e-m+fp/hard\libc_nano.a(lib_a-nano-mallocr.o)
                0x00000000080395a0                _malloc_r
 .text.__cvt    0x0000000008039654       0xc4 c:/st/stm32cubeide_1.8.0/stm32cubeide/plugins/com.st.stm32cube.ide.mcu.externaltools.gnu-tools-for-stm32.9-2020-q2-update.win32_2.0.0.202105311346/tools/bin/../lib/gcc/arm-none-eabi/9.3.1/../../../../arm-none-eabi/lib/thumb/v7e-m+fp/hard\libc_nano.a(lib_a-nano-vfprintf_float.o)
                0x0000000008039654                __cvt
 .text.__exponent
                0x0000000008039718       0x7c c:/st/stm32cubeide_1.8.0/stm32cubeide/plugins/com.st.stm32cube.ide.mcu.externaltools.gnu-tools-for-stm32.9-2020-q2-update.win32_2.0.0.202105311346/tools/bin/../lib/gcc/arm-none-eabi/9.3.1/../../../../arm-none-eabi/lib/thumb/v7e-m+fp/hard\libc_nano.a(lib_a-nano-vfprintf_float.o)
                0x0000000008039718                __exponent
 .text._printf_float
                0x0000000008039794      0x46c c:/st/stm32cubeide_1.8.0/stm32cubeide/plugins/com.st.stm32cube.ide.mcu.externaltools.gnu-tools-for-stm32.9-2020-q2-update.win32_2.0.0.202105311346/tools/bin/../lib/gcc/arm-none-eabi/9.3.1/../../../../arm-none-eabi/lib/thumb/v7e-m+fp/hard\libc_nano.a(lib_a-nano-vfprintf_float.o)
                0x0000000008039794                _printf_float
 .text._printf_common
                0x0000000008039c00       0xda c:/st/stm32cubeide_1.8.0/stm32cubeide/plugins/com.st.stm32cube.ide.mcu.externaltools.gnu-tools-for-stm32.9-2020-q2-update.win32_2.0.0.202105311346/tools/bin/../lib/gcc/arm-none-eabi/9.3.1/../../../../arm-none-eabi/lib/thumb/v7e-m+fp/hard\libc_nano.a(lib_a-nano-vfprintf_i.o)
                0x0000000008039c00                _printf_common
 *fill*         0x0000000008039cda        0x2 
 .text._printf_i
                0x0000000008039cdc      0x24c c:/st/stm32cubeide_1.8.0/stm32cubeide/plugins/com.st.stm32cube.ide.mcu.externaltools.gnu-tools-for-stm32.9-2020-q2-update.win32_2.0.0.202105311346/tools/bin/../lib/gcc/arm-none-eabi/9.3.1/../../../../arm-none-eabi/lib/thumb/v7e-m+fp/hard\libc_nano.a(lib_a-nano-vfprintf_i.o)
                0x0000000008039cdc                _printf_i
 .text._scanf_float
                0x0000000008039f28      0x420 c:/st/stm32cubeide_1.8.0/stm32cubeide/plugins/com.st.stm32cube.ide.mcu.externaltools.gnu-tools-for-stm32.9-2020-q2-update.win32_2.0.0.202105311346/tools/bin/../lib/gcc/arm-none-eabi/9.3.1/../../../../arm-none-eabi/lib/thumb/v7e-m+fp/hard\libc_nano.a(lib_a-nano-vfscanf_float.o)
                0x0000000008039f28                _scanf_float
 .text._sbrk_r  0x000000000803a348       0x20 c:/st/stm32cubeide_1.8.0/stm32cubeide/plugins/com.st.stm32cube.ide.mcu.externaltools.gnu-tools-for-stm32.9-2020-q2-update.win32_2.0.0.202105311346/tools/bin/../lib/gcc/arm-none-eabi/9.3.1/../../../../arm-none-eabi/lib/thumb/v7e-m+fp/hard\libc_nano.a(lib_a-sbrkr.o)
                0x000000000803a348                _sbrk_r
 .text.nanf     0x000000000803a368        0xc c:/st/stm32cubeide_1.8.0/stm32cubeide/plugins/com.st.stm32cube.ide.mcu.externaltools.gnu-tools-for-stm32.9-2020-q2-update.win32_2.0.0.202105311346/tools/bin/../lib/gcc/arm-none-eabi/9.3.1/../../../../arm-none-eabi/lib/thumb/v7e-m+fp/hard\libc_nano.a(lib_a-sf_nan.o)
                0x000000000803a368                nanf
 .text.sprintf  0x000000000803a374       0x40 c:/st/stm32cubeide_1.8.0/stm32cubeide/plugins/com.st.stm32cube.ide.mcu.externaltools.gnu-tools-for-stm32.9-2020-q2-update.win32_2.0.0.202105311346/tools/bin/../lib/gcc/arm-none-eabi/9.3.1/../../../../arm-none-eabi/lib/thumb/v7e-m+fp/hard\libc_nano.a(lib_a-sprintf.o)
                0x000000000803a374                siprintf
                0x000000000803a374                sprintf
 .text.__sread  0x000000000803a3b4       0x22 c:/st/stm32cubeide_1.8.0/stm32cubeide/plugins/com.st.stm32cube.ide.mcu.externaltools.gnu-tools-for-stm32.9-2020-q2-update.win32_2.0.0.202105311346/tools/bin/../lib/gcc/arm-none-eabi/9.3.1/../../../../arm-none-eabi/lib/thumb/v7e-m+fp/hard\libc_nano.a(lib_a-stdio.o)
                0x000000000803a3b4                __sread
 .text.__swrite
                0x000000000803a3d6       0x38 c:/st/stm32cubeide_1.8.0/stm32cubeide/plugins/com.st.stm32cube.ide.mcu.externaltools.gnu-tools-for-stm32.9-2020-q2-update.win32_2.0.0.202105311346/tools/bin/../lib/gcc/arm-none-eabi/9.3.1/../../../../arm-none-eabi/lib/thumb/v7e-m+fp/hard\libc_nano.a(lib_a-stdio.o)
                0x000000000803a3d6                __swrite
 .text.__sseek  0x000000000803a40e       0x24 c:/st/stm32cubeide_1.8.0/stm32cubeide/plugins/com.st.stm32cube.ide.mcu.externaltools.gnu-tools-for-stm32.9-2020-q2-update.win32_2.0.0.202105311346/tools/bin/../lib/gcc/arm-none-eabi/9.3.1/../../../../arm-none-eabi/lib/thumb/v7e-m+fp/hard\libc_nano.a(lib_a-stdio.o)
                0x000000000803a40e                __sseek
 .text.__sclose
                0x000000000803a432        0x8 c:/st/stm32cubeide_1.8.0/stm32cubeide/plugins/com.st.stm32cube.ide.mcu.externaltools.gnu-tools-for-stm32.9-2020-q2-update.win32_2.0.0.202105311346/tools/bin/../lib/gcc/arm-none-eabi/9.3.1/../../../../arm-none-eabi/lib/thumb/v7e-m+fp/hard\libc_nano.a(lib_a-stdio.o)
                0x000000000803a432                __sclose
 .text.strncmp  0x000000000803a43a       0x24 c:/st/stm32cubeide_1.8.0/stm32cubeide/plugins/com.st.stm32cube.ide.mcu.externaltools.gnu-tools-for-stm32.9-2020-q2-update.win32_2.0.0.202105311346/tools/bin/../lib/gcc/arm-none-eabi/9.3.1/../../../../arm-none-eabi/lib/thumb/v7e-m+fp/hard\libc_nano.a(lib_a-strncmp.o)
                0x000000000803a43a                strncmp
 .text.sulp     0x000000000803a45e       0x38 c:/st/stm32cubeide_1.8.0/stm32cubeide/plugins/com.st.stm32cube.ide.mcu.externaltools.gnu-tools-for-stm32.9-2020-q2-update.win32_2.0.0.202105311346/tools/bin/../lib/gcc/arm-none-eabi/9.3.1/../../../../arm-none-eabi/lib/thumb/v7e-m+fp/hard\libc_nano.a(lib_a-strtod.o)
 *fill*         0x000000000803a496        0x2 
 .text._strtod_l
                0x000000000803a498      0xc14 c:/st/stm32cubeide_1.8.0/stm32cubeide/plugins/com.st.stm32cube.ide.mcu.externaltools.gnu-tools-for-stm32.9-2020-q2-update.win32_2.0.0.202105311346/tools/bin/../lib/gcc/arm-none-eabi/9.3.1/../../../../arm-none-eabi/lib/thumb/v7e-m+fp/hard\libc_nano.a(lib_a-strtod.o)
                0x000000000803a498                _strtod_l
 .text._strtod_r
                0x000000000803b0ac        0xc c:/st/stm32cubeide_1.8.0/stm32cubeide/plugins/com.st.stm32cube.ide.mcu.externaltools.gnu-tools-for-stm32.9-2020-q2-update.win32_2.0.0.202105311346/tools/bin/../lib/gcc/arm-none-eabi/9.3.1/../../../../arm-none-eabi/lib/thumb/v7e-m+fp/hard\libc_nano.a(lib_a-strtod.o)
                0x000000000803b0ac                _strtod_r
 .text._strtol_l.isra.0
                0x000000000803b0b8      0x108 c:/st/stm32cubeide_1.8.0/stm32cubeide/plugins/com.st.stm32cube.ide.mcu.externaltools.gnu-tools-for-stm32.9-2020-q2-update.win32_2.0.0.202105311346/tools/bin/../lib/gcc/arm-none-eabi/9.3.1/../../../../arm-none-eabi/lib/thumb/v7e-m+fp/hard\libc_nano.a(lib_a-strtol.o)
 .text._strtol_r
                0x000000000803b1c0        0x4 c:/st/stm32cubeide_1.8.0/stm32cubeide/plugins/com.st.stm32cube.ide.mcu.externaltools.gnu-tools-for-stm32.9-2020-q2-update.win32_2.0.0.202105311346/tools/bin/../lib/gcc/arm-none-eabi/9.3.1/../../../../arm-none-eabi/lib/thumb/v7e-m+fp/hard\libc_nano.a(lib_a-strtol.o)
                0x000000000803b1c0                _strtol_r
 .text._write_r
                0x000000000803b1c4       0x24 c:/st/stm32cubeide_1.8.0/stm32cubeide/plugins/com.st.stm32cube.ide.mcu.externaltools.gnu-tools-for-stm32.9-2020-q2-update.win32_2.0.0.202105311346/tools/bin/../lib/gcc/arm-none-eabi/9.3.1/../../../../arm-none-eabi/lib/thumb/v7e-m+fp/hard\libc_nano.a(lib_a-writer.o)
                0x000000000803b1c4                _write_r
 .text._close_r
                0x000000000803b1e8       0x20 c:/st/stm32cubeide_1.8.0/stm32cubeide/plugins/com.st.stm32cube.ide.mcu.externaltools.gnu-tools-for-stm32.9-2020-q2-update.win32_2.0.0.202105311346/tools/bin/../lib/gcc/arm-none-eabi/9.3.1/../../../../arm-none-eabi/lib/thumb/v7e-m+fp/hard\libc_nano.a(lib_a-closer.o)
                0x000000000803b1e8                _close_r
 .text.quorem   0x000000000803b208      0x116 c:/st/stm32cubeide_1.8.0/stm32cubeide/plugins/com.st.stm32cube.ide.mcu.externaltools.gnu-tools-for-stm32.9-2020-q2-update.win32_2.0.0.202105311346/tools/bin/../lib/gcc/arm-none-eabi/9.3.1/../../../../arm-none-eabi/lib/thumb/v7e-m+fp/hard\libc_nano.a(lib_a-dtoa.o)
 *fill*         0x000000000803b31e        0x2 
 .text._dtoa_r  0x000000000803b320      0xbd8 c:/st/stm32cubeide_1.8.0/stm32cubeide/plugins/com.st.stm32cube.ide.mcu.externaltools.gnu-tools-for-stm32.9-2020-q2-update.win32_2.0.0.202105311346/tools/bin/../lib/gcc/arm-none-eabi/9.3.1/../../../../arm-none-eabi/lib/thumb/v7e-m+fp/hard\libc_nano.a(lib_a-dtoa.o)
                0x000000000803b320                _dtoa_r
 .text._fstat_r
                0x000000000803bef8       0x24 c:/st/stm32cubeide_1.8.0/stm32cubeide/plugins/com.st.stm32cube.ide.mcu.externaltools.gnu-tools-for-stm32.9-2020-q2-update.win32_2.0.0.202105311346/tools/bin/../lib/gcc/arm-none-eabi/9.3.1/../../../../arm-none-eabi/lib/thumb/v7e-m+fp/hard\libc_nano.a(lib_a-fstatr.o)
                0x000000000803bef8                _fstat_r
 .text.rshift   0x000000000803bf1c       0xa4 c:/st/stm32cubeide_1.8.0/stm32cubeide/plugins/com.st.stm32cube.ide.mcu.externaltools.gnu-tools-for-stm32.9-2020-q2-update.win32_2.0.0.202105311346/tools/bin/../lib/gcc/arm-none-eabi/9.3.1/../../../../arm-none-eabi/lib/thumb/v7e-m+fp/hard\libc_nano.a(lib_a-gdtoa-gethex.o)
 .text.__hexdig_fun
                0x000000000803bfc0       0x2a c:/st/stm32cubeide_1.8.0/stm32cubeide/plugins/com.st.stm32cube.ide.mcu.externaltools.gnu-tools-for-stm32.9-2020-q2-update.win32_2.0.0.202105311346/tools/bin/../lib/gcc/arm-none-eabi/9.3.1/../../../../arm-none-eabi/lib/thumb/v7e-m+fp/hard\libc_nano.a(lib_a-gdtoa-gethex.o)
                0x000000000803bfc0                __hexdig_fun
 *fill*         0x000000000803bfea        0x2 
 .text.__gethex
                0x000000000803bfec      0x48c c:/st/stm32cubeide_1.8.0/stm32cubeide/plugins/com.st.stm32cube.ide.mcu.externaltools.gnu-tools-for-stm32.9-2020-q2-update.win32_2.0.0.202105311346/tools/bin/../lib/gcc/arm-none-eabi/9.3.1/../../../../arm-none-eabi/lib/thumb/v7e-m+fp/hard\libc_nano.a(lib_a-gdtoa-gethex.o)
                0x000000000803bfec                __gethex
 .text.L_shift  0x000000000803c478       0x24 c:/st/stm32cubeide_1.8.0/stm32cubeide/plugins/com.st.stm32cube.ide.mcu.externaltools.gnu-tools-for-stm32.9-2020-q2-update.win32_2.0.0.202105311346/tools/bin/../lib/gcc/arm-none-eabi/9.3.1/../../../../arm-none-eabi/lib/thumb/v7e-m+fp/hard\libc_nano.a(lib_a-gdtoa-hexnan.o)
 .text.__match  0x000000000803c49c       0x28 c:/st/stm32cubeide_1.8.0/stm32cubeide/plugins/com.st.stm32cube.ide.mcu.externaltools.gnu-tools-for-stm32.9-2020-q2-update.win32_2.0.0.202105311346/tools/bin/../lib/gcc/arm-none-eabi/9.3.1/../../../../arm-none-eabi/lib/thumb/v7e-m+fp/hard\libc_nano.a(lib_a-gdtoa-hexnan.o)
                0x000000000803c49c                __match
 .text.__hexnan
                0x000000000803c4c4      0x138 c:/st/stm32cubeide_1.8.0/stm32cubeide/plugins/com.st.stm32cube.ide.mcu.externaltools.gnu-tools-for-stm32.9-2020-q2-update.win32_2.0.0.202105311346/tools/bin/../lib/gcc/arm-none-eabi/9.3.1/../../../../arm-none-eabi/lib/thumb/v7e-m+fp/hard\libc_nano.a(lib_a-gdtoa-hexnan.o)
                0x000000000803c4c4                __hexnan
 .text._isatty_r
                0x000000000803c5fc       0x20 c:/st/stm32cubeide_1.8.0/stm32cubeide/plugins/com.st.stm32cube.ide.mcu.externaltools.gnu-tools-for-stm32.9-2020-q2-update.win32_2.0.0.202105311346/tools/bin/../lib/gcc/arm-none-eabi/9.3.1/../../../../arm-none-eabi/lib/thumb/v7e-m+fp/hard\libc_nano.a(lib_a-isattyr.o)
                0x000000000803c5fc                _isatty_r
 .text._localeconv_r
                0x000000000803c61c        0x8 c:/st/stm32cubeide_1.8.0/stm32cubeide/plugins/com.st.stm32cube.ide.mcu.externaltools.gnu-tools-for-stm32.9-2020-q2-update.win32_2.0.0.202105311346/tools/bin/../lib/gcc/arm-none-eabi/9.3.1/../../../../arm-none-eabi/lib/thumb/v7e-m+fp/hard\libc_nano.a(lib_a-localeconv.o)
                0x000000000803c61c                _localeconv_r
 .text._lseek_r
                0x000000000803c624       0x24 c:/st/stm32cubeide_1.8.0/stm32cubeide/plugins/com.st.stm32cube.ide.mcu.externaltools.gnu-tools-for-stm32.9-2020-q2-update.win32_2.0.0.202105311346/tools/bin/../lib/gcc/arm-none-eabi/9.3.1/../../../../arm-none-eabi/lib/thumb/v7e-m+fp/hard\libc_nano.a(lib_a-lseekr.o)
                0x000000000803c624                _lseek_r
 .text.malloc   0x000000000803c648       0x10 c:/st/stm32cubeide_1.8.0/stm32cubeide/plugins/com.st.stm32cube.ide.mcu.externaltools.gnu-tools-for-stm32.9-2020-q2-update.win32_2.0.0.202105311346/tools/bin/../lib/gcc/arm-none-eabi/9.3.1/../../../../arm-none-eabi/lib/thumb/v7e-m+fp/hard\libc_nano.a(lib_a-malloc.o)
                0x000000000803c648                malloc
 .text.__ascii_mbtowc
                0x000000000803c658       0x24 c:/st/stm32cubeide_1.8.0/stm32cubeide/plugins/com.st.stm32cube.ide.mcu.externaltools.gnu-tools-for-stm32.9-2020-q2-update.win32_2.0.0.202105311346/tools/bin/../lib/gcc/arm-none-eabi/9.3.1/../../../../arm-none-eabi/lib/thumb/v7e-m+fp/hard\libc_nano.a(lib_a-mbtowc_r.o)
                0x000000000803c658                __ascii_mbtowc
 .text.__malloc_lock
                0x000000000803c67c        0xc c:/st/stm32cubeide_1.8.0/stm32cubeide/plugins/com.st.stm32cube.ide.mcu.externaltools.gnu-tools-for-stm32.9-2020-q2-update.win32_2.0.0.202105311346/tools/bin/../lib/gcc/arm-none-eabi/9.3.1/../../../../arm-none-eabi/lib/thumb/v7e-m+fp/hard\libc_nano.a(lib_a-mlock.o)
                0x000000000803c67c                __malloc_lock
 .text.__malloc_unlock
                0x000000000803c688        0xc c:/st/stm32cubeide_1.8.0/stm32cubeide/plugins/com.st.stm32cube.ide.mcu.externaltools.gnu-tools-for-stm32.9-2020-q2-update.win32_2.0.0.202105311346/tools/bin/../lib/gcc/arm-none-eabi/9.3.1/../../../../arm-none-eabi/lib/thumb/v7e-m+fp/hard\libc_nano.a(lib_a-mlock.o)
                0x000000000803c688                __malloc_unlock
 .text._Balloc  0x000000000803c694       0x80 c:/st/stm32cubeide_1.8.0/stm32cubeide/plugins/com.st.stm32cube.ide.mcu.externaltools.gnu-tools-for-stm32.9-2020-q2-update.win32_2.0.0.202105311346/tools/bin/../lib/gcc/arm-none-eabi/9.3.1/../../../../arm-none-eabi/lib/thumb/v7e-m+fp/hard\libc_nano.a(lib_a-mprec.o)
                0x000000000803c694                _Balloc
 .text._Bfree   0x000000000803c714       0x44 c:/st/stm32cubeide_1.8.0/stm32cubeide/plugins/com.st.stm32cube.ide.mcu.externaltools.gnu-tools-for-stm32.9-2020-q2-update.win32_2.0.0.202105311346/tools/bin/../lib/gcc/arm-none-eabi/9.3.1/../../../../arm-none-eabi/lib/thumb/v7e-m+fp/hard\libc_nano.a(lib_a-mprec.o)
                0x000000000803c714                _Bfree
 .text.__multadd
                0x000000000803c758       0x94 c:/st/stm32cubeide_1.8.0/stm32cubeide/plugins/com.st.stm32cube.ide.mcu.externaltools.gnu-tools-for-stm32.9-2020-q2-update.win32_2.0.0.202105311346/tools/bin/../lib/gcc/arm-none-eabi/9.3.1/../../../../arm-none-eabi/lib/thumb/v7e-m+fp/hard\libc_nano.a(lib_a-mprec.o)
                0x000000000803c758                __multadd
 .text.__s2b    0x000000000803c7ec       0x94 c:/st/stm32cubeide_1.8.0/stm32cubeide/plugins/com.st.stm32cube.ide.mcu.externaltools.gnu-tools-for-stm32.9-2020-q2-update.win32_2.0.0.202105311346/tools/bin/../lib/gcc/arm-none-eabi/9.3.1/../../../../arm-none-eabi/lib/thumb/v7e-m+fp/hard\libc_nano.a(lib_a-mprec.o)
                0x000000000803c7ec                __s2b
 .text.__hi0bits
                0x000000000803c880       0x40 c:/st/stm32cubeide_1.8.0/stm32cubeide/plugins/com.st.stm32cube.ide.mcu.externaltools.gnu-tools-for-stm32.9-2020-q2-update.win32_2.0.0.202105311346/tools/bin/../lib/gcc/arm-none-eabi/9.3.1/../../../../arm-none-eabi/lib/thumb/v7e-m+fp/hard\libc_nano.a(lib_a-mprec.o)
                0x000000000803c880                __hi0bits
 .text.__lo0bits
                0x000000000803c8c0       0x60 c:/st/stm32cubeide_1.8.0/stm32cubeide/plugins/com.st.stm32cube.ide.mcu.externaltools.gnu-tools-for-stm32.9-2020-q2-update.win32_2.0.0.202105311346/tools/bin/../lib/gcc/arm-none-eabi/9.3.1/../../../../arm-none-eabi/lib/thumb/v7e-m+fp/hard\libc_nano.a(lib_a-mprec.o)
                0x000000000803c8c0                __lo0bits
 .text.__i2b    0x000000000803c920       0x2c c:/st/stm32cubeide_1.8.0/stm32cubeide/plugins/com.st.stm32cube.ide.mcu.externaltools.gnu-tools-for-stm32.9-2020-q2-update.win32_2.0.0.202105311346/tools/bin/../lib/gcc/arm-none-eabi/9.3.1/../../../../arm-none-eabi/lib/thumb/v7e-m+fp/hard\libc_nano.a(lib_a-mprec.o)
                0x000000000803c920                __i2b
 .text.__multiply
                0x000000000803c94c      0x14c c:/st/stm32cubeide_1.8.0/stm32cubeide/plugins/com.st.stm32cube.ide.mcu.externaltools.gnu-tools-for-stm32.9-2020-q2-update.win32_2.0.0.202105311346/tools/bin/../lib/gcc/arm-none-eabi/9.3.1/../../../../arm-none-eabi/lib/thumb/v7e-m+fp/hard\libc_nano.a(lib_a-mprec.o)
                0x000000000803c94c                __multiply
 .text.__pow5mult
                0x000000000803ca98       0xb4 c:/st/stm32cubeide_1.8.0/stm32cubeide/plugins/com.st.stm32cube.ide.mcu.externaltools.gnu-tools-for-stm32.9-2020-q2-update.win32_2.0.0.202105311346/tools/bin/../lib/gcc/arm-none-eabi/9.3.1/../../../../arm-none-eabi/lib/thumb/v7e-m+fp/hard\libc_nano.a(lib_a-mprec.o)
                0x000000000803ca98                __pow5mult
 .text.__lshift
                0x000000000803cb4c       0xd8 c:/st/stm32cubeide_1.8.0/stm32cubeide/plugins/com.st.stm32cube.ide.mcu.externaltools.gnu-tools-for-stm32.9-2020-q2-update.win32_2.0.0.202105311346/tools/bin/../lib/gcc/arm-none-eabi/9.3.1/../../../../arm-none-eabi/lib/thumb/v7e-m+fp/hard\libc_nano.a(lib_a-mprec.o)
                0x000000000803cb4c                __lshift
 .text.__mcmp   0x000000000803cc24       0x38 c:/st/stm32cubeide_1.8.0/stm32cubeide/plugins/com.st.stm32cube.ide.mcu.externaltools.gnu-tools-for-stm32.9-2020-q2-update.win32_2.0.0.202105311346/tools/bin/../lib/gcc/arm-none-eabi/9.3.1/../../../../arm-none-eabi/lib/thumb/v7e-m+fp/hard\libc_nano.a(lib_a-mprec.o)
                0x000000000803cc24                __mcmp
 .text.__mdiff  0x000000000803cc5c      0x110 c:/st/stm32cubeide_1.8.0/stm32cubeide/plugins/com.st.stm32cube.ide.mcu.externaltools.gnu-tools-for-stm32.9-2020-q2-update.win32_2.0.0.202105311346/tools/bin/../lib/gcc/arm-none-eabi/9.3.1/../../../../arm-none-eabi/lib/thumb/v7e-m+fp/hard\libc_nano.a(lib_a-mprec.o)
                0x000000000803cc5c                __mdiff
 .text.__ulp    0x000000000803cd6c       0x58 c:/st/stm32cubeide_1.8.0/stm32cubeide/plugins/com.st.stm32cube.ide.mcu.externaltools.gnu-tools-for-stm32.9-2020-q2-update.win32_2.0.0.202105311346/tools/bin/../lib/gcc/arm-none-eabi/9.3.1/../../../../arm-none-eabi/lib/thumb/v7e-m+fp/hard\libc_nano.a(lib_a-mprec.o)
                0x000000000803cd6c                __ulp
 .text.__b2d    0x000000000803cdc4       0xa0 c:/st/stm32cubeide_1.8.0/stm32cubeide/plugins/com.st.stm32cube.ide.mcu.externaltools.gnu-tools-for-stm32.9-2020-q2-update.win32_2.0.0.202105311346/tools/bin/../lib/gcc/arm-none-eabi/9.3.1/../../../../arm-none-eabi/lib/thumb/v7e-m+fp/hard\libc_nano.a(lib_a-mprec.o)
                0x000000000803cdc4                __b2d
 .text.__d2b    0x000000000803ce64       0xb8 c:/st/stm32cubeide_1.8.0/stm32cubeide/plugins/com.st.stm32cube.ide.mcu.externaltools.gnu-tools-for-stm32.9-2020-q2-update.win32_2.0.0.202105311346/tools/bin/../lib/gcc/arm-none-eabi/9.3.1/../../../../arm-none-eabi/lib/thumb/v7e-m+fp/hard\libc_nano.a(lib_a-mprec.o)
                0x000000000803ce64                __d2b
 .text.__ratio  0x000000000803cf1c       0x66 c:/st/stm32cubeide_1.8.0/stm32cubeide/plugins/com.st.stm32cube.ide.mcu.externaltools.gnu-tools-for-stm32.9-2020-q2-update.win32_2.0.0.202105311346/tools/bin/../lib/gcc/arm-none-eabi/9.3.1/../../../../arm-none-eabi/lib/thumb/v7e-m+fp/hard\libc_nano.a(lib_a-mprec.o)
                0x000000000803cf1c                __ratio
 .text.__copybits
                0x000000000803cf82       0x46 c:/st/stm32cubeide_1.8.0/stm32cubeide/plugins/com.st.stm32cube.ide.mcu.externaltools.gnu-tools-for-stm32.9-2020-q2-update.win32_2.0.0.202105311346/tools/bin/../lib/gcc/arm-none-eabi/9.3.1/../../../../arm-none-eabi/lib/thumb/v7e-m+fp/hard\libc_nano.a(lib_a-mprec.o)
                0x000000000803cf82                __copybits
 .text.__any_on
                0x000000000803cfc8       0x42 c:/st/stm32cubeide_1.8.0/stm32cubeide/plugins/com.st.stm32cube.ide.mcu.externaltools.gnu-tools-for-stm32.9-2020-q2-update.win32_2.0.0.202105311346/tools/bin/../lib/gcc/arm-none-eabi/9.3.1/../../../../arm-none-eabi/lib/thumb/v7e-m+fp/hard\libc_nano.a(lib_a-mprec.o)
                0x000000000803cfc8                __any_on
 .text._calloc_r
                0x000000000803d00a       0x1e c:/st/stm32cubeide_1.8.0/stm32cubeide/plugins/com.st.stm32cube.ide.mcu.externaltools.gnu-tools-for-stm32.9-2020-q2-update.win32_2.0.0.202105311346/tools/bin/../lib/gcc/arm-none-eabi/9.3.1/../../../../arm-none-eabi/lib/thumb/v7e-m+fp/hard\libc_nano.a(lib_a-nano-callocr.o)
                0x000000000803d00a                _calloc_r
 .text.__ssputs_r
                0x000000000803d028       0xb6 c:/st/stm32cubeide_1.8.0/stm32cubeide/plugins/com.st.stm32cube.ide.mcu.externaltools.gnu-tools-for-stm32.9-2020-q2-update.win32_2.0.0.202105311346/tools/bin/../lib/gcc/arm-none-eabi/9.3.1/../../../../arm-none-eabi/lib/thumb/v7e-m+fp/hard\libc_nano.a(lib_a-nano-svfprintf.o)
                0x000000000803d028                __ssputs_r
 *fill*         0x000000000803d0de        0x2 
 .text._svfprintf_r
                0x000000000803d0e0      0x200 c:/st/stm32cubeide_1.8.0/stm32cubeide/plugins/com.st.stm32cube.ide.mcu.externaltools.gnu-tools-for-stm32.9-2020-q2-update.win32_2.0.0.202105311346/tools/bin/../lib/gcc/arm-none-eabi/9.3.1/../../../../arm-none-eabi/lib/thumb/v7e-m+fp/hard\libc_nano.a(lib_a-nano-svfprintf.o)
                0x000000000803d0e0                _svfiprintf_r
                0x000000000803d0e0                _svfprintf_r
 .text._read_r  0x000000000803d2e0       0x24 c:/st/stm32cubeide_1.8.0/stm32cubeide/plugins/com.st.stm32cube.ide.mcu.externaltools.gnu-tools-for-stm32.9-2020-q2-update.win32_2.0.0.202105311346/tools/bin/../lib/gcc/arm-none-eabi/9.3.1/../../../../arm-none-eabi/lib/thumb/v7e-m+fp/hard\libc_nano.a(lib_a-readr.o)
                0x000000000803d2e0                _read_r
 *fill*         0x000000000803d304        0x4 
 .text.nan      0x000000000803d308       0x10 c:/st/stm32cubeide_1.8.0/stm32cubeide/plugins/com.st.stm32cube.ide.mcu.externaltools.gnu-tools-for-stm32.9-2020-q2-update.win32_2.0.0.202105311346/tools/bin/../lib/gcc/arm-none-eabi/9.3.1/../../../../arm-none-eabi/lib/thumb/v7e-m+fp/hard\libc_nano.a(lib_a-s_nan.o)
                0x000000000803d308                nan
 .text.__ascii_wctomb
                0x000000000803d318       0x1a c:/st/stm32cubeide_1.8.0/stm32cubeide/plugins/com.st.stm32cube.ide.mcu.externaltools.gnu-tools-for-stm32.9-2020-q2-update.win32_2.0.0.202105311346/tools/bin/../lib/gcc/arm-none-eabi/9.3.1/../../../../arm-none-eabi/lib/thumb/v7e-m+fp/hard\libc_nano.a(lib_a-wctomb_r.o)
                0x000000000803d318                __ascii_wctomb
 *fill*         0x000000000803d332        0x2 
 .text.__assert_func
                0x000000000803d334       0x3c c:/st/stm32cubeide_1.8.0/stm32cubeide/plugins/com.st.stm32cube.ide.mcu.externaltools.gnu-tools-for-stm32.9-2020-q2-update.win32_2.0.0.202105311346/tools/bin/../lib/gcc/arm-none-eabi/9.3.1/../../../../arm-none-eabi/lib/thumb/v7e-m+fp/hard\libc_nano.a(lib_a-assert.o)
                0x000000000803d334                __assert_func
 .text.fprintf  0x000000000803d370       0x24 c:/st/stm32cubeide_1.8.0/stm32cubeide/plugins/com.st.stm32cube.ide.mcu.externaltools.gnu-tools-for-stm32.9-2020-q2-update.win32_2.0.0.202105311346/tools/bin/../lib/gcc/arm-none-eabi/9.3.1/../../../../arm-none-eabi/lib/thumb/v7e-m+fp/hard\libc_nano.a(lib_a-fprintf.o)
                0x000000000803d370                fiprintf
                0x000000000803d370                fprintf