Frame.c:3:19:sd_init	8	static
Frame.c:8:9:sd_mount	16	static
Frame.c:12:9:sd_open	24	static
Frame.c:16:6:sd_write	32	static
Frame.c:22:10:sd_read	32	static
Frame.c:28:6:sd_close	16	static
Frame.c:32:6:Frame_SendResponseFrame	32	static
Frame.c:52:15:Frame_ReadStartFrame	24	static
Frame.c:68:15:Frame_ReadStopFrame	24	static
Frame.c:84:15:Frame_ReadHeaderFrame	32	static
Frame.c:108:15:Frame_ReadDataFrame	32	static
Frame.c:146:15:Frame_STM32OTA	1048	static
Frame.c:199:15:Frame_InitFlash	48	static
Frame.c:234:15:Frame_WriteFlashToSlot	24	static
Frame.c:252:9:Frame_ConvertCharToUint8	24	static
Frame.c:285:15:Frame_WriteCfg	48	static
Frame.c:321:15:Frame_ReadCfg	32	static
Frame.c:341:15:Frame_LoadFlash	32	static
Frame.c:369:19:ota_and_write_to_sd_card	1064	static
Frame.c:434:6:store_into_flash	32	static
Frame.c:443:6:test	1048	static
Frame.c:464:10:read_file_and_store_into_flash	2104	static
Frame.c:514:19:tree_hash_on_file	2128	dynamic
Frame.c:553:6:read_chunk_data_in_flash	32	static
Frame.c:560:19:tree_hash_on_flash	2128	dynamic
