main.c:79:6:Update_Signature	24	static
main.c:85:6:Update_Publickey	24	static
main.c:91:6:Update_HashValue	24	static
main.c:97:6:Update_BootloaderCert	24	static
main.c:103:6:Update_Application1Cert	24	static
main.c:109:6:Update_Application2Cert	24	static
main.c:117:13:goto_application	24	static
main.c:138:6:HAL_UART_RxCpltCallback	16	static
main.c:182:5:main	1432	static
main.c:552:6:SystemClock_Config	88	static
main.c:597:13:MX_SDIO_SD_Init	4	static
main.c:625:13:MX_SPI2_Init	8	static
main.c:663:13:MX_TIM1_Init	32	static
main.c:709:13:MX_USART2_UART_Init	8	static
main.c:742:13:MX_USART6_UART_Init	8	static
main.c:775:13:MX_GPIO_Init	56	static
main.c:848:6:Error_Handler	4	static,ignoring_inline_asm
